ARM Linker, 4.1 [Build 894] [Standard]

==============================================================================

Section Cross References

    system_stm32f4xx.o(i.SystemCoreClockUpdate) refers to system_stm32f4xx.o(.data) for .data
    system_stm32f4xx.o(i.SystemInit) refers to system_stm32f4xx.o(i.SetSysClock) for SetSysClock
    main.o(i.Delay) refers to main.o(.data) for .data
    main.o(i.Demo_Exec) refers to stm32f4_discovery.o(i.STM_EVAL_LEDInit) for STM_EVAL_LEDInit
    main.o(i.Demo_Exec) refers to stm32f4xx_rcc.o(i.RCC_GetClocksFreq) for RCC_GetClocksFreq
    main.o(i.Demo_Exec) refers to main.o(i.SysTick_Config) for SysTick_Config
    main.o(i.Demo_Exec) refers to stm32f4_discovery.o(i.STM_EVAL_LEDOff) for STM_EVAL_LEDOff
    main.o(i.Demo_Exec) refers to stm32f4_discovery.o(i.STM_EVAL_LEDToggle) for STM_EVAL_LEDToggle
    main.o(i.Demo_Exec) refers to main.o(i.Delay) for Delay
    main.o(i.Demo_Exec) refers to stm32f4_discovery.o(i.STM_EVAL_PBGetState) for STM_EVAL_PBGetState
    main.o(i.Demo_Exec) refers to main.o(i.TIM4_Config) for TIM4_Config
    main.o(i.Demo_Exec) refers to stm32f4xx_tim.o(i.TIM_CCxCmd) for TIM_CCxCmd
    main.o(i.Demo_Exec) refers to stm32f4_discovery_lis302dl.o(i.LIS302DL_Init) for LIS302DL_Init
    main.o(i.Demo_Exec) refers to stm32f4_discovery_lis302dl.o(i.LIS302DL_FilterConfig) for LIS302DL_FilterConfig
    main.o(i.Demo_Exec) refers to stm32f4_discovery_lis302dl.o(i.LIS302DL_Read) for LIS302DL_Read
    main.o(i.Demo_Exec) refers to usbd_core.o(i.USBD_Init) for USBD_Init
    main.o(i.Demo_Exec) refers to stm32f4xx_spi.o(i.SPI_Cmd) for SPI_Cmd
    main.o(i.Demo_Exec) refers to usb_dcd.o(i.DCD_DevDisconnect) for DCD_DevDisconnect
    main.o(i.Demo_Exec) refers to usb_core.o(i.USB_OTG_StopDevice) for USB_OTG_StopDevice
    main.o(i.Demo_Exec) refers to main.o(.data) for .data
    main.o(i.Demo_Exec) refers to usbd_usr.o(.data) for USR_cb
    main.o(i.Demo_Exec) refers to usbd_hid_core.o(.data) for USBD_HID_cb
    main.o(i.Demo_Exec) refers to usbd_desc.o(.data) for USR_desc
    main.o(i.Demo_Exec) refers to main.o(.bss) for .bss
    main.o(i.Fail_Handler) refers to stm32f4xx_flash.o(i.FLASH_EraseSector) for FLASH_EraseSector
    main.o(i.Fail_Handler) refers to stm32f4xx_flash.o(i.FLASH_ProgramWord) for FLASH_ProgramWord
    main.o(i.Fail_Handler) refers to stm32f4_discovery.o(i.STM_EVAL_LEDToggle) for STM_EVAL_LEDToggle
    main.o(i.Fail_Handler) refers to main.o(i.Delay) for Delay
    main.o(i.LIS302DL_TIMEOUT_UserCallback) refers to main.o(i.Fail_Handler) for Fail_Handler
    main.o(i.LIS302DL_TIMEOUT_UserCallback) refers to main.o(.data) for .data
    main.o(i.TIM4_Config) refers to stm32f4xx_rcc.o(i.RCC_APB1PeriphClockCmd) for RCC_APB1PeriphClockCmd
    main.o(i.TIM4_Config) refers to stm32f4xx_rcc.o(i.RCC_AHB1PeriphClockCmd) for RCC_AHB1PeriphClockCmd
    main.o(i.TIM4_Config) refers to stm32f4xx_gpio.o(i.GPIO_Init) for GPIO_Init
    main.o(i.TIM4_Config) refers to stm32f4xx_gpio.o(i.GPIO_PinAFConfig) for GPIO_PinAFConfig
    main.o(i.TIM4_Config) refers to stm32f4xx_tim.o(i.TIM_TimeBaseInit) for TIM_TimeBaseInit
    main.o(i.TIM4_Config) refers to stm32f4xx_tim.o(i.TIM_ARRPreloadConfig) for TIM_ARRPreloadConfig
    main.o(i.TIM4_Config) refers to stm32f4xx_tim.o(i.TIM_OC1Init) for TIM_OC1Init
    main.o(i.TIM4_Config) refers to stm32f4xx_tim.o(i.TIM_CCxCmd) for TIM_CCxCmd
    main.o(i.TIM4_Config) refers to stm32f4xx_tim.o(i.TIM_OC1PreloadConfig) for TIM_OC1PreloadConfig
    main.o(i.TIM4_Config) refers to stm32f4xx_tim.o(i.TIM_OC2Init) for TIM_OC2Init
    main.o(i.TIM4_Config) refers to stm32f4xx_tim.o(i.TIM_OC2PreloadConfig) for TIM_OC2PreloadConfig
    main.o(i.TIM4_Config) refers to stm32f4xx_tim.o(i.TIM_OC3Init) for TIM_OC3Init
    main.o(i.TIM4_Config) refers to stm32f4xx_tim.o(i.TIM_OC3PreloadConfig) for TIM_OC3PreloadConfig
    main.o(i.TIM4_Config) refers to stm32f4xx_tim.o(i.TIM_OC4Init) for TIM_OC4Init
    main.o(i.TIM4_Config) refers to stm32f4xx_tim.o(i.TIM_OC4PreloadConfig) for TIM_OC4PreloadConfig
    main.o(i.TIM4_Config) refers to stm32f4xx_tim.o(i.TIM_Cmd) for TIM_Cmd
    main.o(i.TIM4_Config) refers to system_stm32f4xx.o(.data) for SystemCoreClock
    main.o(i.TIM4_Config) refers to main.o(.data) for .data
    main.o(i.TimingDelay_Decrement) refers to main.o(.data) for .data
    main.o(i.main) refers to stm32f4_discovery.o(i.STM_EVAL_PBInit) for STM_EVAL_PBInit
    main.o(i.main) refers to stm32f4_discovery.o(i.STM_EVAL_LEDInit) for STM_EVAL_LEDInit
    main.o(i.main) refers to stm32f4xx_rcc.o(i.RCC_GetClocksFreq) for RCC_GetClocksFreq
    main.o(i.main) refers to main.o(i.SysTick_Config) for SysTick_Config
    main.o(i.main) refers to stm32f4_discovery.o(i.STM_EVAL_PBGetState) for STM_EVAL_PBGetState
    main.o(i.main) refers to stm32f4_discovery.o(i.STM_EVAL_LEDOn) for STM_EVAL_LEDOn
    main.o(i.main) refers to main.o(i.Demo_Exec) for Demo_Exec
[...]
    i.I2C_Init                               0x08001c44   Section        0  stm32f4xx_i2c.o(i.I2C_Init)
    i.I2C_ReceiveData                        0x08001cf8   Section        0  stm32f4xx_i2c.o(i.I2C_ReceiveData)
    i.I2C_Send7bitAddress                    0x08001cfe   Section        0  stm32f4xx_i2c.o(i.I2C_Send7bitAddress)
    i.I2C_SendData                           0x08001d0e   Section        0  stm32f4xx_i2c.o(i.I2C_SendData)
    i.I2S_Cmd                                0x08001d12   Section        0  stm32f4xx_spi.o(i.I2S_Cmd)
    i.I2S_Init                               0x08001d28   Section        0  stm32f4xx_spi.o(i.I2S_Init)
    i.LIS302DL_FilterConfig                  0x08001de8   Section        0  stm32f4_discovery_lis302dl.o(i.LIS302DL_FilterConfig)
    i.LIS302DL_Init                          0x08001e24   Section        0  stm32f4_discovery_lis302dl.o(i.LIS302DL_Init)
    i.LIS302DL_LowLevel_Init                 0x08001e54   Section        0  stm32f4_discovery_lis302dl.o(i.LIS302DL_LowLevel_Init)
    LIS302DL_LowLevel_Init                   0x08001e55   Thumb Code   276  stm32f4_discovery_lis302dl.o(i.LIS302DL_LowLevel_Init)
    i.LIS302DL_Read                          0x08001f74   Section        0  stm32f4_discovery_lis302dl.o(i.LIS302DL_Read)
    i.LIS302DL_SendByte                      0x08001fc0   Section        0  stm32f4_discovery_lis302dl.o(i.LIS302DL_SendByte)
    LIS302DL_SendByte                        0x08001fc1   Thumb Code    90  stm32f4_discovery_lis302dl.o(i.LIS302DL_SendByte)
    i.LIS302DL_TIMEOUT_UserCallback          0x08002024   Section        0  main.o(i.LIS302DL_TIMEOUT_UserCallback)
    i.LIS302DL_Write                         0x08002034   Section        0  stm32f4_discovery_lis302dl.o(i.LIS302DL_Write)
    i.MemManage_Handler                      0x08002078   Section        0  stm32f4xx_it.o(i.MemManage_Handler)
    i.Microphone_MEMS_Test                   0x0800207c   Section        0  selftest.o(i.Microphone_MEMS_Test)
    i.NMI_Handler                            0x08002168   Section        0  stm32f4xx_it.o(i.NMI_Handler)
    i.NVIC_Init                              0x0800216c   Section        0  misc.o(i.NVIC_Init)
    i.NVIC_PriorityGroupConfig               0x080021d0   Section        0  misc.o(i.NVIC_PriorityGroupConfig)
    i.OTG_FS_IRQHandler                      0x080021e4   Section        0  stm32f4xx_it.o(i.OTG_FS_IRQHandler)
    i.OTG_FS_WKUP_IRQHandler                 0x080021f0   Section        0  stm32f4xx_it.o(i.OTG_FS_WKUP_IRQHandler)
    i.PendSV_Handler                         0x08002220   Section        0  stm32f4xx_it.o(i.PendSV_Handler)
    i.RCC_AHB1PeriphClockCmd                 0x08002224   Section        0  stm32f4xx_rcc.o(i.RCC_AHB1PeriphClockCmd)
    i.RCC_AHB2PeriphClockCmd                 0x0800223c   Section        0  stm32f4xx_rcc.o(i.RCC_AHB2PeriphClockCmd)
    i.RCC_APB1PeriphClockCmd                 0x08002254   Section        0  stm32f4xx_rcc.o(i.RCC_APB1PeriphClockCmd)
    i.RCC_APB1PeriphResetCmd                 0x0800226c   Section        0  stm32f4xx_rcc.o(i.RCC_APB1PeriphResetCmd)
    i.RCC_APB2PeriphClockCmd                 0x08002284   Section        0  stm32f4xx_rcc.o(i.RCC_APB2PeriphClockCmd)
    i.RCC_APB2PeriphResetCmd                 0x0800229c   Section        0  stm32f4xx_rcc.o(i.RCC_APB2PeriphResetCmd)
    i.RCC_GetClocksFreq                      0x080022b4   Section        0  stm32f4xx_rcc.o(i.RCC_GetClocksFreq)
    i.SPI3_IRQHandler                        0x0800234c   Section        0  stm32f4_discovery_audio_codec.o(i.SPI3_IRQHandler)
    i.SPI_Cmd                                0x0800238c   Section        0  stm32f4xx_spi.o(i.SPI_Cmd)
    i.SPI_I2S_DMACmd                         0x080023a0   Section        0  stm32f4xx_spi.o(i.SPI_I2S_DMACmd)
    i.SPI_I2S_DeInit                         0x080023b0   Section        0  stm32f4xx_spi.o(i.SPI_I2S_DeInit)
    i.SPI_I2S_GetFlagStatus                  0x08002404   Section        0  stm32f4xx_spi.o(i.SPI_I2S_GetFlagStatus)
    i.SPI_I2S_ITConfig                       0x08002412   Section        0  stm32f4xx_spi.o(i.SPI_I2S_ITConfig)
    i.SPI_I2S_ReceiveData                    0x0800242a   Section        0  stm32f4xx_spi.o(i.SPI_I2S_ReceiveData)
    i.SPI_I2S_SendData                       0x0800242e   Section        0  stm32f4xx_spi.o(i.SPI_I2S_SendData)
    i.SPI_Init                               0x08002432   Section        0  stm32f4xx_spi.o(i.SPI_Init)
    i.STM_EVAL_LEDInit                       0x0800246c   Section        0  stm32f4_discovery.o(i.STM_EVAL_LEDInit)
    i.STM_EVAL_LEDOff                        0x080024b4   Section        0  stm32f4_discovery.o(i.STM_EVAL_LEDOff)
    i.STM_EVAL_LEDOn                         0x080024cc   Section        0  stm32f4_discovery.o(i.STM_EVAL_LEDOn)
    i.STM_EVAL_LEDToggle                     0x080024e4   Section        0  stm32f4_discovery.o(i.STM_EVAL_LEDToggle)
    i.STM_EVAL_PBGetState                    0x08002500   Section        0  stm32f4_discovery.o(i.STM_EVAL_PBGetState)
    i.STM_EVAL_PBInit                        0x08002518   Section        0  stm32f4_discovery.o(i.STM_EVAL_PBInit)
    i.SVC_Handler                            0x080025b0   Section        0  stm32f4xx_it.o(i.SVC_Handler)
    i.SYSCFG_EXTILineConfig                  0x080025b4   Section        0  stm32f4xx_syscfg.o(i.SYSCFG_EXTILineConfig)
    i.SetSysClock                            0x080025dc   Section        0  system_stm32f4xx.o(i.SetSysClock)
    SetSysClock                              0x080025dd   Thumb Code   168  system_stm32f4xx.o(i.SetSysClock)
    i.SysTick_Config                         0x0800269c   Section        0  main.o(i.SysTick_Config)
    SysTick_Config                           0x0800269d   Thumb Code    40  main.o(i.SysTick_Config)
    i.SysTick_Handler                        0x080026c8   Section        0  stm32f4xx_it.o(i.SysTick_Handler)
    i.SystemInit                             0x08002834   Section        0  system_stm32f4xx.o(i.SystemInit)
    i.TIM4_Config                            0x08002884   Section        0  main.o(i.TIM4_Config)
    TIM4_Config                              0x08002885   Thumb Code   290  main.o(i.TIM4_Config)
    i.TIM_ARRPreloadConfig                   0x080029b8   Section        0  stm32f4xx_tim.o(i.TIM_ARRPreloadConfig)
    i.TIM_CCxCmd                             0x080029cc   Section        0  stm32f4xx_tim.o(i.TIM_CCxCmd)
    i.TIM_Cmd                                0x080029e2   Section        0  stm32f4xx_tim.o(i.TIM_Cmd)
    i.TIM_OC1Init                            0x080029f8   Section        0  stm32f4xx_tim.o(i.TIM_OC1Init)
    i.TIM_OC1PreloadConfig                   0x08002a58   Section        0  stm32f4xx_tim.o(i.TIM_OC1PreloadConfig)
    i.TIM_OC2Init                            0x08002a64   Section        0  stm32f4xx_tim.o(i.TIM_OC2Init)
    i.TIM_OC2PreloadConfig                   0x08002ae0   Section        0  stm32f4xx_tim.o(i.TIM_OC2PreloadConfig)
    i.TIM_OC3Init                            0x08002af0   Section        0  stm32f4xx_tim.o(i.TIM_OC3Init)
    i.TIM_OC3PreloadConfig                   0x08002b68   Section        0  stm32f4xx_tim.o(i.TIM_OC3PreloadConfig)
    i.TIM_OC4Init                            0x08002b74   Section        0  stm32f4xx_tim.o(i.TIM_OC4Init)
    i.TIM_OC4PreloadConfig                   0x08002bd0   Section        0  stm32f4xx_tim.o(i.TIM_OC4PreloadConfig)
    i.TIM_SetAutoreload                      0x08002bde   Section        0  stm32f4xx_tim.o(i.TIM_SetAutoreload)
    i.TIM_SetCompare1                        0x08002be2   Section        0  stm32f4xx_tim.o(i.TIM_SetCompare1)
    i.TIM_SetCompare2                        0x08002be6   Section        0  stm32f4xx_tim.o(i.TIM_SetCompare2)
    i.TIM_SetCompare3                        0x08002bea   Section        0  stm32f4xx_tim.o(i.TIM_SetCompare3)
    i.TIM_SetCompare4                        0x08002bee   Section        0  stm32f4xx_tim.o(i.TIM_SetCompare4)
    i.TIM_TimeBaseInit                       0x08002bf4   Section        0  stm32f4xx_tim.o(i.TIM_TimeBaseInit)
    i.TimingDelay_Decrement                  0x08002c74   Section        0  main.o(i.TimingDelay_Decrement)
    i.USBD_ClrCfg                            0x08002c88   Section        0  usbd_core.o(i.USBD_ClrCfg)
    i.USBD_CtlContinueRx                     0x08002c96   Section        0  usbd_ioreq.o(i.USBD_CtlContinueRx)
    i.USBD_CtlContinueSendData               0x08002ca8   Section        0  usbd_ioreq.o(i.USBD_CtlContinueSendData)
    i.USBD_CtlError                          0x08002cba   Section        0  usbd_req.o(i.USBD_CtlError)
    i.USBD_CtlReceiveStatus                  0x08002cde   Section        0  usbd_ioreq.o(i.USBD_CtlReceiveStatus)
    i.USBD_CtlSendData                       0x08002d00   Section        0  usbd_ioreq.o(i.USBD_CtlSendData)
    i.USBD_CtlSendStatus                     0x08002d20   Section        0  usbd_ioreq.o(i.USBD_CtlSendStatus)
    i.USBD_DataInStage                       0x08002d42   Section        0  usbd_core.o(i.USBD_DataInStage)
    USBD_DataInStage                         0x08002d43   Thumb Code   150  usbd_core.o(i.USBD_DataInStage)
    i.USBD_DataOutStage                      0x08002dd8   Section        0  usbd_core.o(i.USBD_DataOutStage)
    USBD_DataOutStage                        0x08002dd9   Thumb Code   116  usbd_core.o(i.USBD_DataOutStage)
    i.USBD_GetDescriptor                     0x08002e4c   Section        0  usbd_req.o(i.USBD_GetDescriptor)
    USBD_GetDescriptor                       0x08002e4d   Thumb Code   206  usbd_req.o(i.USBD_GetDescriptor)
    i.USBD_GetString                         0x08002f1a   Section        0  usbd_req.o(i.USBD_GetString)
    i.USBD_HID_DataIn                        0x08002f64   Section        0  usbd_hid_core.o(i.USBD_HID_DataIn)
    USBD_HID_DataIn                          0x08002f65   Thumb Code    12  usbd_hid_core.o(i.USBD_HID_DataIn)
    i.USBD_HID_DeInit                        0x08002f70   Section        0  usbd_hid_core.o(i.USBD_HID_DeInit)
    USBD_HID_DeInit                          0x08002f71   Thumb Code    22  usbd_hid_core.o(i.USBD_HID_DeInit)
    i.USBD_HID_GetCfgDesc                    0x08002f88   Section        0  usbd_hid_core.o(i.USBD_HID_GetCfgDesc)
    USBD_HID_GetCfgDesc                      0x08002f89   Thumb Code     8  usbd_hid_core.o(i.USBD_HID_GetCfgDesc)
    i.USBD_HID_GetPos                        0x08002f94   Section        0  stm32f4xx_it.o(i.USBD_HID_GetPos)
    USBD_HID_GetPos                          0x08002f95   Thumb Code    60  stm32f4xx_it.o(i.USBD_HID_GetPos)
    i.USBD_HID_Init                          0x08002fd8   Section        0  usbd_hid_core.o(i.USBD_HID_Init)
    USBD_HID_Init                            0x08002fd9   Thumb Code    30  usbd_hid_core.o(i.USBD_HID_Init)
    i.USBD_HID_SendReport                    0x08002ff6   Section        0  usbd_hid_core.o(i.USBD_HID_SendReport)
    i.USBD_HID_Setup                         0x08003010   Section        0  usbd_hid_core.o(i.USBD_HID_Setup)
    USBD_HID_Setup                           0x08003011   Thumb Code   162  usbd_hid_core.o(i.USBD_HID_Setup)
    i.USBD_Init                              0x080030b8   Section        0  usbd_core.o(i.USBD_Init)
    i.USBD_IsoINIncomplete                   0x080030ee   Section        0  usbd_core.o(i.USBD_IsoINIncomplete)
    USBD_IsoINIncomplete                     0x080030ef   Thumb Code    14  usbd_core.o(i.USBD_IsoINIncomplete)
    i.USBD_IsoOUTIncomplete                  0x080030fc   Section        0  usbd_core.o(i.USBD_IsoOUTIncomplete)
    USBD_IsoOUTIncomplete                    0x080030fd   Thumb Code    14  usbd_core.o(i.USBD_IsoOUTIncomplete)
    i.USBD_OTG_ISR_Handler                   0x0800310c   Section        0  usb_dcd_int.o(i.USBD_OTG_ISR_Handler)
    i.USBD_ParseSetupRequest                 0x0800328c   Section        0  usbd_req.o(i.USBD_ParseSetupRequest)
    i.USBD_Reset                             0x080032d0   Section        0  usbd_core.o(i.USBD_Reset)
    USBD_Reset                               0x080032d1   Thumb Code    46  usbd_core.o(i.USBD_Reset)
    i.USBD_Resume                            0x080032fe   Section        0  usbd_core.o(i.USBD_Resume)
    USBD_Resume                              0x080032ff   Thumb Code    22  usbd_core.o(i.USBD_Resume)
    i.USBD_SOF                               0x08003314   Section        0  usbd_core.o(i.USBD_SOF)
    USBD_SOF                                 0x08003315   Thumb Code    16  usbd_core.o(i.USBD_SOF)
    i.USBD_SetCfg                            0x08003324   Section        0  usbd_core.o(i.USBD_SetCfg)
    i.USBD_SetConfig                         0x08003340   Section        0  usbd_req.o(i.USBD_SetConfig)
    USBD_SetConfig                           0x08003341   Thumb Code   114  usbd_req.o(i.USBD_SetConfig)
    i.USBD_SetFeature                        0x080033b8   Section        0  usbd_req.o(i.USBD_SetFeature)
    USBD_SetFeature                          0x080033b9   Thumb Code   112  usbd_req.o(i.USBD_SetFeature)
    i.USBD_SetupStage                        0x08003428   Section        0  usbd_core.o(i.USBD_SetupStage)
    USBD_SetupStage                          0x08003429   Thumb Code    72  usbd_core.o(i.USBD_SetupStage)
    i.USBD_StdDevReq                         0x08003470   Section        0  usbd_req.o(i.USBD_StdDevReq)
    i.USBD_StdEPReq                          0x08003564   Section        0  usbd_req.o(i.USBD_StdEPReq)
    i.USBD_StdItfReq                         0x0800363c   Section        0  usbd_req.o(i.USBD_StdItfReq)
    i.USBD_Suspend                           0x08003674   Section        0  usbd_core.o(i.USBD_Suspend)
    USBD_Suspend                             0x08003675   Thumb Code    20  usbd_core.o(i.USBD_Suspend)
    i.USBD_USR_ConfigStrDescriptor           0x08003688   Section        0  usbd_desc.o(i.USBD_USR_ConfigStrDescriptor)
    i.USBD_USR_DeviceConfigured              0x080036a8   Section        0  usbd_usr.o(i.USBD_USR_DeviceConfigured)
    i.USBD_USR_DeviceConnected               0x080036aa   Section        0  usbd_usr.o(i.USBD_USR_DeviceConnected)
    i.USBD_USR_DeviceDescriptor              0x080036ac   Section        0  usbd_desc.o(i.USBD_USR_DeviceDescriptor)
    i.USBD_USR_DeviceDisconnected            0x080036b8   Section        0  usbd_usr.o(i.USBD_USR_DeviceDisconnected)
    i.USBD_USR_DeviceReset                   0x080036ba   Section        0  usbd_usr.o(i.USBD_USR_DeviceReset)
    i.USBD_USR_DeviceResumed                 0x080036bc   Section        0  usbd_usr.o(i.USBD_USR_DeviceResumed)
    i.USBD_USR_DeviceSuspended               0x080036be   Section        0  usbd_usr.o(i.USBD_USR_DeviceSuspended)
    i.USBD_USR_Init                          0x080036c0   Section        0  usbd_usr.o(i.USBD_USR_Init)
    i.USBD_USR_InterfaceStrDescriptor        0x080036f8   Section        0  usbd_desc.o(i.USBD_USR_InterfaceStrDescriptor)
    i.USBD_USR_LangIDStrDescriptor           0x0800371c   Section        0  usbd_desc.o(i.USBD_USR_LangIDStrDescriptor)
    i.USBD_USR_ManufacturerStrDescriptor     0x08003728   Section        0  usbd_desc.o(i.USBD_USR_ManufacturerStrDescriptor)
    i.USBD_USR_ProductStrDescriptor          0x08003750   Section        0  usbd_desc.o(i.USBD_USR_ProductStrDescriptor)
    i.USBD_USR_SerialStrDescriptor           0x08003794   Section        0  usbd_desc.o(i.USBD_USR_SerialStrDescriptor)
    i.USB_OTG_BSP_EnableInterrupt            0x080037d0   Section        0  usb_bsp.o(i.USB_OTG_BSP_EnableInterrupt)
    i.USB_OTG_BSP_Init                       0x080037f8   Section        0  usb_bsp.o(i.USB_OTG_BSP_Init)
    i.USB_OTG_BSP_mDelay                     0x080038a0   Section        0  usb_bsp.o(i.USB_OTG_BSP_mDelay)
    i.USB_OTG_BSP_uDelay                     0x080038aa   Section        0  usb_bsp.o(i.USB_OTG_BSP_uDelay)
    i.USB_OTG_CoreInit                       0x080038c0   Section        0  usb_core.o(i.USB_OTG_CoreInit)
    i.USB_OTG_CoreInitDev                    0x0800399c   Section        0  usb_core.o(i.USB_OTG_CoreInitDev)
    i.USB_OTG_CoreReset                      0x08003ac8   Section        0  usb_core.o(i.USB_OTG_CoreReset)
    USB_OTG_CoreReset                        0x08003ac9   Thumb Code    84  usb_core.o(i.USB_OTG_CoreReset)
    i.USB_OTG_DisableGlobalInt               0x08003b20   Section        0  usb_core.o(i.USB_OTG_DisableGlobalInt)
    i.USB_OTG_EP0Activate                    0x08003b30   Section        0  usb_core.o(i.USB_OTG_EP0Activate)
    i.USB_OTG_EP0StartXfer                   0x08003b6c   Section        0  usb_core.o(i.USB_OTG_EP0StartXfer)
    i.USB_OTG_EP0_OutStart                   0x08003c1c   Section        0  usb_core.o(i.USB_OTG_EP0_OutStart)
    i.USB_OTG_EPActivate                     0x08003c40   Section        0  usb_core.o(i.USB_OTG_EPActivate)
    i.USB_OTG_EPClearStall                   0x08003c96   Section        0  usb_core.o(i.USB_OTG_EPClearStall)
    i.USB_OTG_EPDeactivate                   0x08003cc8   Section        0  usb_core.o(i.USB_OTG_EPDeactivate)
    i.USB_OTG_EPSetStall                     0x08003d06   Section        0  usb_core.o(i.USB_OTG_EPSetStall)
    i.USB_OTG_EPStartXfer                    0x08003d36   Section        0  usb_core.o(i.USB_OTG_EPStartXfer)
    i.USB_OTG_EnableDevInt                   0x08003e5c   Section        0  usb_core.o(i.USB_OTG_EnableDevInt)
    i.USB_OTG_EnableGlobalInt                0x08003ea0   Section        0  usb_core.o(i.USB_OTG_EnableGlobalInt)
    i.USB_OTG_FlushRxFifo                    0x08003eb0   Section        0  usb_core.o(i.USB_OTG_FlushRxFifo)
    i.USB_OTG_FlushTxFifo                    0x08003eec   Section        0  usb_core.o(i.USB_OTG_FlushTxFifo)
    i.USB_OTG_GetDeviceSpeed                 0x08003f30   Section        0  usb_core.o(i.USB_OTG_GetDeviceSpeed)
    i.USB_OTG_InitDevSpeed                   0x08003f56   Section        0  usb_core.o(i.USB_OTG_InitDevSpeed)
    i.USB_OTG_IsDeviceMode                   0x08003f62   Section        0  usb_core.o(i.USB_OTG_IsDeviceMode)
    i.USB_OTG_ReadCoreItr                    0x08003f76   Section        0  usb_core.o(i.USB_OTG_ReadCoreItr)
    i.USB_OTG_ReadDevAllInEPItr              0x08003f80   Section        0  usb_core.o(i.USB_OTG_ReadDevAllInEPItr)
    i.USB_OTG_ReadDevAllOutEp_itr            0x08003f8c   Section        0  usb_core.o(i.USB_OTG_ReadDevAllOutEp_itr)
    i.USB_OTG_ReadDevOutEP_itr               0x08003f98   Section        0  usb_core.o(i.USB_OTG_ReadDevOutEP_itr)
    i.USB_OTG_ReadPacket                     0x08003fa8   Section        0  usb_core.o(i.USB_OTG_ReadPacket)
    i.USB_OTG_SelectCore                     0x08003fc8   Section        0  usb_core.o(i.USB_OTG_SelectCore)
    i.USB_OTG_SetCurrentMode                 0x0800408c   Section        0  usb_core.o(i.USB_OTG_SetCurrentMode)
    i.USB_OTG_StopDevice                     0x080040b6   Section        0  usb_core.o(i.USB_OTG_StopDevice)
    i.USB_OTG_UngateClock                    0x08004100   Section        0  usb_core.o(i.USB_OTG_UngateClock)
    i.USB_OTG_WritePacket                    0x0800411e   Section        0  usb_core.o(i.USB_OTG_WritePacket)
    i.USB_Test                               0x08004148   Section        0  selftest.o(i.USB_Test)
    i.UsageFault_Handler                     0x08004524   Section        0  stm32f4xx_it.o(i.UsageFault_Handler)
    i.__scatterload_copy                     0x08004526   Section       14  handlers.o(i.__scatterload_copy)
    i.__scatterload_null                     0x08004534   Section        2  handlers.o(i.__scatterload_null)
    i.__scatterload_zeroinit                 0x08004536   Section       14  handlers.o(i.__scatterload_zeroinit)
    i.main                                   0x08004544   Section        0  main.o(i.main)
    .constdata                               0x08004634   Section       96  selftest.o(.constdata)
    .constdata                               0x08004694   Section       36  stm32f4_discovery.o(.constdata)
    .data                                    0x20000000   Section       20  system_stm32f4xx.o(.data)
    .data                                    0x20000014   Section       27  main.o(.data)
    .data                                    0x2000002f   Section        6  stm32f4xx_it.o(.data)
    HID_Buffer                               0x20000031   Data           4  stm32f4xx_it.o(.data)
    .data                                    0x20000038   Section       28  usbd_usr.o(.data)
    .data                                    0x20000054   Section       16  selftest.o(.data)
    .data                                    0x20000064   Section       28  usbd_desc.o(.data)
    .data                                    0x20000080   Section       22  usbd_desc.o(.data)
    .data                                    0x20000098   Section        4  stm32f4_discovery_lis302dl.o(.data)
    .data                                    0x2000009c   Section       20  stm32f4_discovery.o(.data)
    .data                                    0x200000b0   Section       64  stm32f4_discovery_audio_codec.o(.data)
    .data                                    0x200000f0   Section       16  stm32f4xx_rcc.o(.data)
    APBAHBPrescTable                         0x200000f0   Data          16  stm32f4xx_rcc.o(.data)
    .data                                    0x20000100   Section       44  usbd_hid_core.o(.data)
    .data                                    0x2000012c   Section      120  usbd_hid_core.o(.data)
    USBD_HID_AltSet                          0x2000012c   Data           4  usbd_hid_core.o(.data)
    USBD_HID_Protocol                        0x20000130   Data           4  usbd_hid_core.o(.data)
    USBD_HID_IdleState                       0x20000134   Data           4  usbd_hid_core.o(.data)
    USBD_HID_CfgDesc                         0x20000138   Data          34  usbd_hid_core.o(.data)
    HID_MOUSE_ReportDesc                     0x2000015a   Data          74  usbd_hid_core.o(.data)
    .data                                    0x200001a4   Section       16  usbd_req.o(.data)
    cfgidx                                   0x200001a4   Data           1  usbd_req.o(.data)
    .data                                    0x200001b4   Section       44  usbd_core.o(.data)
    .data                                    0x200001e0   Section        4  usbd_core.o(.data)
    .bss                                     0x200001e4   Section     1520  main.o(.bss)
    .bss                                     0x200007d4   Section       40  selftest.o(.bss)
    .bss                                     0x200007fc   Section       60  stm32f4_discovery_audio_codec.o(.bss)
    .bss                                     0x20000838   Section       64  usbd_req.o(.bss)
    STACK                                    0x20000878   Section     1024  startup_stm32f4xx.o(STACK)

    Global Symbols

    Symbol Name                              Value     Ov Type        Size  Object(Section)

    BuildAttributes$$THM_ISAv4$E$P$D$K$B$S$7EM$VFPi3$EXTD16$VFPS$VFMA$PE$A:L22UL41UL21$X:L11$S22US41US21$IEEE1$IW$USESV6$~STKCKD$USESV7$~SHL$OSPACE$EBA8$MICROLIB$REQ8$PRES8$EABIv2 0x00000000   Number         0  anon$$obj.o ABSOLUTE
    __ARM_use_no_argv                        0x00000000   Number         0  main.o ABSOLUTE
    _clock_init                               - Undefined Weak Reference
    __Vectors_Size                           0x00000188   Number         0  startup_stm32f4xx.o ABSOLUTE
    __Vectors                                0x08000000   Data           4  startup_stm32f4xx.o(RESET)
    __Vectors_End                            0x08000188   Data           0  startup_stm32f4xx.o(RESET)
    __main                                   0x08000189   Thumb Code     0  entry.o(.ARM.Collect$$$$00000000)
    _main_stk                                0x08000189   Thumb Code     0  entry2.o(.ARM.Collect$$$$00000001)
    _main_scatterload                        0x0800018d   Thumb Code     0  entry5.o(.ARM.Collect$$$$00000004)
    __main_after_scatterload                 0x08000191   Thumb Code     0  entry5.o(.ARM.Collect$$$$00000004)
    _main_clock                              0x08000191   Thumb Code     0  entry7b.o(.ARM.Collect$$$$00000008)
    _main_init                               0x08000191   Thumb Code     0  entry8.o(.ARM.Collect$$$$00000009)
    Reset_Handler                            0x0800019d   Thumb Code     8  startup_stm32f4xx.o(.text)
    ADC_IRQHandler                           0x080001b7   Thumb Code     0  startup_stm32f4xx.o(.text)
    CAN1_RX0_IRQHandler                      0x080001b7   Thumb Code     0  startup_stm32f4xx.o(.text)
    CAN1_RX1_IRQHandler                      0x080001b7   Thumb Code     0  startup_stm32f4xx.o(.text)
    CAN1_SCE_IRQHandler                      0x080001b7   Thumb Code     0  startup_stm32f4xx.o(.text)
    CAN1_TX_IRQHandler                       0x080001b7   Thumb Code     0  startup_stm32f4xx.o(.text)
    CAN2_RX0_IRQHandler                      0x080001b7   Thumb Code     0  startup_stm32f4xx.o(.text)
    CAN2_RX1_IRQHandler                      0x080001b7   Thumb Code     0  startup_stm32f4xx.o(.text)
    CAN2_SCE_IRQHandler                      0x080001b7   Thumb Code     0  startup_stm32f4xx.o(.text)
    CAN2_TX_IRQHandler                       0x080001b7   Thumb Code     0  startup_stm32f4xx.o(.text)
    CRYP_IRQHandler                          0x080001b7   Thumb Code     0  startup_stm32f4xx.o(.text)
    DCMI_IRQHandler                          0x080001b7   Thumb Code     0  startup_stm32f4xx.o(.text)
    DMA1_Stream1_IRQHandler                  0x080001b7   Thumb Code     0  startup_stm32f4xx.o(.text)
    DMA1_Stream2_IRQHandler                  0x080001b7   Thumb Code     0  startup_stm32f4xx.o(.text)
    DMA1_Stream3_IRQHandler                  0x080001b7   Thumb Code     0  startup_stm32f4xx.o(.text)
    DMA1_Stream4_IRQHandler                  0x080001b7   Thumb Code     0  startup_stm32f4xx.o(.text)
    DMA1_Stream5_IRQHandler                  0x080001b7   Thumb Code     0  startup_stm32f4xx.o(.text)
    DMA1_Stream6_IRQHandler                  0x080001b7   Thumb Code     0  startup_stm32f4xx.o(.text)
    DMA2_Stream0_IRQHandler                  0x080001b7   Thumb Code     0  startup_stm32f4xx.o(.text)
    DMA2_Stream1_IRQHandler                  0x080001b7   Thumb Code     0  startup_stm32f4xx.o(.text)
    DMA2_Stream2_IRQHandler                  0x080001b7   Thumb Code     0  startup_stm32f4xx.o(.text)
    DMA2_Stream3_IRQHandler                  0x080001b7   Thumb Code     0  startup_stm32f4xx.o(.text)
    DMA2_Stream4_IRQHandler                  0x080001b7   Thumb Code     0  startup_stm32f4xx.o(.text)
    DMA2_Stream5_IRQHandler                  0x080001b7   Thumb Code     0  startup_stm32f4xx.o(.text)
    DMA2_Stream6_IRQHandler                  0x080001b7   Thumb Code     0  startup_stm32f4xx.o(.text)
    DMA2_Stream7_IRQHandler                  0x080001b7   Thumb Code     0  startup_stm32f4xx.o(.text)
    ETH_IRQHandler                           0x080001b7   Thumb Code     0  startup_stm32f4xx.o(.text)
    ETH_WKUP_IRQHandler                      0x080001b7   Thumb Code     0  startup_stm32f4xx.o(.text)
    EXTI15_10_IRQHandler                     0x080001b7   Thumb Code     0  startup_stm32f4xx.o(.text)
    EXTI1_IRQHandler                         0x080001b7   Thumb Code     0  startup_stm32f4xx.o(.text)
    EXTI2_IRQHandler                         0x080001b7   Thumb Code     0  startup_stm32f4xx.o(.text)
    EXTI3_IRQHandler                         0x080001b7   Thumb Code     0  startup_stm32f4xx.o(.text)
    EXTI4_IRQHandler                         0x080001b7   Thumb Code     0  startup_stm32f4xx.o(.text)
    EXTI9_5_IRQHandler                       0x080001b7   Thumb Code     0  startup_stm32f4xx.o(.text)
    FLASH_IRQHandler                         0x080001b7   Thumb Code     0  startup_stm32f4xx.o(.text)
    FPU_IRQHandler                           0x080001b7   Thumb Code     0  startup_stm32f4xx.o(.text)
    FSMC_IRQHandler                          0x080001b7   Thumb Code     0  startup_stm32f4xx.o(.text)
    HASH_RNG_IRQHandler                      0x080001b7   Thumb Code     0  startup_stm32f4xx.o(.text)
    I2C1_ER_IRQHandler                       0x080001b7   Thumb Code     0  startup_stm32f4xx.o(.text)
    I2C1_EV_IRQHandler                       0x080001b7   Thumb Code     0  startup_stm32f4xx.o(.text)
    I2C2_ER_IRQHandler                       0x080001b7   Thumb Code     0  startup_stm32f4xx.o(.text)
    I2C2_EV_IRQHandler                       0x080001b7   Thumb Code     0  startup_stm32f4xx.o(.text)
    I2C3_ER_IRQHandler                       0x080001b7   Thumb Code     0  startup_stm32f4xx.o(.text)
    I2C3_EV_IRQHandler                       0x080001b7   Thumb Code     0  startup_stm32f4xx.o(.text)
    OTG_HS_EP1_IN_IRQHandler                 0x080001b7   Thumb Code     0  startup_stm32f4xx.o(.text)
    OTG_HS_EP1_OUT_IRQHandler                0x080001b7   Thumb Code     0  startup_stm32f4xx.o(.text)
    OTG_HS_IRQHandler                        0x080001b7   Thumb Code     0  startup_stm32f4xx.o(.text)
    OTG_HS_WKUP_IRQHandler                   0x080001b7   Thumb Code     0  startup_stm32f4xx.o(.text)
    PVD_IRQHandler                           0x080001b7   Thumb Code     0  startup_stm32f4xx.o(.text)
    RCC_IRQHandler                           0x080001b7   Thumb Code     0  startup_stm32f4xx.o(.text)
    RTC_Alarm_IRQHandler                     0x080001b7   Thumb Code     0  startup_stm32f4xx.o(.text)
    RTC_WKUP_IRQHandler                      0x080001b7   Thumb Code     0  startup_stm32f4xx.o(.text)
    SDIO_IRQHandler                          0x080001b7   Thumb Code     0  startup_stm32f4xx.o(.text)
    SPI1_IRQHandler                          0x080001b7   Thumb Code     0  startup_stm32f4xx.o(.text)
    SPI2_IRQHandler                          0x080001b7   Thumb Code     0  startup_stm32f4xx.o(.text)
    TAMP_STAMP_IRQHandler                    0x080001b7   Thumb Code     0  startup_stm32f4xx.o(.text)
    TIM1_BRK_TIM9_IRQHandler                 0x080001b7   Thumb Code     0  startup_stm32f4xx.o(.text)
    TIM1_CC_IRQHandler                       0x080001b7   Thumb Code     0  startup_stm32f4xx.o(.text)
    TIM1_TRG_COM_TIM11_IRQHandler            0x080001b7   Thumb Code     0  startup_stm32f4xx.o(.text)
    TIM1_UP_TIM10_IRQHandler                 0x080001b7   Thumb Code     0  startup_stm32f4xx.o(.text)
    TIM2_IRQHandler                          0x080001b7   Thumb Code     0  startup_stm32f4xx.o(.text)
    TIM3_IRQHandler                          0x080001b7   Thumb Code     0  startup_stm32f4xx.o(.text)
    TIM4_IRQHandler                          0x080001b7   Thumb Code     0  startup_stm32f4xx.o(.text)
    TIM5_IRQHandler                          0x080001b7   Thumb Code     0  startup_stm32f4xx.o(.text)
    TIM6_DAC_IRQHandler                      0x080001b7   Thumb Code     0  startup_stm32f4xx.o(.text)
    TIM7_IRQHandler                          0x080001b7   Thumb Code     0  startup_stm32f4xx.o(.text)
    TIM8_BRK_TIM12_IRQHandler                0x080001b7   Thumb Code     0  startup_stm32f4xx.o(.text)
    TIM8_CC_IRQHandler                       0x080001b7   Thumb Code     0  startup_stm32f4xx.o(.text)
    TIM8_TRG_COM_TIM14_IRQHandler            0x080001b7   Thumb Code     0  startup_stm32f4xx.o(.text)
    TIM8_UP_TIM13_IRQHandler                 0x080001b7   Thumb Code     0  startup_stm32f4xx.o(.text)
    UART4_IRQHandler                         0x080001b7   Thumb Code     0  startup_stm32f4xx.o(.text)
    UART5_IRQHandler                         0x080001b7   Thumb Code     0  startup_stm32f4xx.o(.text)
    USART1_IRQHandler                        0x080001b7   Thumb Code     0  startup_stm32f4xx.o(.text)
    USART2_IRQHandler                        0x080001b7   Thumb Code     0  startup_stm32f4xx.o(.text)
    USART3_IRQHandler                        0x080001b7   Thumb Code     0  startup_stm32f4xx.o(.text)
    USART6_IRQHandler                        0x080001b7   Thumb Code     0  startup_stm32f4xx.o(.text)
    WWDG_IRQHandler                          0x080001b7   Thumb Code     0  startup_stm32f4xx.o(.text)
    __scatterload                            0x080001c1   Thumb Code    28  init.o(.text)
    __scatterload_rt2                        0x080001c1   Thumb Code     0  init.o(.text)
    __decompress                             0x080001e5   Thumb Code     0  __dczerorl2.o(.text)
    __decompress1                            0x080001e5   Thumb Code    92  __dczerorl2.o(.text)
    ADC_Cmd                                  0x08000241   Thumb Code    20  stm32f4xx_adc.o(i.ADC_Cmd)
    ADC_CommonInit                           0x08000255   Thumb Code    40  stm32f4xx_adc.o(i.ADC_CommonInit)
    ADC_GetConversionValue                   0x08000285   Thumb Code     6  stm32f4xx_adc.o(i.ADC_GetConversionValue)
    ADC_GetFlagStatus                        0x0800028b   Thumb Code    14  stm32f4xx_adc.o(i.ADC_GetFlagStatus)
    ADC_Init                                 0x08000299   Thumb Code    66  stm32f4xx_adc.o(i.ADC_Init)
    ADC_RegularChannelConfig                 0x080002e5   Thumb Code   116  stm32f4xx_adc.o(i.ADC_RegularChannelConfig)
    ADC_SoftwareStartConv                    0x08000359   Thumb Code    10  stm32f4xx_adc.o(i.ADC_SoftwareStartConv)
    ADC_StructInit                           0x08000363   Thumb Code    20  stm32f4xx_adc.o(i.ADC_StructInit)
    Accelerometer_MEMS_Test                  0x08000379   Thumb Code   170  selftest.o(i.Accelerometer_MEMS_Test)
    Audio_Test                               0x08000599   Thumb Code   596  selftest.o(i.Audio_Test)
    BusFault_Handler                         0x08000805   Thumb Code     2  stm32f4xx_it.o(i.BusFault_Handler)
    Codec_TIMEOUT_UserCallback               0x08000cb5   Thumb Code     2  selftest.o(i.Codec_TIMEOUT_UserCallback)
    DAC_Cmd                                  0x08000ddd   Thumb Code    20  stm32f4xx_dac.o(i.DAC_Cmd)
    DAC_Config                               0x08000df5   Thumb Code    70  stm32f4_discovery_audio_codec.o(i.DAC_Config)
    DAC_Init                                 0x08000e45   Thumb Code    36  stm32f4xx_dac.o(i.DAC_Init)
    DAC_SetChannel1Data                      0x08000e6d   Thumb Code     8  stm32f4xx_dac.o(i.DAC_SetChannel1Data)
    DCD_DevDisconnect                        0x08000e79   Thumb Code    16  usb_dcd.o(i.DCD_DevDisconnect)
    DCD_EP_Close                             0x08000e89   Thumb Code    44  usb_dcd.o(i.DCD_EP_Close)
    DCD_EP_ClrStall                          0x08000eb5   Thumb Code    56  usb_dcd.o(i.DCD_EP_ClrStall)
    DCD_EP_Flush                             0x08000eed   Thumb Code    24  usb_dcd.o(i.DCD_EP_Flush)
    DCD_EP_Open                              0x08000f05   Thumb Code    60  usb_dcd.o(i.DCD_EP_Open)
    DCD_EP_PrepareRx                         0x08000f41   Thumb Code    60  usb_dcd.o(i.DCD_EP_PrepareRx)
    DCD_EP_SetAddress                        0x08000f7d   Thumb Code    16  usb_dcd.o(i.DCD_EP_SetAddress)
    DCD_EP_Stall                             0x08000f8d   Thumb Code    56  usb_dcd.o(i.DCD_EP_Stall)
    DCD_EP_Tx                                0x08000fc5   Thumb Code    54  usb_dcd.o(i.DCD_EP_Tx)
    DCD_Init                                 0x080012a1   Thumb Code   138  usb_dcd.o(i.DCD_Init)
    DMA1_Stream0_IRQHandler                  0x080013a1   Thumb Code     4  stm32f4_discovery_audio_codec.o(i.DMA1_Stream0_IRQHandler)
    DMA1_Stream7_IRQHandler                  0x080013a5   Thumb Code     4  stm32f4_discovery_audio_codec.o(i.DMA1_Stream7_IRQHandler)
    DMA_ClearFlag                            0x080013a9   Thumb Code    32  stm32f4xx_dma.o(i.DMA_ClearFlag)
    DMA_Cmd                                  0x080013d5   Thumb Code    20  stm32f4xx_dma.o(i.DMA_Cmd)
    DMA_DeInit                               0x080013e9   Thumb Code   270  stm32f4xx_dma.o(i.DMA_DeInit)
    DMA_GetCmdStatus                         0x0800150d   Thumb Code    14  stm32f4xx_dma.o(i.DMA_GetCmdStatus)
    DMA_GetFlagStatus                        0x0800151d   Thumb Code    40  stm32f4xx_dma.o(i.DMA_GetFlagStatus)
    DMA_ITConfig                             0x08001551   Thumb Code    44  stm32f4xx_dma.o(i.DMA_ITConfig)
    DMA_Init                                 0x0800157d   Thumb Code    80  stm32f4xx_dma.o(i.DMA_Init)
    DebugMon_Handler                         0x080015d1   Thumb Code     2  stm32f4xx_it.o(i.DebugMon_Handler)
    Delay                                    0x080015d5   Thumb Code    12  main.o(i.Delay)
    EVAL_AUDIO_DeInit                        0x08001779   Thumb Code    88  stm32f4_discovery_audio_codec.o(i.EVAL_AUDIO_DeInit)
    EVAL_AUDIO_GetSampleCallBack             0x080017d9   Thumb Code    86  selftest.o(i.EVAL_AUDIO_GetSampleCallBack)
    EVAL_AUDIO_Init                          0x08001839   Thumb Code    40  stm32f4_discovery_audio_codec.o(i.EVAL_AUDIO_Init)
    EVAL_AUDIO_SetAudioInterface             0x08001861   Thumb Code   114  stm32f4_discovery_audio_codec.o(i.EVAL_AUDIO_SetAudioInterface)
    EVAL_AUDIO_TransferComplete_CallBack     0x080018ed   Thumb Code     2  selftest.o(i.EVAL_AUDIO_TransferComplete_CallBack)
    EXTI0_IRQHandler                         0x080018f1   Thumb Code    10  stm32f4xx_it.o(i.EXTI0_IRQHandler)
    EXTI_ClearITPendingBit                   0x08001901   Thumb Code     6  stm32f4xx_exti.o(i.EXTI_ClearITPendingBit)
    EXTI_Init                                0x0800190d   Thumb Code   112  stm32f4xx_exti.o(i.EXTI_Init)
    FLASH_EraseSector                        0x08001981   Thumb Code   104  stm32f4xx_flash.o(i.FLASH_EraseSector)
    FLASH_GetStatus                          0x080019ed   Thumb Code    46  stm32f4xx_flash.o(i.FLASH_GetStatus)
    FLASH_ProgramWord                        0x08001a21   Thumb Code    56  stm32f4xx_flash.o(i.FLASH_ProgramWord)
    FLASH_Unlock                             0x08001a5d   Thumb Code    22  stm32f4xx_flash.o(i.FLASH_Unlock)
    FLASH_WaitForLastOperation               0x08001a81   Thumb Code    14  stm32f4xx_flash.o(i.FLASH_WaitForLastOperation)
    Fail_Handler                             0x08001a91   Thumb Code    32  main.o(i.Fail_Handler)
    GPIO_Init                                0x08001ab5   Thumb Code   124  stm32f4xx_gpio.o(i.GPIO_Init)
    GPIO_PinAFConfig                         0x08001b31   Thumb Code    32  stm32f4xx_gpio.o(i.GPIO_PinAFConfig)
    GPIO_ReadInputDataBit                    0x08001b51   Thumb Code    14  stm32f4xx_gpio.o(i.GPIO_ReadInputDataBit)
    GPIO_ResetBits                           0x08001b5f   Thumb Code     4  stm32f4xx_gpio.o(i.GPIO_ResetBits)
    GPIO_SetBits                             0x08001b63   Thumb Code     4  stm32f4xx_gpio.o(i.GPIO_SetBits)
    GPIO_WriteBit                            0x08001b67   Thumb Code    10  stm32f4xx_gpio.o(i.GPIO_WriteBit)
    HardFault_Handler                        0x08001b71   Thumb Code     2  stm32f4xx_it.o(i.HardFault_Handler)
    I2C_AcknowledgeConfig                    0x08001b73   Thumb Code    20  stm32f4xx_i2c.o(i.I2C_AcknowledgeConfig)
    I2C_CheckEvent                           0x08001b87   Thumb Code    24  stm32f4xx_i2c.o(i.I2C_CheckEvent)
    I2C_ClearFlag                            0x08001b9f   Thumb Code     6  stm32f4xx_i2c.o(i.I2C_ClearFlag)
    I2C_Cmd                                  0x08001ba5   Thumb Code    20  stm32f4xx_i2c.o(i.I2C_Cmd)
    I2C_DeInit                               0x08001bb9   Thumb Code    56  stm32f4xx_i2c.o(i.I2C_DeInit)
    I2C_GenerateSTART                        0x08001bfd   Thumb Code    20  stm32f4xx_i2c.o(i.I2C_GenerateSTART)
    I2C_GenerateSTOP                         0x08001c11   Thumb Code    20  stm32f4xx_i2c.o(i.I2C_GenerateSTOP)
    I2C_GetFlagStatus                        0x08001c25   Thumb Code    30  stm32f4xx_i2c.o(i.I2C_GetFlagStatus)
    I2C_Init                                 0x08001c45   Thumb Code   172  stm32f4xx_i2c.o(i.I2C_Init)
    I2C_ReceiveData                          0x08001cf9   Thumb Code     6  stm32f4xx_i2c.o(i.I2C_ReceiveData)
    I2C_Send7bitAddress                      0x08001cff   Thumb Code    16  stm32f4xx_i2c.o(i.I2C_Send7bitAddress)
    I2C_SendData                             0x08001d0f   Thumb Code     4  stm32f4xx_i2c.o(i.I2C_SendData)
    I2S_Cmd                                  0x08001d13   Thumb Code    20  stm32f4xx_spi.o(i.I2S_Cmd)
    I2S_Init                                 0x08001d29   Thumb Code   184  stm32f4xx_spi.o(i.I2S_Init)
    LIS302DL_FilterConfig                    0x08001de9   Thumb Code    60  stm32f4_discovery_lis302dl.o(i.LIS302DL_FilterConfig)
    LIS302DL_Init                            0x08001e25   Thumb Code    48  stm32f4_discovery_lis302dl.o(i.LIS302DL_Init)
    LIS302DL_Read                            0x08001f75   Thumb Code    70  stm32f4_discovery_lis302dl.o(i.LIS302DL_Read)
    LIS302DL_TIMEOUT_UserCallback            0x08002025   Thumb Code    12  main.o(i.LIS302DL_TIMEOUT_UserCallback)
    LIS302DL_Write                           0x08002035   Thumb Code    64  stm32f4_discovery_lis302dl.o(i.LIS302DL_Write)
    MemManage_Handler                        0x08002079   Thumb Code     2  stm32f4xx_it.o(i.MemManage_Handler)
    Microphone_MEMS_Test                     0x0800207d   Thumb Code   220  selftest.o(i.Microphone_MEMS_Test)
    NMI_Handler                              0x08002169   Thumb Code     2  stm32f4xx_it.o(i.NMI_Handler)
    NVIC_Init                                0x0800216d   Thumb Code    92  misc.o(i.NVIC_Init)
    NVIC_PriorityGroupConfig                 0x080021d1   Thumb Code    10  misc.o(i.NVIC_PriorityGroupConfig)
    OTG_FS_IRQHandler                        0x080021e5   Thumb Code     6  stm32f4xx_it.o(i.OTG_FS_IRQHandler)
    OTG_FS_WKUP_IRQHandler                   0x080021f1   Thumb Code    40  stm32f4xx_it.o(i.OTG_FS_WKUP_IRQHandler)
    PendSV_Handler                           0x08002221   Thumb Code     2  stm32f4xx_it.o(i.PendSV_Handler)
    RCC_AHB1PeriphClockCmd                   0x08002225   Thumb Code    18  stm32f4xx_rcc.o(i.RCC_AHB1PeriphClockCmd)
    RCC_AHB2PeriphClockCmd                   0x0800223d   Thumb Code    18  stm32f4xx_rcc.o(i.RCC_AHB2PeriphClockCmd)
    RCC_APB1PeriphClockCmd                   0x08002255   Thumb Code    18  stm32f4xx_rcc.o(i.RCC_APB1PeriphClockCmd)
    RCC_APB1PeriphResetCmd                   0x0800226d   Thumb Code    18  stm32f4xx_rcc.o(i.RCC_APB1PeriphResetCmd)
    RCC_APB2PeriphClockCmd                   0x08002285   Thumb Code    18  stm32f4xx_rcc.o(i.RCC_APB2PeriphClockCmd)
    RCC_APB2PeriphResetCmd                   0x0800229d   Thumb Code    18  stm32f4xx_rcc.o(i.RCC_APB2PeriphResetCmd)
    RCC_GetClocksFreq                        0x080022b5   Thumb Code   138  stm32f4xx_rcc.o(i.RCC_GetClocksFreq)
    SPI3_IRQHandler                          0x0800234d   Thumb Code    54  stm32f4_discovery_audio_codec.o(i.SPI3_IRQHandler)
    SPI_Cmd                                  0x0800238d   Thumb Code    20  stm32f4xx_spi.o(i.SPI_Cmd)
    SPI_I2S_DMACmd                           0x080023a1   Thumb Code    16  stm32f4xx_spi.o(i.SPI_I2S_DMACmd)
    SPI_I2S_DeInit                           0x080023b1   Thumb Code    72  stm32f4xx_spi.o(i.SPI_I2S_DeInit)
    SPI_I2S_GetFlagStatus                    0x08002405   Thumb Code    14  stm32f4xx_spi.o(i.SPI_I2S_GetFlagStatus)
    SPI_I2S_ITConfig                         0x08002413   Thumb Code    24  stm32f4xx_spi.o(i.SPI_I2S_ITConfig)
    SPI_I2S_ReceiveData                      0x0800242b   Thumb Code     4  stm32f4xx_spi.o(i.SPI_I2S_ReceiveData)
    SPI_I2S_SendData                         0x0800242f   Thumb Code     4  stm32f4xx_spi.o(i.SPI_I2S_SendData)
    SPI_Init                                 0x08002433   Thumb Code    56  stm32f4xx_spi.o(i.SPI_Init)
    STM_EVAL_LEDInit                         0x0800246d   Thumb Code    62  stm32f4_discovery.o(i.STM_EVAL_LEDInit)
    STM_EVAL_LEDOff                          0x080024b5   Thumb Code    16  stm32f4_discovery.o(i.STM_EVAL_LEDOff)
    STM_EVAL_LEDOn                           0x080024cd   Thumb Code    16  stm32f4_discovery.o(i.STM_EVAL_LEDOn)
    STM_EVAL_LEDToggle                       0x080024e5   Thumb Code    20  stm32f4_discovery.o(i.STM_EVAL_LEDToggle)
    STM_EVAL_PBGetState                      0x08002501   Thumb Code    16  stm32f4_discovery.o(i.STM_EVAL_PBGetState)
    STM_EVAL_PBInit                          0x08002519   Thumb Code   142  stm32f4_discovery.o(i.STM_EVAL_PBInit)
    SVC_Handler                              0x080025b1   Thumb Code     2  stm32f4xx_it.o(i.SVC_Handler)
    SYSCFG_EXTILineConfig                    0x080025b5   Thumb Code    34  stm32f4xx_syscfg.o(i.SYSCFG_EXTILineConfig)
    SysTick_Handler                          0x080026c9   Thumb Code   336  stm32f4xx_it.o(i.SysTick_Handler)
    SystemInit                               0x08002835   Thumb Code    62  system_stm32f4xx.o(i.SystemInit)
    TIM_ARRPreloadConfig                     0x080029b9   Thumb Code    20  stm32f4xx_tim.o(i.TIM_ARRPreloadConfig)
    TIM_CCxCmd                               0x080029cd   Thumb Code    22  stm32f4xx_tim.o(i.TIM_CCxCmd)
    TIM_Cmd                                  0x080029e3   Thumb Code    20  stm32f4xx_tim.o(i.TIM_Cmd)
    TIM_OC1Init                              0x080029f9   Thumb Code    88  stm32f4xx_tim.o(i.TIM_OC1Init)
    TIM_OC1PreloadConfig                     0x08002a59   Thumb Code    12  stm32f4xx_tim.o(i.TIM_OC1PreloadConfig)
    TIM_OC2Init                              0x08002a65   Thumb Code   116  stm32f4xx_tim.o(i.TIM_OC2Init)
    TIM_OC2PreloadConfig                     0x08002ae1   Thumb Code    14  stm32f4xx_tim.o(i.TIM_OC2PreloadConfig)
    TIM_OC3Init                              0x08002af1   Thumb Code   112  stm32f4xx_tim.o(i.TIM_OC3Init)
    TIM_OC3PreloadConfig                     0x08002b69   Thumb Code    12  stm32f4xx_tim.o(i.TIM_OC3PreloadConfig)
    TIM_OC4Init                              0x08002b75   Thumb Code    84  stm32f4xx_tim.o(i.TIM_OC4Init)
    TIM_OC4PreloadConfig                     0x08002bd1   Thumb Code    14  stm32f4xx_tim.o(i.TIM_OC4PreloadConfig)
    TIM_SetAutoreload                        0x08002bdf   Thumb Code     4  stm32f4xx_tim.o(i.TIM_SetAutoreload)
    TIM_SetCompare1                          0x08002be3   Thumb Code     4  stm32f4xx_tim.o(i.TIM_SetCompare1)
    TIM_SetCompare2                          0x08002be7   Thumb Code     4  stm32f4xx_tim.o(i.TIM_SetCompare2)
    TIM_SetCompare3                          0x08002beb   Thumb Code     4  stm32f4xx_tim.o(i.TIM_SetCompare3)
    TIM_SetCompare4                          0x08002bef   Thumb Code     4  stm32f4xx_tim.o(i.TIM_SetCompare4)
    TIM_TimeBaseInit                         0x08002bf5   Thumb Code   100  stm32f4xx_tim.o(i.TIM_TimeBaseInit)
    TimingDelay_Decrement                    0x08002c75   Thumb Code    16  main.o(i.TimingDelay_Decrement)
    USBD_ClrCfg                              0x08002c89   Thumb Code    14  usbd_core.o(i.USBD_ClrCfg)
    USBD_CtlContinueRx                       0x08002c97   Thumb Code    18  usbd_ioreq.o(i.USBD_CtlContinueRx)
    USBD_CtlContinueSendData                 0x08002ca9   Thumb Code    18  usbd_ioreq.o(i.USBD_CtlContinueSendData)
    USBD_CtlError                            0x08002cbb   Thumb Code    36  usbd_req.o(i.USBD_CtlError)
    USBD_CtlReceiveStatus                    0x08002cdf   Thumb Code    34  usbd_ioreq.o(i.USBD_CtlReceiveStatus)
    USBD_CtlSendData                         0x08002d01   Thumb Code    32  usbd_ioreq.o(i.USBD_CtlSendData)
    USBD_CtlSendStatus                       0x08002d21   Thumb Code    34  usbd_ioreq.o(i.USBD_CtlSendStatus)
    USBD_GetString                           0x08002f1b   Thumb Code    74  usbd_req.o(i.USBD_GetString)
    USBD_HID_SendReport                      0x08002ff7   Thumb Code    24  usbd_hid_core.o(i.USBD_HID_SendReport)
    USBD_Init                                0x080030b9   Thumb Code    54  usbd_core.o(i.USBD_Init)
    USBD_OTG_ISR_Handler                     0x0800310d   Thumb Code   376  usb_dcd_int.o(i.USBD_OTG_ISR_Handler)
    USBD_ParseSetupRequest                   0x0800328d   Thumb Code    68  usbd_req.o(i.USBD_ParseSetupRequest)
    USBD_SetCfg                              0x08003325   Thumb Code    26  usbd_core.o(i.USBD_SetCfg)
    USBD_StdDevReq                           0x08003471   Thumb Code   238  usbd_req.o(i.USBD_StdDevReq)
    USBD_StdEPReq                            0x08003565   Thumb Code   210  usbd_req.o(i.USBD_StdEPReq)
    USBD_StdItfReq                           0x0800363d   Thumb Code    56  usbd_req.o(i.USBD_StdItfReq)
    USBD_USR_ConfigStrDescriptor             0x08003689   Thumb Code    16  usbd_desc.o(i.USBD_USR_ConfigStrDescriptor)
    USBD_USR_DeviceConfigured                0x080036a9   Thumb Code     2  usbd_usr.o(i.USBD_USR_DeviceConfigured)
    USBD_USR_DeviceConnected                 0x080036ab   Thumb Code     2  usbd_usr.o(i.USBD_USR_DeviceConnected)
    USBD_USR_DeviceDescriptor                0x080036ad   Thumb Code     8  usbd_desc.o(i.USBD_USR_DeviceDescriptor)
    USBD_USR_DeviceDisconnected              0x080036b9   Thumb Code     2  usbd_usr.o(i.USBD_USR_DeviceDisconnected)
    USBD_USR_DeviceReset                     0x080036bb   Thumb Code     2  usbd_usr.o(i.USBD_USR_DeviceReset)
    USBD_USR_DeviceResumed                   0x080036bd   Thumb Code     2  usbd_usr.o(i.USBD_USR_DeviceResumed)
    USBD_USR_DeviceSuspended                 0x080036bf   Thumb Code     2  usbd_usr.o(i.USBD_USR_DeviceSuspended)
    USBD_USR_Init                            0x080036c1   Thumb Code    46  usbd_usr.o(i.USBD_USR_Init)
    USBD_USR_InterfaceStrDescriptor          0x080036f9   Thumb Code    16  usbd_desc.o(i.USBD_USR_InterfaceStrDescriptor)
    USBD_USR_LangIDStrDescriptor             0x0800371d   Thumb Code     8  usbd_desc.o(i.USBD_USR_LangIDStrDescriptor)
    USBD_USR_ManufacturerStrDescriptor       0x08003729   Thumb Code    16  usbd_desc.o(i.USBD_USR_ManufacturerStrDescriptor)
    USBD_USR_ProductStrDescriptor            0x08003751   Thumb Code    24  usbd_desc.o(i.USBD_USR_ProductStrDescriptor)
    USBD_USR_SerialStrDescriptor             0x08003795   Thumb Code    24  usbd_desc.o(i.USBD_USR_SerialStrDescriptor)
    USB_OTG_BSP_EnableInterrupt              0x080037d1   Thumb Code    40  usb_bsp.o(i.USB_OTG_BSP_EnableInterrupt)
    USB_OTG_BSP_Init                         0x080037f9   Thumb Code   164  usb_bsp.o(i.USB_OTG_BSP_Init)
    USB_OTG_BSP_mDelay                       0x080038a1   Thumb Code    10  usb_bsp.o(i.USB_OTG_BSP_mDelay)
    USB_OTG_BSP_uDelay                       0x080038ab   Thumb Code    22  usb_bsp.o(i.USB_OTG_BSP_uDelay)
    USB_OTG_CoreInit                         0x080038c1   Thumb Code   218  usb_core.o(i.USB_OTG_CoreInit)
    USB_OTG_CoreInitDev                      0x0800399d   Thumb Code   300  usb_core.o(i.USB_OTG_CoreInitDev)
    USB_OTG_DisableGlobalInt                 0x08003b21   Thumb Code    16  usb_core.o(i.USB_OTG_DisableGlobalInt)
    USB_OTG_EP0Activate                      0x08003b31   Thumb Code    60  usb_core.o(i.USB_OTG_EP0Activate)
    USB_OTG_EP0StartXfer                     0x08003b6d   Thumb Code   176  usb_core.o(i.USB_OTG_EP0StartXfer)
    USB_OTG_EP0_OutStart                     0x08003c1d   Thumb Code    32  usb_core.o(i.USB_OTG_EP0_OutStart)
    USB_OTG_EPActivate                       0x08003c41   Thumb Code    86  usb_core.o(i.USB_OTG_EPActivate)
    USB_OTG_EPClearStall                     0x08003c97   Thumb Code    50  usb_core.o(i.USB_OTG_EPClearStall)
    USB_OTG_EPDeactivate                     0x08003cc9   Thumb Code    62  usb_core.o(i.USB_OTG_EPDeactivate)
    USB_OTG_EPSetStall                       0x08003d07   Thumb Code    48  usb_core.o(i.USB_OTG_EPSetStall)
    USB_OTG_EPStartXfer                      0x08003d37   Thumb Code   294  usb_core.o(i.USB_OTG_EPStartXfer)
    USB_OTG_EnableDevInt                     0x08003e5d   Thumb Code    62  usb_core.o(i.USB_OTG_EnableDevInt)
    USB_OTG_EnableGlobalInt                  0x08003ea1   Thumb Code    16  usb_core.o(i.USB_OTG_EnableGlobalInt)
    USB_OTG_FlushRxFifo                      0x08003eb1   Thumb Code    54  usb_core.o(i.USB_OTG_FlushRxFifo)
    USB_OTG_FlushTxFifo                      0x08003eed   Thumb Code    62  usb_core.o(i.USB_OTG_FlushTxFifo)
    USB_OTG_GetDeviceSpeed                   0x08003f31   Thumb Code    38  usb_core.o(i.USB_OTG_GetDeviceSpeed)
    USB_OTG_InitDevSpeed                     0x08003f57   Thumb Code    12  usb_core.o(i.USB_OTG_InitDevSpeed)
    USB_OTG_IsDeviceMode                     0x08003f63   Thumb Code    20  usb_core.o(i.USB_OTG_IsDeviceMode)
    USB_OTG_ReadCoreItr                      0x08003f77   Thumb Code    10  usb_core.o(i.USB_OTG_ReadCoreItr)
    USB_OTG_ReadDevAllInEPItr                0x08003f81   Thumb Code    12  usb_core.o(i.USB_OTG_ReadDevAllInEPItr)
    USB_OTG_ReadDevAllOutEp_itr              0x08003f8d   Thumb Code    12  usb_core.o(i.USB_OTG_ReadDevAllOutEp_itr)
    USB_OTG_ReadDevOutEP_itr                 0x08003f99   Thumb Code    16  usb_core.o(i.USB_OTG_ReadDevOutEP_itr)
    USB_OTG_ReadPacket                       0x08003fa9   Thumb Code    32  usb_core.o(i.USB_OTG_ReadPacket)
    USB_OTG_SelectCore                       0x08003fc9   Thumb Code   192  usb_core.o(i.USB_OTG_SelectCore)
    USB_OTG_SetCurrentMode                   0x0800408d   Thumb Code    42  usb_core.o(i.USB_OTG_SetCurrentMode)
    USB_OTG_StopDevice                       0x080040b7   Thumb Code    74  usb_core.o(i.USB_OTG_StopDevice)
    USB_OTG_UngateClock                      0x08004101   Thumb Code    30  usb_core.o(i.USB_OTG_UngateClock)
    USB_OTG_WritePacket                      0x0800411f   Thumb Code    40  usb_core.o(i.USB_OTG_WritePacket)
    USB_Test                                 0x08004149   Thumb Code   976  selftest.o(i.USB_Test)
    UsageFault_Handler                       0x08004525   Thumb Code     2  stm32f4xx_it.o(i.UsageFault_Handler)
    __scatterload_copy                       0x08004527   Thumb Code    14  handlers.o(i.__scatterload_copy)
    __scatterload_null                       0x08004535   Thumb Code     2  handlers.o(i.__scatterload_null)
    __scatterload_zeroinit                   0x08004537   Thumb Code    14  handlers.o(i.__scatterload_zeroinit)
    main                                     0x08004545   Thumb Code   230  main.o(i.main)
    sinebuf                                  0x08004634   Data          96  selftest.o(.constdata)
    BUTTON_PORT_SOURCE                       0x08004694   Data           1  stm32f4_discovery.o(.constdata)
    BUTTON_PIN_SOURCE                        0x08004695   Data           1  stm32f4_discovery.o(.constdata)
    BUTTON_IRQn                              0x08004696   Data           1  stm32f4_discovery.o(.constdata)
    BUTTON_PIN                               0x08004698   Data           2  stm32f4_discovery.o(.constdata)
    BUTTON_EXTI_LINE                         0x0800469a   Data           2  stm32f4_discovery.o(.constdata)
    BUTTON_CLK                               0x0800469c   Data           4  stm32f4_discovery.o(.constdata)
    GPIO_PIN                                 0x080046a0   Data           8  stm32f4_discovery.o(.constdata)
    GPIO_CLK                                 0x080046a8   Data          16  stm32f4_discovery.o(.constdata)
    Region$$Table$$Base                      0x080046b8   Number         0  anon$$obj.o(Region$$Table)
    Region$$Table$$Limit                     0x080046d8   Number         0  anon$$obj.o(Region$$Table)
    SystemCoreClock                          0x20000000   Data           4  system_stm32f4xx.o(.data)
    AHBPrescTable                            0x20000004   Data          16  system_stm32f4xx.o(.data)
    DemoEnterCondition                       0x20000014   Data           1  main.o(.data)
    UserButtonPressed                        0x20000015   Data           1  main.o(.data)
    Z_Offset                                 0x20000016   Data           1  main.o(.data)
    X_Offset                                 0x20000017   Data           1  main.o(.data)
    Y_Offset                                 0x20000018   Data           1  main.o(.data)
    PrescalerValue                           0x2000001a   Data           2  main.o(.data)
    LIS302DL_FilterStruct                    0x2000001c   Data           3  main.o(.data)
    TimingDelay                              0x20000020   Data           4  main.o(.data)
    LIS302DL_InitStruct                      0x20000024   Data           5  main.o(.data)
    Buffer                                   0x20000029   Data           6  main.o(.data)
    Counter                                  0x2000002f   Data           1  stm32f4xx_it.o(.data)
    TempAcceleration                         0x20000030   Data           1  stm32f4xx_it.o(.data)
    USR_cb                                   0x20000038   Data          28  usbd_usr.o(.data)
    DACTest                                  0x20000054   Data           1  selftest.o(.data)
    counter0                                 0x20000056   Data           2  selftest.o(.data)
    counter1                                 0x20000058   Data           2  selftest.o(.data)
    count                                    0x2000005a   Data           2  selftest.o(.data)
    count1                                   0x2000005c   Data           2  selftest.o(.data)
    Left_Right                               0x2000005e   Data           2  selftest.o(.data)
    ConvData1                                0x20000060   Data           2  selftest.o(.data)
    ConvData2                                0x20000062   Data           2  selftest.o(.data)
    USR_desc                                 0x20000064   Data          28  usbd_desc.o(.data)
    USBD_LangIDDesc                          0x20000080   Data           4  usbd_desc.o(.data)
    USBD_DeviceDesc                          0x20000084   Data          18  usbd_desc.o(.data)
    LIS302DLTimeout                          0x20000098   Data           4  stm32f4_discovery_lis302dl.o(.data)
    BUTTON_PORT                              0x2000009c   Data           4  stm32f4_discovery.o(.data)
    GPIO_PORT                                0x200000a0   Data          16  stm32f4_discovery.o(.data)
    OutputDev                                0x200000b0   Data           1  stm32f4_discovery_audio_codec.o(.data)
    AudioTotalSize                           0x200000b4   Data           4  stm32f4_discovery_audio_codec.o(.data)
    AudioRemSize                             0x200000b8   Data           4  stm32f4_discovery_audio_codec.o(.data)
    CODECTimeout                             0x200000bc   Data           4  stm32f4_discovery_audio_codec.o(.data)
    CurrAudioInterface                       0x200000c0   Data           4  stm32f4_discovery_audio_codec.o(.data)
    AUDIO_MAL_DMA_CLOCK                      0x200000c4   Data           4  stm32f4_discovery_audio_codec.o(.data)
    AUDIO_MAL_DMA_STREAM                     0x200000c8   Data           4  stm32f4_discovery_audio_codec.o(.data)
    AUDIO_MAL_DMA_DREG                       0x200000cc   Data           4  stm32f4_discovery_audio_codec.o(.data)
    AUDIO_MAL_DMA_CHANNEL                    0x200000d0   Data           4  stm32f4_discovery_audio_codec.o(.data)
    AUDIO_MAL_DMA_IRQ                        0x200000d4   Data           4  stm32f4_discovery_audio_codec.o(.data)
    AUDIO_MAL_DMA_FLAG_TC                    0x200000d8   Data           4  stm32f4_discovery_audio_codec.o(.data)
    AUDIO_MAL_DMA_FLAG_HT                    0x200000dc   Data           4  stm32f4_discovery_audio_codec.o(.data)
    AUDIO_MAL_DMA_FLAG_FE                    0x200000e0   Data           4  stm32f4_discovery_audio_codec.o(.data)
    AUDIO_MAL_DMA_FLAG_TE                    0x200000e4   Data           4  stm32f4_discovery_audio_codec.o(.data)
    AUDIO_MAL_DMA_FLAG_DME                   0x200000e8   Data           4  stm32f4_discovery_audio_codec.o(.data)
    CurrentPos                               0x200000ec   Data           4  stm32f4_discovery_audio_codec.o(.data)
    USBD_HID_cb                              0x20000100   Data          44  usbd_hid_core.o(.data)
    USBD_ep_status                           0x200001a8   Data           4  usbd_req.o(.data)
    USBD_default_cfg                         0x200001ac   Data           4  usbd_req.o(.data)
    USBD_cfg_status                          0x200001b0   Data           4  usbd_req.o(.data)
    USBD_DCD_INT_cb                          0x200001b4   Data          44  usbd_core.o(.data)
    USBD_DCD_INT_fops                        0x200001e0   Data           4  usbd_core.o(.data)
    USB_OTG_dev                              0x200001e4   Data        1520  main.o(.bss)
    ADC_InitStructure                        0x200007d4   Data          24  selftest.o(.bss)
    ADC_CommonInitStructure                  0x200007ec   Data          16  selftest.o(.bss)
    DMA_InitStructure                        0x200007fc   Data          60  stm32f4_discovery_audio_codec.o(.bss)
    USBD_StrDesc                             0x20000838   Data          64  usbd_req.o(.bss)
    __initial_sp                             0x20000c78   Data           0  startup_stm32f4xx.o(STACK)



==============================================================================

Memory Map of the image

  Image Entry point : 0x08000189

  Load Region LR_IROM1 (Base: 0x08000000, Size: 0x000048bc, Max: 0x00100000, ABSOLUTE, COMPRESSED[0x00004804])

    Execution Region ER_IROM1 (Base: 0x08000000, Size: 0x000046d8, Max: 0x00100000, ABSOLUTE)

    Base Addr    Size         Type   Attr      Idx    E Section Name        Object

    0x08000000   0x00000188   Data   RO         3126    RESET               startup_stm32f4xx.o
    0x08000188   0x00000000   Code   RO         3748  * .ARM.Collect$$$$00000000  mc_w.l(entry.o)
    0x08000188   0x00000004   Code   RO         3751    .ARM.Collect$$$$00000001  mc_w.l(entry2.o)
    0x0800018c   0x00000004   Code   RO         3754    .ARM.Collect$$$$00000004  mc_w.l(entry5.o)
    0x08000190   0x00000000   Code   RO         3756    .ARM.Collect$$$$00000008  mc_w.l(entry7b.o)
    0x08000190   0x00000008   Code   RO         3757    .ARM.Collect$$$$00000009  mc_w.l(entry8.o)
    0x08000198   0x00000004   Code   RO         3752    .ARM.Collect$$$$00002712  mc_w.l(entry2.o)
    0x0800019c   0x00000024   Code   RO         3127    .text               startup_stm32f4xx.o
    0x080001c0   0x00000024   Code   RO         3758    .text               mc_w.l(init.o)
    0x080001e4   0x0000005c   Code   RO         3768    .text               mc_w.l(__dczerorl2.o)
    0x08000240   0x00000014   Code   RO         1098    i.ADC_Cmd           stm32f4xx_adc.o
    0x08000254   0x00000030   Code   RO         1099    i.ADC_CommonInit    stm32f4xx_adc.o
    0x08000284   0x00000006   Code   RO         1110    i.ADC_GetConversionValue  stm32f4xx_adc.o
    0x0800028a   0x0000000e   Code   RO         1111    i.ADC_GetFlagStatus  stm32f4xx_adc.o
    0x08000298   0x0000004c   Code   RO         1118    i.ADC_Init          stm32f4xx_adc.o
    0x080002e4   0x00000074   Code   RO         1123    i.ADC_RegularChannelConfig  stm32f4xx_adc.o
    0x08000358   0x0000000a   Code   RO         1125    i.ADC_SoftwareStartConv  stm32f4xx_adc.o
    0x08000362   0x00000014   Code   RO         1127    i.ADC_StructInit    stm32f4xx_adc.o
    0x08000376   0x00000002   PAD
    0x08000378   0x000000bc   Code   RO          462    i.Accelerometer_MEMS_Test  selftest.o
    0x08000434   0x0000009c   Code   RO          777    i.Audio_MAL_IRQHandler  stm32f4_discovery_audio_codec.o
    0x080004d0   0x000000c8   Code   RO          778    i.Audio_MAL_Init    stm32f4_discovery_audio_codec.o
    0x08000598   0x0000026c   Code   RO          463    i.Audio_Test        selftest.o
    0x08000804   0x00000002   Code   RO          280    i.BusFault_Handler  stm32f4xx_it.o
    0x08000806   0x00000002   PAD
    0x08000808   0x0000006c   Code   RO          780    i.Codec_AudioInterface_Init  stm32f4_discovery_audio_codec.o
    0x08000874   0x00000064   Code   RO          781    i.Codec_GPIO_DeInit  stm32f4_discovery_audio_codec.o
    0x080008d8   0x0000011c   Code   RO          782    i.Codec_GPIO_Init   stm32f4_discovery_audio_codec.o
    0x080009f4   0x00000128   Code   RO          783    i.Codec_Init        stm32f4_discovery_audio_codec.o
    0x08000b1c   0x00000170   Code   RO          785    i.Codec_ReadRegister  stm32f4_discovery_audio_codec.o
    0x08000c8c   0x00000028   Code   RO          786    i.Codec_Reset       stm32f4_discovery_audio_codec.o
    0x08000cb4   0x00000002   Code   RO          464    i.Codec_TIMEOUT_UserCallback  selftest.o
    0x08000cb6   0x00000024   Code   RO          787    i.Codec_VolumeCtrl  stm32f4_discovery_audio_codec.o
    0x08000cda   0x00000002   PAD
    0x08000cdc   0x00000100   Code   RO          788    i.Codec_WriteRegister  stm32f4_discovery_audio_codec.o
    0x08000ddc   0x00000018   Code   RO         1335    i.DAC_Cmd           stm32f4xx_dac.o
    0x08000df4   0x00000050   Code   RO          789    i.DAC_Config        stm32f4_discovery_audio_codec.o
    0x08000e44   0x00000028   Code   RO         1343    i.DAC_Init          stm32f4xx_dac.o
    0x08000e6c   0x0000000c   Code   RO         1344    i.DAC_SetChannel1Data  stm32f4xx_dac.o
    0x08000e78   0x00000010   Code   RO         3398    i.DCD_DevDisconnect  usb_dcd.o
    0x08000e88   0x0000002c   Code   RO         3399    i.DCD_EP_Close      usb_dcd.o
    0x08000eb4   0x00000038   Code   RO         3400    i.DCD_EP_ClrStall   usb_dcd.o
    0x08000eec   0x00000018   Code   RO         3401    i.DCD_EP_Flush      usb_dcd.o
    0x08000f04   0x0000003c   Code   RO         3402    i.DCD_EP_Open       usb_dcd.o
    0x08000f40   0x0000003c   Code   RO         3403    i.DCD_EP_PrepareRx  usb_dcd.o
    0x08000f7c   0x00000010   Code   RO         3404    i.DCD_EP_SetAddress  usb_dcd.o
    0x08000f8c   0x00000038   Code   RO         3405    i.DCD_EP_Stall      usb_dcd.o
    0x08000fc4   0x00000036   Code   RO         3406    i.DCD_EP_Tx         usb_dcd.o
    0x08000ffa   0x00000002   PAD
    0x08000ffc   0x000000e8   Code   RO         3132    i.DCD_HandleInEP_ISR  usb_dcd_int.o
    0x080010e4   0x000000bc   Code   RO         3133    i.DCD_HandleOutEP_ISR  usb_dcd_int.o
    0x080011a0   0x0000007c   Code   RO         3134    i.DCD_HandleRxStatusQueueLevel_ISR  usb_dcd_int.o
    0x0800121c   0x00000084   Code   RO         3135    i.DCD_HandleUsbReset_ISR  usb_dcd_int.o
    0x080012a0   0x0000008a   Code   RO         3408    i.DCD_Init          usb_dcd.o
    0x0800132a   0x00000076   Code   RO         3136    i.DCD_WriteEmptyTxFifo  usb_dcd_int.o
    0x080013a0   0x00000004   Code   RO          790    i.DMA1_Stream0_IRQHandler  stm32f4_discovery_audio_codec.o
    0x080013a4   0x00000004   Code   RO          791    i.DMA1_Stream7_IRQHandler  stm32f4_discovery_audio_codec.o
    0x080013a8   0x0000002c   Code   RO         1448    i.DMA_ClearFlag     stm32f4xx_dma.o
    0x080013d4   0x00000014   Code   RO         1450    i.DMA_Cmd           stm32f4xx_dma.o
    0x080013e8   0x00000124   Code   RO         1451    i.DMA_DeInit        stm32f4xx_dma.o
    0x0800150c   0x0000000e   Code   RO         1455    i.DMA_GetCmdStatus  stm32f4xx_dma.o
    0x0800151a   0x00000002   PAD
    0x0800151c   0x00000034   Code   RO         1459    i.DMA_GetFlagStatus  stm32f4xx_dma.o
    0x08001550   0x0000002c   Code   RO         1461    i.DMA_ITConfig      stm32f4xx_dma.o
    0x0800157c   0x00000054   Code   RO         1462    i.DMA_Init          stm32f4xx_dma.o
    0x080015d0   0x00000002   Code   RO          281    i.DebugMon_Handler  stm32f4xx_it.o
    0x080015d2   0x00000002   PAD
    0x080015d4   0x00000010   Code   RO          138    i.Delay             main.o
    0x080015e4   0x00000194   Code   RO          139    i.Demo_Exec         main.o
    0x08001778   0x00000060   Code   RO          792    i.EVAL_AUDIO_DeInit  stm32f4_discovery_audio_codec.o
    0x080017d8   0x00000060   Code   RO          466    i.EVAL_AUDIO_GetSampleCallBack  selftest.o
    0x08001838   0x00000028   Code   RO          793    i.EVAL_AUDIO_Init   stm32f4_discovery_audio_codec.o
    0x08001860   0x0000008c   Code   RO          797    i.EVAL_AUDIO_SetAudioInterface  stm32f4_discovery_audio_codec.o
    0x080018ec   0x00000002   Code   RO          468    i.EVAL_AUDIO_TransferComplete_CallBack  selftest.o
    0x080018ee   0x00000002   PAD
    0x080018f0   0x00000010   Code   RO          282    i.EXTI0_IRQHandler  stm32f4xx_it.o
    0x08001900   0x0000000c   Code   RO         1576    i.EXTI_ClearITPendingBit  stm32f4xx_exti.o
    0x0800190c   0x00000074   Code   RO         1581    i.EXTI_Init         stm32f4xx_exti.o
    0x08001980   0x0000006c   Code   RO         1640    i.FLASH_EraseSector  stm32f4xx_flash.o
    0x080019ec   0x00000034   Code   RO         1642    i.FLASH_GetStatus   stm32f4xx_flash.o
    0x08001a20   0x0000003c   Code   RO         1662    i.FLASH_ProgramWord  stm32f4xx_flash.o
    0x08001a5c   0x00000024   Code   RO         1664    i.FLASH_Unlock      stm32f4xx_flash.o
    0x08001a80   0x0000000e   Code   RO         1665    i.FLASH_WaitForLastOperation  stm32f4xx_flash.o
    0x08001a8e   0x00000002   PAD
    0x08001a90   0x00000024   Code   RO          140    i.Fail_Handler      main.o
    0x08001ab4   0x0000007c   Code   RO         1830    i.GPIO_Init         stm32f4xx_gpio.o
    0x08001b30   0x00000020   Code   RO         1831    i.GPIO_PinAFConfig  stm32f4xx_gpio.o
    0x08001b50   0x0000000e   Code   RO         1834    i.GPIO_ReadInputDataBit  stm32f4xx_gpio.o
    0x08001b5e   0x00000004   Code   RO         1837    i.GPIO_ResetBits    stm32f4xx_gpio.o
    0x08001b62   0x00000004   Code   RO         1838    i.GPIO_SetBits      stm32f4xx_gpio.o
    0x08001b66   0x0000000a   Code   RO         1842    i.GPIO_WriteBit     stm32f4xx_gpio.o
    0x08001b70   0x00000002   Code   RO          283    i.HardFault_Handler  stm32f4xx_it.o
    0x08001b72   0x00000014   Code   RO         1927    i.I2C_AcknowledgeConfig  stm32f4xx_i2c.o
    0x08001b86   0x00000018   Code   RO         1929    i.I2C_CheckEvent    stm32f4xx_i2c.o
    0x08001b9e   0x00000006   Code   RO         1930    i.I2C_ClearFlag     stm32f4xx_i2c.o
    0x08001ba4   0x00000014   Code   RO         1932    i.I2C_Cmd           stm32f4xx_i2c.o
    0x08001bb8   0x00000044   Code   RO         1935    i.I2C_DeInit        stm32f4xx_i2c.o
    0x08001bfc   0x00000014   Code   RO         1939    i.I2C_GenerateSTART  stm32f4xx_i2c.o
    0x08001c10   0x00000014   Code   RO         1940    i.I2C_GenerateSTOP  stm32f4xx_i2c.o
    0x08001c24   0x0000001e   Code   RO         1941    i.I2C_GetFlagStatus  stm32f4xx_i2c.o
    0x08001c42   0x00000002   PAD
    0x08001c44   0x000000b4   Code   RO         1946    i.I2C_Init          stm32f4xx_i2c.o
    0x08001cf8   0x00000006   Code   RO         1951    i.I2C_ReceiveData   stm32f4xx_i2c.o
    0x08001cfe   0x00000010   Code   RO         1953    i.I2C_Send7bitAddress  stm32f4xx_i2c.o
    0x08001d0e   0x00000004   Code   RO         1954    i.I2C_SendData      stm32f4xx_i2c.o
    0x08001d12   0x00000014   Code   RO         2416    i.I2S_Cmd           stm32f4xx_spi.o
    0x08001d26   0x00000002   PAD
    0x08001d28   0x000000c0   Code   RO         2418    i.I2S_Init          stm32f4xx_spi.o
    0x08001de8   0x0000003c   Code   RO          638    i.LIS302DL_FilterConfig  stm32f4_discovery_lis302dl.o
    0x08001e24   0x00000030   Code   RO          640    i.LIS302DL_Init     stm32f4_discovery_lis302dl.o
    0x08001e54   0x00000120   Code   RO          642    i.LIS302DL_LowLevel_Init  stm32f4_discovery_lis302dl.o
    0x08001f74   0x0000004c   Code   RO          644    i.LIS302DL_Read     stm32f4_discovery_lis302dl.o
    0x08001fc0   0x00000064   Code   RO          647    i.LIS302DL_SendByte  stm32f4_discovery_lis302dl.o
    0x08002024   0x00000010   Code   RO          141    i.LIS302DL_TIMEOUT_UserCallback  main.o
    0x08002034   0x00000044   Code   RO          648    i.LIS302DL_Write    stm32f4_discovery_lis302dl.o
    0x08002078   0x00000002   Code   RO          284    i.MemManage_Handler  stm32f4xx_it.o
    0x0800207a   0x00000002   PAD
    0x0800207c   0x000000ec   Code   RO          469    i.Microphone_MEMS_Test  selftest.o
    0x08002168   0x00000002   Code   RO          285    i.NMI_Handler       stm32f4xx_it.o
    0x0800216a   0x00000002   PAD
    0x0800216c   0x00000064   Code   RO         1046    i.NVIC_Init         misc.o
    0x080021d0   0x00000014   Code   RO         1047    i.NVIC_PriorityGroupConfig  misc.o
    0x080021e4   0x0000000c   Code   RO          286    i.OTG_FS_IRQHandler  stm32f4xx_it.o
    0x080021f0   0x00000030   Code   RO          287    i.OTG_FS_WKUP_IRQHandler  stm32f4xx_it.o
    0x08002220   0x00000002   Code   RO          288    i.PendSV_Handler    stm32f4xx_it.o
    0x08002222   0x00000002   PAD
    0x08002224   0x00000018   Code   RO         2137    i.RCC_AHB1PeriphClockCmd  stm32f4xx_rcc.o
    0x0800223c   0x00000018   Code   RO         2140    i.RCC_AHB2PeriphClockCmd  stm32f4xx_rcc.o
    0x08002254   0x00000018   Code   RO         2146    i.RCC_APB1PeriphClockCmd  stm32f4xx_rcc.o
    0x0800226c   0x00000018   Code   RO         2148    i.RCC_APB1PeriphResetCmd  stm32f4xx_rcc.o
    0x08002284   0x00000018   Code   RO         2149    i.RCC_APB2PeriphClockCmd  stm32f4xx_rcc.o
    0x0800229c   0x00000018   Code   RO         2151    i.RCC_APB2PeriphResetCmd  stm32f4xx_rcc.o
    0x080022b4   0x00000098   Code   RO         2158    i.RCC_GetClocksFreq  stm32f4xx_rcc.o
    0x0800234c   0x00000040   Code   RO          800    i.SPI3_IRQHandler   stm32f4_discovery_audio_codec.o
    0x0800238c   0x00000014   Code   RO         2422    i.SPI_Cmd           stm32f4xx_spi.o
    0x080023a0   0x00000010   Code   RO         2428    i.SPI_I2S_DMACmd    stm32f4xx_spi.o
    0x080023b0   0x00000054   Code   RO         2429    i.SPI_I2S_DeInit    stm32f4xx_spi.o
    0x08002404   0x0000000e   Code   RO         2430    i.SPI_I2S_GetFlagStatus  stm32f4xx_spi.o
    0x08002412   0x00000018   Code   RO         2432    i.SPI_I2S_ITConfig  stm32f4xx_spi.o
    0x0800242a   0x00000004   Code   RO         2433    i.SPI_I2S_ReceiveData  stm32f4xx_spi.o
    0x0800242e   0x00000004   Code   RO         2434    i.SPI_I2S_SendData  stm32f4xx_spi.o
    0x08002432   0x00000038   Code   RO         2435    i.SPI_Init          stm32f4xx_spi.o
    0x0800246a   0x00000002   PAD
    0x0800246c   0x00000048   Code   RO          723    i.STM_EVAL_LEDInit  stm32f4_discovery.o
    0x080024b4   0x00000018   Code   RO          724    i.STM_EVAL_LEDOff   stm32f4_discovery.o
    0x080024cc   0x00000018   Code   RO          725    i.STM_EVAL_LEDOn    stm32f4_discovery.o
    0x080024e4   0x0000001c   Code   RO          726    i.STM_EVAL_LEDToggle  stm32f4_discovery.o
    0x08002500   0x00000018   Code   RO          727    i.STM_EVAL_PBGetState  stm32f4_discovery.o
    0x08002518   0x00000098   Code   RO          728    i.STM_EVAL_PBInit   stm32f4_discovery.o
    0x080025b0   0x00000002   Code   RO          289    i.SVC_Handler       stm32f4xx_it.o
    0x080025b2   0x00000002   PAD
    0x080025b4   0x00000028   Code   RO          928    i.SYSCFG_EXTILineConfig  stm32f4xx_syscfg.o
    0x080025dc   0x000000c0   Code   RO            2    i.SetSysClock       system_stm32f4xx.o
    0x0800269c   0x0000002c   Code   RO          142    i.SysTick_Config    main.o
    0x080026c8   0x0000016c   Code   RO          290    i.SysTick_Handler   stm32f4xx_it.o
    0x08002834   0x00000050   Code   RO            4    i.SystemInit        system_stm32f4xx.o
    0x08002884   0x00000134   Code   RO          143    i.TIM4_Config       main.o
    0x080029b8   0x00000014   Code   RO         2581    i.TIM_ARRPreloadConfig  stm32f4xx_tim.o
    0x080029cc   0x00000016   Code   RO         2585    i.TIM_CCxCmd        stm32f4xx_tim.o
    0x080029e2   0x00000014   Code   RO         2593    i.TIM_Cmd           stm32f4xx_tim.o
    0x080029f6   0x00000002   PAD
    0x080029f8   0x00000060   Code   RO         2622    i.TIM_OC1Init       stm32f4xx_tim.o
    0x08002a58   0x0000000c   Code   RO         2625    i.TIM_OC1PreloadConfig  stm32f4xx_tim.o
    0x08002a64   0x0000007c   Code   RO         2627    i.TIM_OC2Init       stm32f4xx_tim.o
    0x08002ae0   0x0000000e   Code   RO         2630    i.TIM_OC2PreloadConfig  stm32f4xx_tim.o
    0x08002aee   0x00000002   PAD
    0x08002af0   0x00000078   Code   RO         2632    i.TIM_OC3Init       stm32f4xx_tim.o
    0x08002b68   0x0000000c   Code   RO         2635    i.TIM_OC3PreloadConfig  stm32f4xx_tim.o
    0x08002b74   0x0000005c   Code   RO         2637    i.TIM_OC4Init       stm32f4xx_tim.o
    0x08002bd0   0x0000000e   Code   RO         2639    i.TIM_OC4PreloadConfig  stm32f4xx_tim.o
    0x08002bde   0x00000004   Code   RO         2653    i.TIM_SetAutoreload  stm32f4xx_tim.o
    0x08002be2   0x00000004   Code   RO         2655    i.TIM_SetCompare1   stm32f4xx_tim.o
    0x08002be6   0x00000004   Code   RO         2656    i.TIM_SetCompare2   stm32f4xx_tim.o
    0x08002bea   0x00000004   Code   RO         2657    i.TIM_SetCompare3   stm32f4xx_tim.o
    0x08002bee   0x00000004   Code   RO         2658    i.TIM_SetCompare4   stm32f4xx_tim.o
    0x08002bf2   0x00000002   PAD
    0x08002bf4   0x00000080   Code   RO         2665    i.TIM_TimeBaseInit  stm32f4xx_tim.o
    0x08002c74   0x00000014   Code   RO          144    i.TimingDelay_Decrement  main.o
    0x08002c88   0x0000000e   Code   RO         3611    i.USBD_ClrCfg       usbd_core.o
    0x08002c96   0x00000012   Code   RO         3697    i.USBD_CtlContinueRx  usbd_ioreq.o
    0x08002ca8   0x00000012   Code   RO         3698    i.USBD_CtlContinueSendData  usbd_ioreq.o
    0x08002cba   0x00000024   Code   RO         3539    i.USBD_CtlError     usbd_req.o
    0x08002cde   0x00000022   Code   RO         3700    i.USBD_CtlReceiveStatus  usbd_ioreq.o
    0x08002d00   0x00000020   Code   RO         3701    i.USBD_CtlSendData  usbd_ioreq.o
    0x08002d20   0x00000022   Code   RO         3702    i.USBD_CtlSendStatus  usbd_ioreq.o
    0x08002d42   0x00000096   Code   RO         3612    i.USBD_DataInStage  usbd_core.o
    0x08002dd8   0x00000074   Code   RO         3613    i.USBD_DataOutStage  usbd_core.o
    0x08002e4c   0x000000ce   Code   RO         3540    i.USBD_GetDescriptor  usbd_req.o
    0x08002f1a   0x0000004a   Code   RO         3541    i.USBD_GetString    usbd_req.o
    0x08002f64   0x0000000c   Code   RO         3485    i.USBD_HID_DataIn   usbd_hid_core.o
    0x08002f70   0x00000016   Code   RO         3486    i.USBD_HID_DeInit   usbd_hid_core.o
    0x08002f86   0x00000002   PAD
    0x08002f88   0x0000000c   Code   RO         3487    i.USBD_HID_GetCfgDesc  usbd_hid_core.o
    0x08002f94   0x00000044   Code   RO          291    i.USBD_HID_GetPos   stm32f4xx_it.o
    0x08002fd8   0x0000001e   Code   RO         3488    i.USBD_HID_Init     usbd_hid_core.o
    0x08002ff6   0x00000018   Code   RO         3489    i.USBD_HID_SendReport  usbd_hid_core.o
    0x0800300e   0x00000002   PAD
    0x08003010   0x000000a8   Code   RO         3490    i.USBD_HID_Setup    usbd_hid_core.o
    0x080030b8   0x00000036   Code   RO         3615    i.USBD_Init         usbd_core.o
    0x080030ee   0x0000000e   Code   RO         3616    i.USBD_IsoINIncomplete  usbd_core.o
    0x080030fc   0x0000000e   Code   RO         3617    i.USBD_IsoOUTIncomplete  usbd_core.o
    0x0800310a   0x00000002   PAD
    0x0800310c   0x00000180   Code   RO         3137    i.USBD_OTG_ISR_Handler  usb_dcd_int.o
    0x0800328c   0x00000044   Code   RO         3542    i.USBD_ParseSetupRequest  usbd_req.o
    0x080032d0   0x0000002e   Code   RO         3618    i.USBD_Reset        usbd_core.o
    0x080032fe   0x00000016   Code   RO         3619    i.USBD_Resume       usbd_core.o
    0x08003314   0x00000010   Code   RO         3620    i.USBD_SOF          usbd_core.o
    0x08003324   0x0000001a   Code   RO         3621    i.USBD_SetCfg       usbd_core.o
    0x0800333e   0x00000002   PAD
    0x08003340   0x00000078   Code   RO         3543    i.USBD_SetConfig    usbd_req.o
    0x080033b8   0x00000070   Code   RO         3544    i.USBD_SetFeature   usbd_req.o
    0x08003428   0x00000048   Code   RO         3622    i.USBD_SetupStage   usbd_core.o
    0x08003470   0x000000f4   Code   RO         3545    i.USBD_StdDevReq    usbd_req.o
    0x08003564   0x000000d8   Code   RO         3546    i.USBD_StdEPReq     usbd_req.o
    0x0800363c   0x00000038   Code   RO         3547    i.USBD_StdItfReq    usbd_req.o
    0x08003674   0x00000014   Code   RO         3623    i.USBD_Suspend      usbd_core.o
    0x08003688   0x00000020   Code   RO          573    i.USBD_USR_ConfigStrDescriptor  usbd_desc.o
    0x080036a8   0x00000002   Code   RO          378    i.USBD_USR_DeviceConfigured  usbd_usr.o
    0x080036aa   0x00000002   Code   RO          379    i.USBD_USR_DeviceConnected  usbd_usr.o
    0x080036ac   0x0000000c   Code   RO          574    i.USBD_USR_DeviceDescriptor  usbd_desc.o
    0x080036b8   0x00000002   Code   RO          380    i.USBD_USR_DeviceDisconnected  usbd_usr.o
    0x080036ba   0x00000002   Code   RO          381    i.USBD_USR_DeviceReset  usbd_usr.o
    0x080036bc   0x00000002   Code   RO          382    i.USBD_USR_DeviceResumed  usbd_usr.o
    0x080036be   0x00000002   Code   RO          383    i.USBD_USR_DeviceSuspended  usbd_usr.o
    0x080036c0   0x00000038   Code   RO          384    i.USBD_USR_Init     usbd_usr.o
    0x080036f8   0x00000024   Code   RO          575    i.USBD_USR_InterfaceStrDescriptor  usbd_desc.o
    0x0800371c   0x0000000c   Code   RO          576    i.USBD_USR_LangIDStrDescriptor  usbd_desc.o
    0x08003728   0x00000028   Code   RO          577    i.USBD_USR_ManufacturerStrDescriptor  usbd_desc.o
    0x08003750   0x00000044   Code   RO          578    i.USBD_USR_ProductStrDescriptor  usbd_desc.o
    0x08003794   0x0000003c   Code   RO          579    i.USBD_USR_SerialStrDescriptor  usbd_desc.o
    0x080037d0   0x00000028   Code   RO          536    i.USB_OTG_BSP_EnableInterrupt  usb_bsp.o
    0x080037f8   0x000000a8   Code   RO          537    i.USB_OTG_BSP_Init  usb_bsp.o
    0x080038a0   0x0000000a   Code   RO          538    i.USB_OTG_BSP_mDelay  usb_bsp.o
    0x080038aa   0x00000016   Code   RO          539    i.USB_OTG_BSP_uDelay  usb_bsp.o
    0x080038c0   0x000000da   Code   RO         3178    i.USB_OTG_CoreInit  usb_core.o
    0x0800399a   0x00000002   PAD
    0x0800399c   0x0000012c   Code   RO         3179    i.USB_OTG_CoreInitDev  usb_core.o
    0x08003ac8   0x00000058   Code   RO         3180    i.USB_OTG_CoreReset  usb_core.o
    0x08003b20   0x00000010   Code   RO         3181    i.USB_OTG_DisableGlobalInt  usb_core.o
    0x08003b30   0x0000003c   Code   RO         3182    i.USB_OTG_EP0Activate  usb_core.o
    0x08003b6c   0x000000b0   Code   RO         3183    i.USB_OTG_EP0StartXfer  usb_core.o
    0x08003c1c   0x00000024   Code   RO         3184    i.USB_OTG_EP0_OutStart  usb_core.o
    0x08003c40   0x00000056   Code   RO         3185    i.USB_OTG_EPActivate  usb_core.o
    0x08003c96   0x00000032   Code   RO         3186    i.USB_OTG_EPClearStall  usb_core.o
    0x08003cc8   0x0000003e   Code   RO         3187    i.USB_OTG_EPDeactivate  usb_core.o
    0x08003d06   0x00000030   Code   RO         3188    i.USB_OTG_EPSetStall  usb_core.o
    0x08003d36   0x00000126   Code   RO         3189    i.USB_OTG_EPStartXfer  usb_core.o
    0x08003e5c   0x00000044   Code   RO         3190    i.USB_OTG_EnableDevInt  usb_core.o
    0x08003ea0   0x00000010   Code   RO         3191    i.USB_OTG_EnableGlobalInt  usb_core.o
    0x08003eb0   0x0000003c   Code   RO         3192    i.USB_OTG_FlushRxFifo  usb_core.o
    0x08003eec   0x00000044   Code   RO         3193    i.USB_OTG_FlushTxFifo  usb_core.o
    0x08003f30   0x00000026   Code   RO         3194    i.USB_OTG_GetDeviceSpeed  usb_core.o
    0x08003f56   0x0000000c   Code   RO         3197    i.USB_OTG_InitDevSpeed  usb_core.o
    0x08003f62   0x00000014   Code   RO         3198    i.USB_OTG_IsDeviceMode  usb_core.o
    0x08003f76   0x0000000a   Code   RO         3200    i.USB_OTG_ReadCoreItr  usb_core.o
    0x08003f80   0x0000000c   Code   RO         3201    i.USB_OTG_ReadDevAllInEPItr  usb_core.o
    0x08003f8c   0x0000000c   Code   RO         3202    i.USB_OTG_ReadDevAllOutEp_itr  usb_core.o
    0x08003f98   0x00000010   Code   RO         3203    i.USB_OTG_ReadDevOutEP_itr  usb_core.o
    0x08003fa8   0x00000020   Code   RO         3205    i.USB_OTG_ReadPacket  usb_core.o
    0x08003fc8   0x000000c4   Code   RO         3206    i.USB_OTG_SelectCore  usb_core.o
    0x0800408c   0x0000002a   Code   RO         3207    i.USB_OTG_SetCurrentMode  usb_core.o
    0x080040b6   0x0000004a   Code   RO         3209    i.USB_OTG_StopDevice  usb_core.o
    0x08004100   0x0000001e   Code   RO         3210    i.USB_OTG_UngateClock  usb_core.o
    0x0800411e   0x00000028   Code   RO         3211    i.USB_OTG_WritePacket  usb_core.o
    0x08004146   0x00000002   PAD
    0x08004148   0x000003dc   Code   RO          470    i.USB_Test          selftest.o
    0x08004524   0x00000002   Code   RO          292    i.UsageFault_Handler  stm32f4xx_it.o
    0x08004526   0x0000000e   Code   RO         3762    i.__scatterload_copy  mc_w.l(handlers.o)
    0x08004534   0x00000002   Code   RO         3763    i.__scatterload_null  mc_w.l(handlers.o)
    0x08004536   0x0000000e   Code   RO         3764    i.__scatterload_zeroinit  mc_w.l(handlers.o)
    0x08004544   0x000000f0   Code   RO          145    i.main              main.o
    0x08004634   0x00000060   Data   RO          473    .constdata          selftest.o
    0x08004694   0x00000024   Data   RO          729    .constdata          stm32f4_discovery.o
    0x080046b8   0x00000020   Data   RO         3760    Region$$Table       anon$$obj.o


    Execution Region RW_IRAM1 (Base: 0x20000000, Size: 0x00000c78, Max: 0x00020000, ABSOLUTE, COMPRESSED[0x0000012c])

    Base Addr    Size         Type   Attr      Idx    E Section Name        Object

    0x20000000   0x00000014   Data   RW            5    .data               system_stm32f4xx.o
    0x20000014   0x0000001b   Data   RW          147    .data               main.o
    0x2000002f   0x00000006   Data   RW          293    .data               stm32f4xx_it.o
    0x20000035   0x00000003   PAD
    0x20000038   0x0000001c   Data   RW          385    .data               usbd_usr.o
    0x20000054   0x00000010   Data   RW          474    .data               selftest.o
    0x20000064   0x0000001c   Data   RW          580    .data               usbd_desc.o
    0x20000080   0x00000016   Data   RW          581    .data               usbd_desc.o
    0x20000096   0x00000002   PAD
    0x20000098   0x00000004   Data   RW          649    .data               stm32f4_discovery_lis302dl.o
    0x2000009c   0x00000014   Data   RW          730    .data               stm32f4_discovery.o
    0x200000b0   0x00000040   Data   RW          803    .data               stm32f4_discovery_audio_codec.o
    0x200000f0   0x00000010   Data   RW         2181    .data               stm32f4xx_rcc.o
    0x20000100   0x0000002c   Data   RW         3491    .data               usbd_hid_core.o
    0x2000012c   0x00000078   Data   RW         3492    .data               usbd_hid_core.o
    0x200001a4   0x00000010   Data   RW         3549    .data               usbd_req.o
    0x200001b4   0x0000002c   Data   RW         3624    .data               usbd_core.o
    0x200001e0   0x00000004   Data   RW         3625    .data               usbd_core.o
    0x200001e4   0x000005f0   Zero   RW          146    .bss                main.o
    0x200007d4   0x00000028   Zero   RW          472    .bss                selftest.o
    0x200007fc   0x0000003c   Zero   RW          801    .bss                stm32f4_discovery_audio_codec.o
    0x20000838   0x00000040   Zero   RW         3548    .bss                usbd_req.o
    0x20000878   0x00000400   Zero   RW         3124    STACK               startup_stm32f4xx.o


==============================================================================

Image component sizes


      Code (inc. data)   RO Data    RW Data    ZI Data      Debug   Object Name

      1084         76          0         27       1520     269777   main.o
       120         18          0          0          0       3639   misc.o
      2132         80         96         16         40       7048   selftest.o
        36          8        392          0       1024        940   startup_stm32f4xx.o
       324         52         36         20          0       6460   stm32f4_discovery.o
      2272        180          0         64         60      15344   stm32f4_discovery_audio_codec.o
       640         32          0          4          0      10831   stm32f4_discovery_lis302dl.o
       310         18          0          0          0      20951   stm32f4xx_adc.o
        76         12          0          0          0       7719   stm32f4xx_dac.o
       550         50          0          0          0      19452   stm32f4xx_dma.o
       128         10          0          0          0       4361   stm32f4xx_exti.o
       270         28          0          0          0       9782   stm32f4xx_flash.o
       188          0          0          0          0      11287   stm32f4xx_gpio.o
       414         20          0          0          0      17173   stm32f4xx_i2c.o
       524         56          0          6          0       7909   stm32f4xx_it.o
       296         50          0         16          0      20094   stm32f4xx_rcc.o
       434         20          0          0          0      16256   stm32f4xx_spi.o
        40          6          0          0          0      13732   stm32f4xx_syscfg.o
       694         60          0          0          0      33660   stm32f4xx_tim.o
       272         42          0         20          0     290837   system_stm32f4xx.o
       240          4          0          0          0       2699   usb_bsp.o
      2180         30          0          0          0      23887   usb_core.o
       524          0          0          0          0       7855   usb_dcd.o
      1178         32          0          0          0       7219   usb_dcd_int.o
       564          0          0         48          0      10328   usbd_core.o
       260        148          0         50          0       5680   usbd_desc.o
       268         10          0        164          0       6036   usbd_hid_core.o
       136          0          0          0          0       4116   usbd_ioreq.o
      1132         44          0         16         64       9303   usbd_req.o
        68         10          0         28          0      42352   usbd_usr.o

    ----------------------------------------------------------------------
     17402       1096        556        484       2708     906727   Object Totals
         0          0         32          0          0          0   (incl. Generated)
        48          0          0          5          0          0   (incl. Padding)

    ----------------------------------------------------------------------

      Code (inc. data)   RO Data    RW Data    ZI Data      Debug   Library Member Name

        92          0          0          0          0          0   __dczerorl2.o
         0          0          0          0          0          0   entry.o
         8          4          0          0          0          0   entry2.o
         4          0          0          0          0          0   entry5.o
         0          0          0          0          0          0   entry7b.o
         8          4          0          0          0          0   entry8.o
        30          0          0          0          0          0   handlers.o
        36          8          0          0          0         68   init.o

    ----------------------------------------------------------------------
       178         16          0          0          0         68   Library Totals
         0          0          0          0          0          0   (incl. Padding)

    ----------------------------------------------------------------------

      Code (inc. data)   RO Data    RW Data    ZI Data      Debug   Library Name

       178         16          0          0          0         68   mc_w.l

    ----------------------------------------------------------------------
       178         16          0          0          0         68   Library Totals

    ----------------------------------------------------------------------

==============================================================================


      Code (inc. data)   RO Data    RW Data    ZI Data      Debug   

     17580       1112        556        484       2708     884195   Grand Totals
     17580       1112        556        300       2708     884195   ELF Image Totals (compressed)
     17580       1112        556        300          0          0   ROM Totals

==============================================================================

    Total RO  Size (Code + RO Data)                18136 (  17.71kB)
    Total RW  Size (RW Data + ZI Data)              3192 (   3.12kB)
    Total ROM Size (Code + RO Data + RW Data)      18436 (  18.00kB)

==============================================================================

