<html>
<body>
<pre>
<h1>킮ision Build Log</h1>
<h2>Project:</h2>
Y:\공유폴더\SWMaestro\1단계2차\STM32F4Discovery\STM32F4-Discovery_FW_V1.1.0\Project\Demonstration\MDK-ARM\STM32F4-Discovery_Demo.uvproj
Project File Date:  10/11/2012

<h2>Output:</h2>
Build target 'Demo'
compiling system_stm32f4xx.c...
compiling main.c...
compiling stm32f4xx_it.c...
compiling usbd_usr.c...
compiling selftest.c...
compiling usb_bsp.c...
compiling usbd_desc.c...
compiling stm32f4_discovery_lis302dl.c...
compiling stm32f4_discovery.c...
compiling stm32f4_discovery_audio_codec.c...
compiling stm32f4xx_syscfg.c...
compiling misc.c...
compiling stm32f4xx_adc.c...
compiling stm32f4xx_dac.c...
compiling stm32f4xx_dma.c...
compiling stm32f4xx_exti.c...
compiling stm32f4xx_flash.c...
compiling stm32f4xx_gpio.c...
compiling stm32f4xx_i2c.c...
compiling stm32f4xx_rcc.c...
compiling stm32f4xx_spi.c...
compiling stm32f4xx_tim.c...
assembling startup_stm32f4xx.s...
compiling usb_dcd_int.c...
compiling usb_core.c...
compiling usb_dcd.c...
compiling usbd_hid_core.c...
compiling usbd_req.c...
compiling usbd_core.c...
compiling usbd_ioreq.c...
linking...
Program Size: Code=17580 RO-data=556 RW-data=484 ZI-data=2708  
".\Demo\Demo.axf" - 0 Error(s), 0 Warning(s).
