ARM Linker, 4.1 [Build 894] [Standard]

==============================================================================

Section Cross References

    startup_stm32f4xx.o(RESET) refers to startup_stm32f4xx.o(STACK) for __initial_sp
    startup_stm32f4xx.o(RESET) refers to startup_stm32f4xx.o(.text) for Reset_Handler
    startup_stm32f4xx.o(RESET) refers to stm32f4xx_it.o(i.NMI_Handler) for NMI_Handler
    startup_stm32f4xx.o(RESET) refers to stm32f4xx_it.o(i.HardFault_Handler) for HardFault_Handler
    startup_stm32f4xx.o(RESET) refers to stm32f4xx_it.o(i.MemManage_Handler) for MemManage_Handler
    startup_stm32f4xx.o(RESET) refers to stm32f4xx_it.o(i.BusFault_Handler) for BusFault_Handler
    startup_stm32f4xx.o(RESET) refers to stm32f4xx_it.o(i.UsageFault_Handler) for UsageFault_Handler
    startup_stm32f4xx.o(RESET) refers to stm32f4xx_it.o(i.SVC_Handler) for SVC_Handler
    startup_stm32f4xx.o(RESET) refers to stm32f4xx_it.o(i.DebugMon_Handler) for DebugMon_Handler
    startup_stm32f4xx.o(RESET) refers to stm32f4xx_it.o(i.PendSV_Handler) for PendSV_Handler
    startup_stm32f4xx.o(RESET) refers to stm32f4xx_it.o(i.SysTick_Handler) for SysTick_Handler
    startup_stm32f4xx.o(RESET) refers to stm32f4xx_it.o(i.TIM3_IRQHandler) for TIM3_IRQHandler
    startup_stm32f4xx.o(.text) refers to system_stm32f4xx.o(i.SystemInit) for SystemInit
    startup_stm32f4xx.o(.text) refers to entry.o(.ARM.Collect$$$$00000000) for __main
    system_stm32f4xx.o(i.SystemCoreClockUpdate) refers to system_stm32f4xx.o(.data) for SystemCoreClock
    system_stm32f4xx.o(i.SystemInit) refers to system_stm32f4xx.o(i.SetSysClock) for SetSysClock
    nanovm.o(i.Maintread_invoke) refers to native_impl.o(i.native_init) for native_init
    nanovm.o(i.Maintread_invoke) refers to nvmfile.o(i.nvmfile_init) for nvmfile_init
    nanovm.o(i.Maintread_invoke) refers to vm.o(i.vm_init) for vm_init
    nanovm.o(i.Maintread_invoke) refers to nvmfile.o(i.nvmfile_call_main) for nvmfile_call_main
    nanovm.o(i.kernel_main) refers to scheduler.o(i.Init_scheduler) for Init_scheduler
    nanovm.o(i.kernel_main) refers to task.o(i.Init_idle_task) for Init_idle_task
    nanovm.o(i.kernel_main) refers to mutex.o(i.MutexInit) for MutexInit
    nanovm.o(i.kernel_main) refers to mutex.o(.bss) for mutex_key
    nanovm.o(i.main) refers to nanovm.o(i.kernel_main) for kernel_main
    nanovm.o(i.main) refers to task.o(i.Task_init) for Task_init
    nanovm.o(i.main) refers to task.o(i.Task_start) for Task_start
    nanovm.o(i.main) refers to task.o(.bss) for MainThread_stack
    nanovm.o(i.main) refers to nanovm.o(i.Maintread_invoke) for Maintread_invoke
    stm32f4xx_it.o(i.SysTick_Handler) refers to pwm.o(i.motor_pwm_generate) for motor_pwm_generate
    stm32f4xx_it.o(i.SysTick_Handler) refers to pwm.o(i.servo_pwm_generate) for servo_pwm_generate
    stm32f4xx_it.o(i.SysTick_Handler) refers to scheduler.o(i.kernel_tickhandler) for kernel_tickhandler
    stm32f4xx_it.o(i.TIM3_IRQHandler) refers to stm32f4xx_it.o(i.TIM_ClearITPendingBit) for TIM_ClearITPendingBit
    array.o(i.array_baload) refers to heap.o(i.heap_get_addr) for heap_get_addr
    array.o(i.array_bastore) refers to heap.o(i.heap_get_addr) for heap_get_addr
    array.o(i.array_faload) refers to heap.o(i.heap_get_addr) for heap_get_addr
    array.o(i.array_fastore) refers to heap.o(i.heap_get_addr) for heap_get_addr
    array.o(i.array_iaload) refers to heap.o(i.heap_get_addr) for heap_get_addr
    array.o(i.array_iastore) refers to heap.o(i.heap_get_addr) for heap_get_addr
    array.o(i.array_length) refers to heap.o(i.heap_get_len) for heap_get_len
    array.o(i.array_length) refers to heap.o(i.heap_get_addr) for heap_get_addr
    array.o(i.array_length) refers to array.o(i.array_typelen) for array_typelen
    array.o(i.array_new) refers to array.o(i.array_typelen) for array_typelen
    array.o(i.array_new) refers to heap.o(i.heap_alloc) for heap_alloc
    array.o(i.array_new) refers to heap.o(i.heap_get_addr) for heap_get_addr
    array.o(i.array_typelen) refers to error.o(i.error) for error
    error.o(i.error) refers to uart.o(i.uart_putc) for uart_putc
    heap.o(i.heap_alloc) refers to heap.o(i.heap_new_id) for heap_new_id
    heap.o(i.heap_alloc) refers to heap.o(i.heap_alloc_internal) for heap_alloc_internal
    heap.o(i.heap_alloc) refers to heap.o(i.heap_garbage_collect) for heap_garbage_collect
    heap.o(i.heap_alloc) refers to error.o(i.error) for error
    heap.o(i.heap_alloc_internal) refers to heap.o(.bss) for heap
    heap.o(i.heap_alloc_internal) refers to heap.o(.data) for heap_base
    heap.o(i.heap_fieldref) refers to heap.o(.data) for heap_base
    heap.o(i.heap_fieldref) refers to heap.o(.bss) for heap
    heap.o(i.heap_garbage_collect) refers to stack.o(i.stack_heap_id_in_use) for stack_heap_id_in_use
    heap.o(i.heap_garbage_collect) refers to heap.o(i.heap_fieldref) for heap_fieldref
[...]
    .data                                    0x200020a8   Section       24  pid.o(.data)
    pid_left_sum                             0x200020b4   Data           2  pid.o(.data)
    pid_right_sum                            0x200020b6   Data           2  pid.o(.data)
    pid_dir_sum                              0x200020b8   Data           2  pid.o(.data)
    pid_left_last                            0x200020ba   Data           2  pid.o(.data)
    pid_right_last                           0x200020bc   Data           2  pid.o(.data)
    pid_left_hist_pos                        0x200020be   Data           1  pid.o(.data)
    pid_right_hist_pos                       0x200020bf   Data           1  pid.o(.data)
    .data                                    0x200020c0   Section       48  pwm.o(.data)
    .data                                    0x200020f0   Section        2  shift.o(.data)
    .data                                    0x200020f2   Section       10  wheelencoder.o(.data)
    .data                                    0x200020fc   Section        4  native_distancesensor.o(.data)
    .data                                    0x20002100   Section        4  native_edgedetector.o(.data)
    .data                                    0x20002104   Section     1033  scheduler.o(.data)
    .data                                    0x2000250d   Section        1  task.o(.data)
    .data                                    0x20002510   Section        4  rand.o(.data)
    _rand_state                              0x20002510   Data           4  rand.o(.data)
    .data                                    0x20002514   Section        4  errno.o(.data)
    _errno                                   0x20002514   Data           4  errno.o(.data)
    .bss                                     0x20002518   Section     2048  heap.o(.bss)
    .bss                                     0x20002d18   Section       16  uart.o(.bss)
    .bss                                     0x20002d28   Section       96  pwm.o(.bss)
    .bss                                     0x20002d88   Section      360  mutex.o(.bss)
    .bss                                     0x20002ef0   Section      288  scheduler.o(.bss)
    .bss                                     0x20003010   Section     4544  task.o(.bss)
    STACK                                    0x200041d0   Section     1024  startup_stm32f4xx.o(STACK)

    Global Symbols

    Symbol Name                              Value     Ov Type        Size  Object(Section)

    BuildAttributes$$THM_ISAv4$E$P$D$K$B$S$7EM$VFPi3$EXTD16$VFPS$VFMA$PE$A:L22UL41UL21$X:L11$S22US41US21$IEEE1$IW$USESV6$~STKCKD$USESV7$~SHL$OTIME$ROPI$IEEEX$EBA8$MICROLIB$REQ8$EABIv2 0x00000000   Number         0  anon$$obj.o ABSOLUTE
    __ARM_use_no_argv                        0x00000000   Number         0  nanovm.o ABSOLUTE
    _clock_init                               - Undefined Weak Reference
    __Vectors_Size                           0x00000188   Number         0  startup_stm32f4xx.o ABSOLUTE
    __Vectors                                0x08000000   Data           4  startup_stm32f4xx.o(RESET)
    __Vectors_End                            0x08000188   Data           0  startup_stm32f4xx.o(RESET)
    __main                                   0x08000189   Thumb Code     0  entry.o(.ARM.Collect$$$$00000000)
    _main_stk                                0x08000189   Thumb Code     0  entry2.o(.ARM.Collect$$$$00000001)
    _main_scatterload                        0x0800018d   Thumb Code     0  entry5.o(.ARM.Collect$$$$00000004)
    __main_after_scatterload                 0x08000191   Thumb Code     0  entry5.o(.ARM.Collect$$$$00000004)
    _main_clock                              0x08000191   Thumb Code     0  entry7b.o(.ARM.Collect$$$$00000008)
    _main_init                               0x08000191   Thumb Code     0  entry8.o(.ARM.Collect$$$$00000009)
    Reset_Handler                            0x0800019d   Thumb Code     8  startup_stm32f4xx.o(.text)
    ADC_IRQHandler                           0x080001b7   Thumb Code     0  startup_stm32f4xx.o(.text)
    CAN1_RX0_IRQHandler                      0x080001b7   Thumb Code     0  startup_stm32f4xx.o(.text)
    CAN1_RX1_IRQHandler                      0x080001b7   Thumb Code     0  startup_stm32f4xx.o(.text)
    CAN1_SCE_IRQHandler                      0x080001b7   Thumb Code     0  startup_stm32f4xx.o(.text)
    CAN1_TX_IRQHandler                       0x080001b7   Thumb Code     0  startup_stm32f4xx.o(.text)
    CAN2_RX0_IRQHandler                      0x080001b7   Thumb Code     0  startup_stm32f4xx.o(.text)
    CAN2_RX1_IRQHandler                      0x080001b7   Thumb Code     0  startup_stm32f4xx.o(.text)
    CAN2_SCE_IRQHandler                      0x080001b7   Thumb Code     0  startup_stm32f4xx.o(.text)
    CAN2_TX_IRQHandler                       0x080001b7   Thumb Code     0  startup_stm32f4xx.o(.text)
    CRYP_IRQHandler                          0x080001b7   Thumb Code     0  startup_stm32f4xx.o(.text)
    DCMI_IRQHandler                          0x080001b7   Thumb Code     0  startup_stm32f4xx.o(.text)
    DMA1_Stream0_IRQHandler                  0x080001b7   Thumb Code     0  startup_stm32f4xx.o(.text)
    DMA1_Stream1_IRQHandler                  0x080001b7   Thumb Code     0  startup_stm32f4xx.o(.text)
    DMA1_Stream2_IRQHandler                  0x080001b7   Thumb Code     0  startup_stm32f4xx.o(.text)
    DMA1_Stream3_IRQHandler                  0x080001b7   Thumb Code     0  startup_stm32f4xx.o(.text)
    DMA1_Stream4_IRQHandler                  0x080001b7   Thumb Code     0  startup_stm32f4xx.o(.text)
    DMA1_Stream5_IRQHandler                  0x080001b7   Thumb Code     0  startup_stm32f4xx.o(.text)
    DMA1_Stream6_IRQHandler                  0x080001b7   Thumb Code     0  startup_stm32f4xx.o(.text)
    DMA1_Stream7_IRQHandler                  0x080001b7   Thumb Code     0  startup_stm32f4xx.o(.text)
    DMA2_Stream0_IRQHandler                  0x080001b7   Thumb Code     0  startup_stm32f4xx.o(.text)
    DMA2_Stream1_IRQHandler                  0x080001b7   Thumb Code     0  startup_stm32f4xx.o(.text)
    DMA2_Stream2_IRQHandler                  0x080001b7   Thumb Code     0  startup_stm32f4xx.o(.text)
    DMA2_Stream3_IRQHandler                  0x080001b7   Thumb Code     0  startup_stm32f4xx.o(.text)
    DMA2_Stream4_IRQHandler                  0x080001b7   Thumb Code     0  startup_stm32f4xx.o(.text)
    DMA2_Stream5_IRQHandler                  0x080001b7   Thumb Code     0  startup_stm32f4xx.o(.text)
    DMA2_Stream6_IRQHandler                  0x080001b7   Thumb Code     0  startup_stm32f4xx.o(.text)
    DMA2_Stream7_IRQHandler                  0x080001b7   Thumb Code     0  startup_stm32f4xx.o(.text)
    ETH_IRQHandler                           0x080001b7   Thumb Code     0  startup_stm32f4xx.o(.text)
    ETH_WKUP_IRQHandler                      0x080001b7   Thumb Code     0  startup_stm32f4xx.o(.text)
    EXTI0_IRQHandler                         0x080001b7   Thumb Code     0  startup_stm32f4xx.o(.text)
    EXTI15_10_IRQHandler                     0x080001b7   Thumb Code     0  startup_stm32f4xx.o(.text)
    EXTI1_IRQHandler                         0x080001b7   Thumb Code     0  startup_stm32f4xx.o(.text)
    EXTI2_IRQHandler                         0x080001b7   Thumb Code     0  startup_stm32f4xx.o(.text)
    EXTI3_IRQHandler                         0x080001b7   Thumb Code     0  startup_stm32f4xx.o(.text)
    EXTI4_IRQHandler                         0x080001b7   Thumb Code     0  startup_stm32f4xx.o(.text)
    EXTI9_5_IRQHandler                       0x080001b7   Thumb Code     0  startup_stm32f4xx.o(.text)
    FLASH_IRQHandler                         0x080001b7   Thumb Code     0  startup_stm32f4xx.o(.text)
    FPU_IRQHandler                           0x080001b7   Thumb Code     0  startup_stm32f4xx.o(.text)
    FSMC_IRQHandler                          0x080001b7   Thumb Code     0  startup_stm32f4xx.o(.text)
    HASH_RNG_IRQHandler                      0x080001b7   Thumb Code     0  startup_stm32f4xx.o(.text)
    I2C1_ER_IRQHandler                       0x080001b7   Thumb Code     0  startup_stm32f4xx.o(.text)
    I2C1_EV_IRQHandler                       0x080001b7   Thumb Code     0  startup_stm32f4xx.o(.text)
    I2C2_ER_IRQHandler                       0x080001b7   Thumb Code     0  startup_stm32f4xx.o(.text)
    I2C2_EV_IRQHandler                       0x080001b7   Thumb Code     0  startup_stm32f4xx.o(.text)
    I2C3_ER_IRQHandler                       0x080001b7   Thumb Code     0  startup_stm32f4xx.o(.text)
    I2C3_EV_IRQHandler                       0x080001b7   Thumb Code     0  startup_stm32f4xx.o(.text)
    OTG_FS_IRQHandler                        0x080001b7   Thumb Code     0  startup_stm32f4xx.o(.text)
    OTG_FS_WKUP_IRQHandler                   0x080001b7   Thumb Code     0  startup_stm32f4xx.o(.text)
    OTG_HS_EP1_IN_IRQHandler                 0x080001b7   Thumb Code     0  startup_stm32f4xx.o(.text)
    OTG_HS_EP1_OUT_IRQHandler                0x080001b7   Thumb Code     0  startup_stm32f4xx.o(.text)
    OTG_HS_IRQHandler                        0x080001b7   Thumb Code     0  startup_stm32f4xx.o(.text)
    OTG_HS_WKUP_IRQHandler                   0x080001b7   Thumb Code     0  startup_stm32f4xx.o(.text)
    PVD_IRQHandler                           0x080001b7   Thumb Code     0  startup_stm32f4xx.o(.text)
    RCC_IRQHandler                           0x080001b7   Thumb Code     0  startup_stm32f4xx.o(.text)
    RTC_Alarm_IRQHandler                     0x080001b7   Thumb Code     0  startup_stm32f4xx.o(.text)
    RTC_WKUP_IRQHandler                      0x080001b7   Thumb Code     0  startup_stm32f4xx.o(.text)
    SDIO_IRQHandler                          0x080001b7   Thumb Code     0  startup_stm32f4xx.o(.text)
    SPI1_IRQHandler                          0x080001b7   Thumb Code     0  startup_stm32f4xx.o(.text)
    SPI2_IRQHandler                          0x080001b7   Thumb Code     0  startup_stm32f4xx.o(.text)
    SPI3_IRQHandler                          0x080001b7   Thumb Code     0  startup_stm32f4xx.o(.text)
    TAMP_STAMP_IRQHandler                    0x080001b7   Thumb Code     0  startup_stm32f4xx.o(.text)
    TIM1_BRK_TIM9_IRQHandler                 0x080001b7   Thumb Code     0  startup_stm32f4xx.o(.text)
    TIM1_CC_IRQHandler                       0x080001b7   Thumb Code     0  startup_stm32f4xx.o(.text)
    TIM1_TRG_COM_TIM11_IRQHandler            0x080001b7   Thumb Code     0  startup_stm32f4xx.o(.text)
    TIM1_UP_TIM10_IRQHandler                 0x080001b7   Thumb Code     0  startup_stm32f4xx.o(.text)
    TIM2_IRQHandler                          0x080001b7   Thumb Code     0  startup_stm32f4xx.o(.text)
    TIM4_IRQHandler                          0x080001b7   Thumb Code     0  startup_stm32f4xx.o(.text)
    TIM5_IRQHandler                          0x080001b7   Thumb Code     0  startup_stm32f4xx.o(.text)
    TIM6_DAC_IRQHandler                      0x080001b7   Thumb Code     0  startup_stm32f4xx.o(.text)
    TIM7_IRQHandler                          0x080001b7   Thumb Code     0  startup_stm32f4xx.o(.text)
    TIM8_BRK_TIM12_IRQHandler                0x080001b7   Thumb Code     0  startup_stm32f4xx.o(.text)
    TIM8_CC_IRQHandler                       0x080001b7   Thumb Code     0  startup_stm32f4xx.o(.text)
    TIM8_TRG_COM_TIM14_IRQHandler            0x080001b7   Thumb Code     0  startup_stm32f4xx.o(.text)
    TIM8_UP_TIM13_IRQHandler                 0x080001b7   Thumb Code     0  startup_stm32f4xx.o(.text)
    UART4_IRQHandler                         0x080001b7   Thumb Code     0  startup_stm32f4xx.o(.text)
    UART5_IRQHandler                         0x080001b7   Thumb Code     0  startup_stm32f4xx.o(.text)
    USART1_IRQHandler                        0x080001b7   Thumb Code     0  startup_stm32f4xx.o(.text)
    USART2_IRQHandler                        0x080001b7   Thumb Code     0  startup_stm32f4xx.o(.text)
    USART3_IRQHandler                        0x080001b7   Thumb Code     0  startup_stm32f4xx.o(.text)
    USART6_IRQHandler                        0x080001b7   Thumb Code     0  startup_stm32f4xx.o(.text)
    WWDG_IRQHandler                          0x080001b7   Thumb Code     0  startup_stm32f4xx.o(.text)
    Exit_handler_mode                        0x080001c1   Thumb Code     8  context.o(.text)
    Context_switch_isr                       0x080001c9   Thumb Code    76  context.o(.text)
    Context_switch                           0x08000215   Thumb Code    46  context.o(.text)
    IntSaveDisableIRQ                        0x08000243   Thumb Code    18  context.o(.text)
    IntRestoreIRQ                            0x08000255   Thumb Code    10  context.o(.text)
    __aeabi_uldivmod                         0x08000265   Thumb Code    98  uldiv.o(.text)
    __aeabi_ldivmod                          0x080002c7   Thumb Code    90  ldiv.o(.text)
    __aeabi_llsl                             0x08000321   Thumb Code    30  llshl.o(.text)
    _ll_shift_l                              0x08000321   Thumb Code     0  llshl.o(.text)
    __aeabi_llsr                             0x0800033f   Thumb Code    32  llushr.o(.text)
    _ll_ushift_r                             0x0800033f   Thumb Code     0  llushr.o(.text)
    __aeabi_lasr                             0x0800035f   Thumb Code    36  llsshr.o(.text)
    _ll_sshift_r                             0x0800035f   Thumb Code     0  llsshr.o(.text)
    rand                                     0x08000385   Thumb Code    20  rand.o(.text)
    srand                                    0x08000399   Thumb Code     6  rand.o(.text)
    __aeabi_memcpy                           0x080003a9   Thumb Code    36  memcpya.o(.text)
    __aeabi_memcpy4                          0x080003a9   Thumb Code     0  memcpya.o(.text)
    __aeabi_memcpy8                          0x080003a9   Thumb Code     0  memcpya.o(.text)
    __aeabi_dadd                             0x080003cd   Thumb Code   320  dadd.o(.text)
    __aeabi_dsub                             0x0800050d   Thumb Code     6  dadd.o(.text)
    __aeabi_drsub                            0x08000513   Thumb Code     6  dadd.o(.text)
    __aeabi_dmul                             0x08000519   Thumb Code   224  dmul.o(.text)
    __aeabi_i2d                              0x080005f9   Thumb Code    34  dflti.o(.text)
    __aeabi_d2iz                             0x0800061b   Thumb Code    62  dfixi.o(.text)
    __aeabi_f2d                              0x08000659   Thumb Code    44  f2d.o(.text)
    __aeabi_d2f                              0x08000685   Thumb Code    56  d2f.o(.text)
    __I$use$fp                               0x080006bd   Thumb Code     0  iusefp.o(.text)
    _float_round                             0x080006bd   Thumb Code    18  fepilogue.o(.text)
    _float_epilogue                          0x080006cf   Thumb Code    90  fepilogue.o(.text)
    _double_round                            0x08000729   Thumb Code    26  depilogue.o(.text)
    _double_epilogue                         0x08000743   Thumb Code   164  depilogue.o(.text)
    __aeabi_ddiv                             0x080007e7   Thumb Code   222  ddiv.o(.text)
    __ARM_scalbn                             0x080008c5   Thumb Code    46  dscalb.o(.text)
    scalbn                                   0x080008c5   Thumb Code     0  dscalb.o(.text)
    _dsqrt                                   0x080008f3   Thumb Code   162  dsqrt.o(.text)
    __aeabi_cdcmpeq                          0x08000995   Thumb Code     0  cdcmple.o(.text)
    __aeabi_cdcmple                          0x08000995   Thumb Code    38  cdcmple.o(.text)
    __aeabi_cdrcmple                         0x080009bd   Thumb Code    38  cdrcmple.o(.text)
    __scatterload                            0x080009e5   Thumb Code    28  init.o(.text)
    __scatterload_rt2                        0x080009e5   Thumb Code     0  init.o(.text)
    __aeabi_ui2d                             0x08000a09   Thumb Code    26  dfltui.o(.text)
    __decompress                             0x08000a23   Thumb Code     0  __dczerorl2.o(.text)
    __decompress1                            0x08000a23   Thumb Code    92  __dczerorl2.o(.text)
    ADC_Cmd                                  0x08000a7f   Thumb Code    22  adc.o(i.ADC_Cmd)
    ADC_CommonInit                           0x08000a95   Thumb Code    44  adc.o(i.ADC_CommonInit)
    ADC_Conversion_Data                      0x08000acd   Thumb Code    42  adc.o(i.ADC_Conversion_Data)
    ADC_GetFlagStatus                        0x08000afd   Thumb Code    18  adc.o(i.ADC_GetFlagStatus)
    ADC_Init                                 0x08000b11   Thumb Code    74  adc.o(i.ADC_Init)
    ADC_RegularChannelConfig                 0x08000b65   Thumb Code   186  adc.o(i.ADC_RegularChannelConfig)
    ADC_SoftwareStartConv                    0x08000c1f   Thumb Code    10  adc.o(i.ADC_SoftwareStartConv)
    BusFault_Handler                         0x08000c29   Thumb Code     4  stm32f4xx_it.o(i.BusFault_Handler)
    DebugMon_Handler                         0x08000c2d   Thumb Code     2  stm32f4xx_it.o(i.DebugMon_Handler)
    Do_scheduling                            0x08000c31   Thumb Code    42  scheduler.o(i.Do_scheduling)
    Do_scheduling_isr                        0x08000c61   Thumb Code    42  scheduler.o(i.Do_scheduling_isr)
    GPIO_Init                                0x08000c91   Thumb Code   144  stm32f4xx_gpio.o(i.GPIO_Init)
    GPIO_PinAFConfig                         0x08000d21   Thumb Code    70  stm32f4xx_gpio.o(i.GPIO_PinAFConfig)
    GPIO_ResetBits                           0x08000d67   Thumb Code     4  stm32f4xx_gpio.o(i.GPIO_ResetBits)
    GPIO_SetBits                             0x08000d6b   Thumb Code     4  stm32f4xx_gpio.o(i.GPIO_SetBits)
    GPIO_WriteBit                            0x08000d6f   Thumb Code    10  stm32f4xx_gpio.o(i.GPIO_WriteBit)
    HardFault_Handler                        0x08000d79   Thumb Code     4  stm32f4xx_it.o(i.HardFault_Handler)
    Init_idle_task                           0x08000d7d   Thumb Code    54  task.o(i.Init_idle_task)
    Init_scheduler                           0x08000dbd   Thumb Code    36  scheduler.o(i.Init_scheduler)
    Maintread_invoke                         0x08000de5   Thumb Code    20  nanovm.o(i.Maintread_invoke)
    MemManage_Handler                        0x08000df9   Thumb Code     4  stm32f4xx_it.o(i.MemManage_Handler)
    MutexInit                                0x08000dfd   Thumb Code    24  mutex.o(i.MutexInit)
    MutexLock                                0x08000e15   Thumb Code   106  mutex.o(i.MutexLock)
    MutexUnlock                              0x08000e85   Thumb Code    62  mutex.o(i.MutexUnlock)
    NMI_Handler                              0x08000ec9   Thumb Code     2  stm32f4xx_it.o(i.NMI_Handler)
    PendSV_Handler                           0x08000ecb   Thumb Code     2  stm32f4xx_it.o(i.PendSV_Handler)
    RCC_AHB1PeriphClockCmd                   0x08000ecd   Thumb Code    26  stm32f4xx_rcc.o(i.RCC_AHB1PeriphClockCmd)
    RCC_APB1PeriphClockCmd                   0x08000eed   Thumb Code    26  stm32f4xx_rcc.o(i.RCC_APB1PeriphClockCmd)
    RCC_APB2PeriphClockCmd                   0x08000f0d   Thumb Code    26  stm32f4xx_rcc.o(i.RCC_APB2PeriphClockCmd)
    RCC_GetClocksFreq                        0x08000f2d   Thumb Code   206  stm32f4xx_rcc.o(i.RCC_GetClocksFreq)
    STM_EVAL_COMInit                         0x0800100d   Thumb Code   190  uart.o(i.STM_EVAL_COMInit)
    STM_EVAL_LEDOn                           0x080010fd   Thumb Code    16  stm32f4_discovery.o(i.STM_EVAL_LEDOn)
    SVC_Handler                              0x08001115   Thumb Code     2  stm32f4xx_it.o(i.SVC_Handler)
    SysTick_Handler                          0x080011f1   Thumb Code    32  stm32f4xx_it.o(i.SysTick_Handler)
    SystemInit                               0x08001215   Thumb Code    88  system_stm32f4xx.o(i.SystemInit)
    TIM3_IRQHandler                          0x0800127d   Thumb Code    12  stm32f4xx_it.o(i.TIM3_IRQHandler)
    TIM_ClearITPendingBit                    0x0800128d   Thumb Code     6  stm32f4xx_it.o(i.TIM_ClearITPendingBit)
    TIM_Cmd                                  0x08001293   Thumb Code    24  pwm.o(i.TIM_Cmd)
    TIM_Config                               0x080012ad   Thumb Code    76  native_clock.o(i.TIM_Config)
    TIM_TimeBaseInit                         0x08001305   Thumb Code   104  pwm.o(i.TIM_TimeBaseInit)
    Task_dequeue                             0x08001389   Thumb Code   124  scheduler.o(i.Task_dequeue)
    Task_enqueue                             0x08001415   Thumb Code   138  scheduler.o(i.Task_enqueue)
    Task_exit                                0x080014b1   Thumb Code    26  task.o(i.Task_exit)
    Task_init                                0x080014d1   Thumb Code    56  task.o(i.Task_init)
    Task_init_context                        0x08001509   Thumb Code    52  task.o(i.Task_init_context)
    Task_select                              0x08001541   Thumb Code    54  scheduler.o(i.Task_select)
    Task_start                               0x0800158d   Thumb Code    16  task.o(i.Task_start)
    Task_wait                                0x0800159d   Thumb Code    36  scheduler.o(i.Task_wait)
    Task_wakeup_all                          0x080015c1   Thumb Code    36  scheduler.o(i.Task_wakeup_all)
    USART_Cmd                                0x080015e5   Thumb Code    24  stm32f4xx_usart.o(i.USART_Cmd)
    USART_GetFlagStatus                      0x080015fd   Thumb Code    26  stm32f4xx_usart.o(i.USART_GetFlagStatus)
    USART_Init                               0x08001619   Thumb Code   204  stm32f4xx_usart.o(i.USART_Init)
    USART_SendData                           0x080016ed   Thumb Code     8  stm32f4xx_usart.o(i.USART_SendData)
    UsageFault_Handler                       0x080016f5   Thumb Code     4  stm32f4xx_it.o(i.UsageFault_Handler)
    __ARM_fpclassify                         0x080016f9   Thumb Code    48  fpclassify.o(i.__ARM_fpclassify)
    __hardfp_acos                            0x08001729   Thumb Code   738  acos.o(i.__hardfp_acos)
    __hardfp_asin                            0x08001a79   Thumb Code   774  asin.o(i.__hardfp_asin)
    __hardfp_atan                            0x08001de9   Thumb Code   636  atan.o(i.__hardfp_atan)
    __hardfp_atan2                           0x080020d1   Thumb Code   422  atan2.o(i.__hardfp_atan2)
    __hardfp_ceil                            0x080022b9   Thumb Code   252  ceil.o(i.__hardfp_ceil)
    __hardfp_cos                             0x080023d1   Thumb Code   200  cos.o(i.__hardfp_cos)
    __hardfp_exp                             0x080024a9   Thumb Code   726  exp.o(i.__hardfp_exp)
    __hardfp_fabs                            0x08002811   Thumb Code    20  fabs.o(i.__hardfp_fabs)
    __hardfp_floor                           0x08002829   Thumb Code   252  floor.o(i.__hardfp_floor)
    __hardfp_log                             0x08002941   Thumb Code   888  log.o(i.__hardfp_log)
    __hardfp_pow                             0x08002d29   Thumb Code  3148  pow.o(i.__hardfp_pow)
    __hardfp_sin                             0x080039d1   Thumb Code   200  sin.o(i.__hardfp_sin)
    __hardfp_sqrt                            0x08003aa9   Thumb Code   120  sqrt.o(i.__hardfp_sqrt)
    __hardfp_tan                             0x08003b21   Thumb Code   142  tan.o(i.__hardfp_tan)
    __ieee754_rem_pio2                       0x08003bc1   Thumb Code   962  rred.o(i.__ieee754_rem_pio2)
    __kernel_cos                             0x08004011   Thumb Code   322  cos_i.o(i.__kernel_cos)
    __kernel_poly                            0x08004181   Thumb Code   248  poly.o(i.__kernel_poly)
    __kernel_sin                             0x08004279   Thumb Code   280  sin_i.o(i.__kernel_sin)
    __kernel_tan                             0x080043a9   Thumb Code   772  tan_i.o(i.__kernel_tan)
    __mathlib_dbl_underflow                  0x08004701   Thumb Code    24  dunder.o(i.__mathlib_dbl_underflow)
    __scatterload_copy                       0x08004721   Thumb Code    14  handlers.o(i.__scatterload_copy)
    __scatterload_null                       0x0800472f   Thumb Code     2  handlers.o(i.__scatterload_null)
    __scatterload_zeroinit                   0x08004731   Thumb Code    14  handlers.o(i.__scatterload_zeroinit)
    __set_errno                              0x08004741   Thumb Code     6  errno.o(i.__set_errno)
    adc_init                                 0x0800474d   Thumb Code   146  adc.o(i.adc_init)
    adc_read                                 0x080047f1   Thumb Code    18  adc.o(i.adc_read)
    array_baload                             0x08004809   Thumb Code    18  array.o(i.array_baload)
    array_bastore                            0x0800481b   Thumb Code    24  array.o(i.array_bastore)
    array_faload                             0x08004833   Thumb Code    24  array.o(i.array_faload)
    array_fastore                            0x0800484b   Thumb Code    36  array.o(i.array_fastore)
    array_iaload                             0x0800486f   Thumb Code    20  array.o(i.array_iaload)
    array_iastore                            0x08004883   Thumb Code    26  array.o(i.array_iastore)
    array_length                             0x0800489d   Thumb Code    32  array.o(i.array_length)
    array_new                                0x080048bd   Thumb Code    44  array.o(i.array_new)
    array_typelen                            0x080048e9   Thumb Code    46  array.o(i.array_typelen)
    atan                                     0x08004917   Thumb Code    16  atan.o(i.atan)
    delay_ms                                 0x08004929   Thumb Code    26  delay.o(i.delay_ms)
    delay_us                                 0x08004949   Thumb Code    20  delay.o(i.delay_us)
    display_clear                            0x08004961   Thumb Code    16  display.o(i.display_clear)
    display_cmd                              0x08004971   Thumb Code     2  display.o(i.display_cmd)
    display_cursor                           0x08004973   Thumb Code    64  display.o(i.display_cursor)
    display_data                             0x080049b3   Thumb Code     2  display.o(i.display_data)
    error                                    0x080049b5   Thumb Code    46  error.o(i.error)
    fabs                                     0x080049e3   Thumb Code    32  fabs.o(i.fabs)
    format_bool                              0x08004a05   Thumb Code    76  native_formatter.o(i.format_bool)
    format_float                             0x08004a71   Thumb Code   684  native_formatter.o(i.format_float)
    format_int                               0x08004d1d   Thumb Code   242  native_formatter.o(i.format_int)
    heap_alloc                               0x08004e0f   Thumb Code    50  heap.o(i.heap_alloc)
    heap_alloc_internal                      0x08004e41   Thumb Code   104  heap.o(i.heap_alloc_internal)
    heap_fieldref                            0x08004eb1   Thumb Code    82  heap.o(i.heap_fieldref)
    heap_garbage_collect                     0x08004f0d   Thumb Code   118  heap.o(i.heap_garbage_collect)
    heap_get_addr                            0x08004f8d   Thumb Code    24  heap.o(i.heap_get_addr)
    heap_get_base                            0x08004fa5   Thumb Code     4  heap.o(i.heap_get_base)
    heap_get_len                             0x08004fad   Thumb Code    26  heap.o(i.heap_get_len)
    heap_init                                0x08004fc9   Thumb Code    20  heap.o(i.heap_init)
    heap_memcpy_up                           0x08004fe1   Thumb Code    32  heap.o(i.heap_memcpy_up)
    heap_new_id                              0x08005001   Thumb Code    30  heap.o(i.heap_new_id)
    heap_realloc                             0x08005021   Thumb Code    88  heap.o(i.heap_realloc)
    heap_search                              0x08005081   Thumb Code    46  heap.o(i.heap_search)
    heap_steal                               0x080050b9   Thumb Code    80  heap.o(i.heap_steal)
    heap_unsteal                             0x08005111   Thumb Code    72  heap.o(i.heap_unsteal)
    inttostr                                 0x08005161   Thumb Code    54  native_formatter.o(i.inttostr)
    ir_init                                  0x08005197   Thumb Code     2  ir_rc5.o(i.ir_init)
    ir_read                                  0x08005199   Thumb Code    12  ir_rc5.o(i.ir_read)
    kernel_main                              0x080051a9   Thumb Code    38  nanovm.o(i.kernel_main)
    kernel_tickhandler                       0x080051d5   Thumb Code    54  scheduler.o(i.kernel_tickhandler)
    main                                     0x08005211   Thumb Code    38  nanovm.o(i.main)
    make_format_descr                        0x08005245   Thumb Code   278  native_formatter.o(i.make_format_descr)
    maus_image_prepare                       0x0800535d   Thumb Code    26  mouse.o(i.maus_image_prepare)
    maus_image_read                          0x0800537d   Thumb Code    46  mouse.o(i.maus_image_read)
    maus_sens_init                           0x080053b1   Thumb Code     2  mouse.o(i.maus_sens_init)
    maus_sens_read                           0x080053b3   Thumb Code    22  mouse.o(i.maus_sens_read)
    maus_sens_readByte                       0x080053c9   Thumb Code     4  mouse.o(i.maus_sens_readByte)
    maus_sens_write                          0x080053cd   Thumb Code    34  mouse.o(i.maus_sens_write)
    maus_sens_writeByte                      0x080053ef   Thumb Code     2  mouse.o(i.maus_sens_writeByte)
    motor_pwm_generate                       0x080053f1   Thumb Code   266  pwm.o(i.motor_pwm_generate)
    motor_pwm_init                           0x0800550d   Thumb Code    56  pwm.o(i.motor_pwm_init)
    native_ctbot_bot_init                    0x08005549   Thumb Code     2  native_bot.o(i.native_ctbot_bot_init)
    native_ctbot_bot_invoke                  0x0800554d   Thumb Code   154  native_bot.o(i.native_ctbot_bot_invoke)
    native_ctbot_clock_init                  0x080055ed   Thumb Code     8  native_clock.o(i.native_ctbot_clock_init)
    native_ctbot_clock_invoke                0x080055f5   Thumb Code    66  native_clock.o(i.native_ctbot_clock_invoke)
    native_ctbot_display_invoke              0x0800563d   Thumb Code   114  native_display.o(i.native_ctbot_display_invoke)
    native_ctbot_distsensor_init             0x080056af   Thumb Code     2  native_distancesensor.o(i.native_ctbot_distsensor_init)
    native_ctbot_distsensor_invoke           0x080056b1   Thumb Code   134  native_distancesensor.o(i.native_ctbot_distsensor_invoke)
    native_ctbot_edgedetector_init           0x08005745   Thumb Code     2  native_edgedetector.o(i.native_ctbot_edgedetector_init)
    native_ctbot_edgedetector_invoke         0x08005749   Thumb Code   134  native_edgedetector.o(i.native_ctbot_edgedetector_invoke)
    native_ctbot_irreceiver_init             0x080057dd   Thumb Code     8  native_irreceiver.o(i.native_ctbot_irreceiver_init)
    native_ctbot_irreceiver_invoke           0x080057e5   Thumb Code    24  native_irreceiver.o(i.native_ctbot_irreceiver_invoke)
    native_ctbot_ldrsensor_init              0x080057fd   Thumb Code     2  native_ldrsensor.o(i.native_ctbot_ldrsensor_init)
    native_ctbot_ldrsensor_invoke            0x08005801   Thumb Code    70  native_ldrsensor.o(i.native_ctbot_ldrsensor_invoke)
    native_ctbot_leds_invoke                 0x08005851   Thumb Code    54  native_leds.o(i.native_ctbot_leds_invoke)
    native_ctbot_lightbarrier_init           0x0800588d   Thumb Code     2  native_lightbarrier.o(i.native_ctbot_lightbarrier_init)
    native_ctbot_lightbarrier_invoke         0x08005891   Thumb Code    88  native_lightbarrier.o(i.native_ctbot_lightbarrier_invoke)
    native_ctbot_linedetector_init           0x080058ed   Thumb Code     2  native_linedetector.o(i.native_ctbot_linedetector_init)
    native_ctbot_linedetector_invoke         0x080058f1   Thumb Code   168  native_linedetector.o(i.native_ctbot_linedetector_invoke)
    native_ctbot_motor_init                  0x080059ad   Thumb Code     8  native_motor.o(i.native_ctbot_motor_init)
    native_ctbot_motor_invoke                0x080059b5   Thumb Code   190  native_motor.o(i.native_ctbot_motor_invoke)
    native_ctbot_mouse_init                  0x08005a85   Thumb Code     8  native_mouse.o(i.native_ctbot_mouse_init)
    native_ctbot_mouse_invoke                0x08005a8d   Thumb Code   122  native_mouse.o(i.native_ctbot_mouse_invoke)
    native_ctbot_servo_init                  0x08005b07   Thumb Code     8  native_servo.o(i.native_ctbot_servo_init)
    native_ctbot_servo_invoke                0x08005b0f   Thumb Code    56  native_servo.o(i.native_ctbot_servo_invoke)
    native_ctbot_shuttersensor_init          0x08005b47   Thumb Code     2  native_shuttersensor.o(i.native_ctbot_shuttersensor_init)
    native_ctbot_shuttersensor_invoke        0x08005b49   Thumb Code    88  native_shuttersensor.o(i.native_ctbot_shuttersensor_invoke)
    native_ctbot_wheelencoder_init           0x08005ba5   Thumb Code     8  native_wheelencoder.o(i.native_ctbot_wheelencoder_init)
    native_ctbot_wheelencoder_invoke         0x08005bad   Thumb Code   156  native_wheelencoder.o(i.native_ctbot_wheelencoder_invoke)
    native_dtoa                              0x08005c5d   Thumb Code     2  native_stdio.o(i.native_dtoa)
    native_exception_invoke                  0x08005c5f   Thumb Code    20  native_exception.o(i.native_exception_invoke)
    native_formatter_invoke                  0x08005c73   Thumb Code   322  native_formatter.o(i.native_formatter_invoke)
    native_ftoa                              0x08005db5   Thumb Code   144  native_stdio.o(i.native_ftoa)
    native_getchar                           0x08005e49   Thumb Code    22  nvmstring.o(i.native_getchar)
    native_init                              0x08005e61   Thumb Code   166  native_impl.o(i.native_init)
    native_invoke                            0x08005f15   Thumb Code   380  native_impl.o(i.native_invoke)
    native_itoa                              0x08006091   Thumb Code    80  native_stdio.o(i.native_itoa)
    native_java_io_inputstream_invoke        0x080060e5   Thumb Code    48  native_stdio.o(i.native_java_io_inputstream_invoke)
    native_java_io_printstream_invoke        0x08006115   Thumb Code   178  native_stdio.o(i.native_java_io_printstream_invoke)
    native_java_lang_object_invoke           0x080061c7   Thumb Code    20  native_impl.o(i.native_java_lang_object_invoke)
    native_java_lang_stringbuffer_invoke     0x080061db   Thumb Code   404  native_stdio.o(i.native_java_lang_stringbuffer_invoke)
    native_ltoa                              0x08006371   Thumb Code   164  native_stdio.o(i.native_ltoa)
    native_math_invoke                       0x0800641d   Thumb Code  1454  native_math.o(i.native_math_invoke)
    native_new                               0x080069d9   Thumb Code   100  native_impl.o(i.native_new)
    native_strcat                            0x08006a7f   Thumb Code    26  nvmstring.o(i.native_strcat)
    native_strcpy                            0x08006a99   Thumb Code    48  nvmstring.o(i.native_strcpy)
    native_strlen                            0x08006ac9   Thumb Code    50  nvmstring.o(i.native_strlen)
    native_strncpy                           0x08006afb   Thumb Code    66  nvmstring.o(i.native_strncpy)
    native_thread_init                       0x08006b3d   Thumb Code    46  native_thread.o(i.native_thread_init)
    native_thread_invoke                     0x08006b71   Thumb Code   140  native_thread.o(i.native_thread_invoke)
    nvm_float2stack                          0x08006c11   Thumb Code    98  vm.o(i.nvm_float2stack)
    nvm_long2stack                           0x08006c73   Thumb Code    10  vm.o(i.nvm_long2stack)
    nvm_stack2double                         0x08006c7d   Thumb Code     2  vm.o(i.nvm_stack2double)
    nvm_stack2float                          0x08006c7f   Thumb Code   100  vm.o(i.nvm_stack2float)
    nvm_stack2int                            0x08006ce3   Thumb Code     2  vm.o(i.nvm_stack2int)
    nvm_stack2long                           0x08006ce5   Thumb Code    42  vm.o(i.nvm_stack2long)
    nvmfile_call_main                        0x08006d11   Thumb Code    64  nvmfile.o(i.nvmfile_call_main)
    nvmfile_get_addr                         0x08006d55   Thumb Code    28  nvmfile.o(i.nvmfile_get_addr)
    nvmfile_get_class_fields                 0x08006d75   Thumb Code    18  nvmfile.o(i.nvmfile_get_class_fields)
    nvmfile_get_constant                     0x08006d8d   Thumb Code    56  nvmfile.o(i.nvmfile_get_constant)
    nvmfile_get_constant64                   0x08006dcd   Thumb Code    42  nvmfile.o(i.nvmfile_get_constant64)
    nvmfile_get_method_by_class_and_id       0x08006dfd   Thumb Code    40  nvmfile.o(i.nvmfile_get_method_by_class_and_id)
    nvmfile_get_method_by_fixed_class_and_id 0x08006e29   Thumb Code    70  nvmfile.o(i.nvmfile_get_method_by_fixed_class_and_id)
    nvmfile_get_method_hdr                   0x08006e75   Thumb Code    28  nvmfile.o(i.nvmfile_get_method_hdr)
    nvmfile_get_static_fields                0x08006e95   Thumb Code    10  nvmfile.o(i.nvmfile_get_static_fields)
    nvmfile_init                             0x08006ea5   Thumb Code   134  nvmfile.o(i.nvmfile_init)
    nvmfile_read                             0x08006f3d   Thumb Code    24  nvmfile.o(i.nvmfile_read)
    nvmfile_read08                           0x08006f55   Thumb Code    18  nvmfile.o(i.nvmfile_read08)
    nvmfile_read16                           0x08006f67   Thumb Code    18  nvmfile.o(i.nvmfile_read16)
    nvmfile_read32                           0x08006f79   Thumb Code    10  nvmfile.o(i.nvmfile_read32)
    nvmfile_read64                           0x08006f83   Thumb Code    22  nvmfile.o(i.nvmfile_read64)
    pid_reset                                0x08006f99   Thumb Code    16  pid.o(i.pid_reset)
    servo_pwm_generate                       0x08006fb5   Thumb Code    88  pwm.o(i.servo_pwm_generate)
    servo_pwm_init                           0x0800701d   Thumb Code    60  pwm.o(i.servo_pwm_init)
    servo_release                            0x0800705d   Thumb Code    26  pwm.o(i.servo_release)
    set_motor_speed                          0x08007081   Thumb Code    18  pwm.o(i.set_motor_speed)
    set_servo_position                       0x0800709d   Thumb Code    20  pwm.o(i.set_servo_position)
    shift_clear                              0x080070b9   Thumb Code     2  shift.o(i.shift_clear)
    shift_data                               0x080070bb   Thumb Code    22  shift.o(i.shift_data)
    shift_data_out                           0x080070d1   Thumb Code     2  shift.o(i.shift_data_out)
    sqrt                                     0x080070d3   Thumb Code   108  sqrt.o(i.sqrt)
    stack_add_sp                             0x08007141   Thumb Code    18  stack.o(i.stack_add_sp)
    stack_get_sp                             0x08007159   Thumb Code     8  stack.o(i.stack_get_sp)
    stack_get_static                         0x08007165   Thumb Code    14  stack.o(i.stack_get_static)
    stack_heap_id_in_use                     0x08007179   Thumb Code    62  stack.o(i.stack_heap_id_in_use)
    stack_init                               0x080071bd   Thumb Code    54  stack.o(i.stack_init)
    stack_is_empty                           0x080071f9   Thumb Code    24  stack.o(i.stack_is_empty)
    stack_peek                               0x08007215   Thumb Code    16  stack.o(i.stack_peek)
    stack_peek_addr                          0x08007229   Thumb Code    22  stack.o(i.stack_peek_addr)
    stack_peek_double                        0x08007245   Thumb Code    22  stack.o(i.stack_peek_double)
    stack_peek_float                         0x08007261   Thumb Code    22  stack.o(i.stack_peek_float)
    stack_peek_int                           0x0800727d   Thumb Code    22  stack.o(i.stack_peek_int)
    stack_peek_long                          0x08007299   Thumb Code    22  stack.o(i.stack_peek_long)
    stack_pop                                0x080072b5   Thumb Code    24  stack.o(i.stack_pop)
    stack_pop_addr                           0x080072d1   Thumb Code    30  stack.o(i.stack_pop_addr)
    stack_pop_float                          0x080072f5   Thumb Code    30  stack.o(i.stack_pop_float)
    stack_pop_int                            0x08007319   Thumb Code    30  stack.o(i.stack_pop_int)
    stack_pop_long                           0x0800733d   Thumb Code    50  stack.o(i.stack_pop_long)
    stack_push                               0x08007375   Thumb Code    18  stack.o(i.stack_push)
    stack_push64                             0x0800738d   Thumb Code    54  stack.o(i.stack_push64)
    stack_save_base                          0x080073c9   Thumb Code    14  stack.o(i.stack_save_base)
    stack_set_static                         0x080073dd   Thumb Code    12  stack.o(i.stack_set_static)
    uart_available                           0x080073ed   Thumb Code     4  uart.o(i.uart_available)
    uart_init                                0x080073f1   Thumb Code    68  uart.o(i.uart_init)
    uart_putc                                0x0800743d   Thumb Code    28  uart.o(i.uart_putc)
    uart_read_byte                           0x0800745d   Thumb Code     4  uart.o(i.uart_read_byte)
    utils_memcpy                             0x08007461   Thumb Code    28  utils.o(i.utils_memcpy)
    utils_strlen                             0x0800747d   Thumb Code    20  utils.o(i.utils_strlen)
    vm_get_addr                              0x08007491   Thumb Code    46  vm.o(i.vm_get_addr)
    vm_init                                  0x080074bf   Thumb Code    24  vm.o(i.vm_init)
    vm_new                                   0x080074d7   Thumb Code    60  vm.o(i.vm_new)
    vm_run                                   0x08007515   Thumb Code  4454  vm.o(i.vm_run)
    wheelencoder_init                        0x08008685   Thumb Code    42  wheelencoder.o(i.wheelencoder_init)
    COM_USART_CLK                            0x080086d0   Data           8  uart.o(.constdata)
    COM_TX_PORT_CLK                          0x080086d8   Data           8  uart.o(.constdata)
    COM_RX_PORT_CLK                          0x080086e0   Data           8  uart.o(.constdata)
    COM_TX_PIN                               0x080086e8   Data           4  uart.o(.constdata)
    COM_RX_PIN                               0x080086ec   Data           4  uart.o(.constdata)
    COM_TX_PIN_SOURCE                        0x080086f0   Data           4  uart.o(.constdata)
    COM_RX_PIN_SOURCE                        0x080086f4   Data           4  uart.o(.constdata)
    COM_TX_AF                                0x080086f8   Data           4  uart.o(.constdata)
    COM_RX_AF                                0x080086fc   Data           4  uart.o(.constdata)
    GPIO_PIN                                 0x08008700   Data           8  stm32f4_discovery.o(.constdata)
    GPIO_CLK                                 0x08008708   Data          16  stm32f4_discovery.o(.constdata)
    BUTTON_PIN                               0x08008718   Data           2  stm32f4_discovery.o(.constdata)
    BUTTON_CLK                               0x0800871c   Data           4  stm32f4_discovery.o(.constdata)
    BUTTON_EXTI_LINE                         0x08008720   Data           2  stm32f4_discovery.o(.constdata)
    BUTTON_PORT_SOURCE                       0x08008722   Data           1  stm32f4_discovery.o(.constdata)
    BUTTON_PIN_SOURCE                        0x08008723   Data           1  stm32f4_discovery.o(.constdata)
    BUTTON_IRQn                              0x08008724   Data           1  stm32f4_discovery.o(.constdata)
    __mathlib_zero                           0x080089a8   Data           8  qnan.o(.constdata)
    Region$$Table$$Base                      0x08008b00   Number         0  anon$$obj.o(Region$$Table)
    Region$$Table$$Limit                     0x08008b20   Number         0  anon$$obj.o(Region$$Table)
    SystemCoreClock                          0x20000000   Data           4  system_stm32f4xx.o(.data)
    AHBPrescTable                            0x20000004   Data          16  system_stm32f4xx.o(.data)
    heap_base                                0x20000014   Data           2  heap.o(.data)
    nvmfile_constant_count                   0x20002016   Data           1  nvmfile.o(.data)
    nvmfile_constant64_count                 0x20002017   Data           1  nvmfile.o(.data)
    COM_USART                                0x20002018   Data           8  uart.o(.data)
    COM_TX_PORT                              0x20002020   Data           8  uart.o(.data)
    COM_RX_PORT                              0x20002028   Data           8  uart.o(.data)
    test_count                               0x20002030   Data           4  uart.o(.data)
    test_index                               0x20002034   Data           4  uart.o(.data)
    idex                                     0x20002038   Data           4  uart.o(.data)
    test                                     0x2000203c   Data           1  uart.o(.data)
    GPIO_PORT                                0x20002040   Data          16  stm32f4_discovery.o(.data)
    BUTTON_PORT                              0x20002050   Data           4  stm32f4_discovery.o(.data)
    NVIC_InitStructure                       0x20002054   Data           4  stm32f4_discovery.o(.data)
    ch_table                                 0x20002068   Data          16  adc.o(.data)
    GPIO_InitStructure                       0x20002078   Data           8  adc.o(.data)
    i                                        0x20002080   Data           4  adc.o(.data)
    ir_data                                  0x2000208a   Data           2  ir_rc5.o(.data)
    value_sen_l                              0x2000208e   Data           2  native_ldrsensor.o(.data)
    value_sen_r                              0x20002090   Data           2  native_ldrsensor.o(.data)
    test_argdata                             0x20002098   Data           4  native_linedetector.o(.data)
    test_argdata2                            0x2000209c   Data           4  native_linedetector.o(.data)
    adc_data                                 0x200020a0   Data           4  native_linedetector.o(.data)
    value_l                                  0x200020a4   Data           2  native_linedetector.o(.data)
    value_r                                  0x200020a6   Data           2  native_linedetector.o(.data)
    pid_left_speed                           0x200020a8   Data           2  pid.o(.data)
    pid_right_speed                          0x200020aa   Data           2  pid.o(.data)
    pid_left_value                           0x200020ac   Data           2  pid.o(.data)
    pid_right_value                          0x200020ae   Data           2  pid.o(.data)
    pid_left_cnt                             0x200020b0   Data           1  pid.o(.data)
    pid_right_cnt                            0x200020b1   Data           1  pid.o(.data)
    pid_mode                                 0x200020b2   Data           1  pid.o(.data)
    CCR1_Val                                 0x200020c0   Data           2  pwm.o(.data)
    CCR2_Val                                 0x200020c2   Data           2  pwm.o(.data)
    CCR3_Val                                 0x200020c4   Data           2  pwm.o(.data)
    CCR4_Val                                 0x200020c6   Data           2  pwm.o(.data)
    PrescalerValue                           0x200020c8   Data           2  pwm.o(.data)
    pwm_servo_1                              0x200020ca   Data           1  pwm.o(.data)
    pwm_servo_2                              0x200020cb   Data           1  pwm.o(.data)
    pwm_motor_l                              0x200020cc   Data           2  pwm.o(.data)
    pwm_motor_r                              0x200020ce   Data           2  pwm.o(.data)
    pwm_servo_1_cnt                          0x200020d0   Data           2  pwm.o(.data)
    pwm_servo_2_cnt                          0x200020d2   Data           2  pwm.o(.data)
    pwm_motor_l_cnt                          0x200020d4   Data           2  pwm.o(.data)
    pwm_motor_r_cnt                          0x200020d6   Data           2  pwm.o(.data)
    pwm_timer_sub                            0x200020d8   Data           2  pwm.o(.data)
    pwm_timer_ms                             0x200020da   Data           2  pwm.o(.data)
    pwm_timer_sec                            0x200020dc   Data           4  pwm.o(.data)
    pwm_value1                               0x200020e0   Data           4  pwm.o(.data)
    pwm_value2                               0x200020e4   Data           4  pwm.o(.data)
    pwm_tick                                 0x200020e8   Data           4  pwm.o(.data)
    servo_pwm_tick                           0x200020ec   Data           4  pwm.o(.data)
    shift_reg_led                            0x200020f0   Data           1  shift.o(.data)
    shift_reg_ena                            0x200020f1   Data           1  shift.o(.data)
    enc_l                                    0x200020f2   Data           1  wheelencoder.o(.data)
    enc_r                                    0x200020f3   Data           1  wheelencoder.o(.data)
    enc_l_cnt                                0x200020f4   Data           1  wheelencoder.o(.data)
    enc_r_cnt                                0x200020f5   Data           1  wheelencoder.o(.data)
    wheelencoder_l                           0x200020f6   Data           2  wheelencoder.o(.data)
    wheelencoder_r                           0x200020f8   Data           2  wheelencoder.o(.data)
    inc_l                                    0x200020fa   Data           1  wheelencoder.o(.data)
    inc_r                                    0x200020fb   Data           1  wheelencoder.o(.data)
    value_dis_l                              0x200020fc   Data           2  native_distancesensor.o(.data)
    value_dis_r                              0x200020fe   Data           2  native_distancesensor.o(.data)
    value_edge_l                             0x20002100   Data           2  native_edgedetector.o(.data)
    value_edge_r                             0x20002102   Data           2  native_edgedetector.o(.data)
    prio_map                                 0x20002104   Data        1024  scheduler.o(.data)
    current_task                             0x20002504   Data           4  scheduler.o(.data)
    high_prio                                0x20002508   Data           1  scheduler.o(.data)
    mid_prio                                 0x20002509   Data           4  scheduler.o(.data)
    SubThread_idx                            0x2000250d   Data           1  task.o(.data)
    heap                                     0x20002518   Data        2048  heap.o(.bss)
    USART_InitStructure                      0x20002d18   Data          16  uart.o(.bss)
    TIM_TimeBaseStructure                    0x20002d28   Data          12  pwm.o(.bss)
    TIM_OCInitStructure                      0x20002d34   Data          20  pwm.o(.bss)
    servo_value                              0x20002d48   Data          32  pwm.o(.bss)
    servo_flag                               0x20002d68   Data          32  pwm.o(.bss)
    mutex_key                                0x20002d88   Data         360  mutex.o(.bss)
    low_prio                                 0x20002ef0   Data          32  scheduler.o(.bss)
    readyQ                                   0x20002f10   Data         256  scheduler.o(.bss)
    MainThread                               0x20003010   Data          64  task.o(.bss)
    SubThread                                0x20003050   Data         320  task.o(.bss)
    MainThread_stack                         0x20003190   Data         512  task.o(.bss)
    SubThread_stack                          0x20003390   Data        2560  task.o(.bss)
    idle_task                                0x20003d90   Data          64  task.o(.bss)
    idle_stack                               0x20003dd0   Data        1024  task.o(.bss)
    __initial_sp                             0x200045d0   Data           0  startup_stm32f4xx.o(STACK)



==============================================================================

Memory Map of the image

  Image Entry point : 0x08000189

  Load Region LR_IROM1 (Base: 0x08000000, Size: 0x0000b038, Max: 0x00100000, ABSOLUTE, COMPRESSED[0x00008c58])

    Execution Region ER_IROM1 (Base: 0x08000000, Size: 0x00008b20, Max: 0x00100000, ABSOLUTE)

    Base Addr    Size         Type   Attr      Idx    E Section Name        Object

    0x08000000   0x00000188   Data   RO            3    RESET               startup_stm32f4xx.o
    0x08000188   0x00000000   Code   RO         3380  * .ARM.Collect$$$$00000000  mc_w.l(entry.o)
    0x08000188   0x00000004   Code   RO         3439    .ARM.Collect$$$$00000001  mc_w.l(entry2.o)
    0x0800018c   0x00000004   Code   RO         3442    .ARM.Collect$$$$00000004  mc_w.l(entry5.o)
    0x08000190   0x00000000   Code   RO         3444    .ARM.Collect$$$$00000008  mc_w.l(entry7b.o)
    0x08000190   0x00000008   Code   RO         3445    .ARM.Collect$$$$00000009  mc_w.l(entry8.o)
    0x08000198   0x00000004   Code   RO         3440    .ARM.Collect$$$$00002712  mc_w.l(entry2.o)
    0x0800019c   0x00000024   Code   RO            4    .text               startup_stm32f4xx.o
    0x080001c0   0x000000a4   Code   RO         3214    .text               context.o
    0x08000264   0x00000062   Code   RO         3383    .text               mc_w.l(uldiv.o)
    0x080002c6   0x0000005a   Code   RO         3385    .text               mc_w.l(ldiv.o)
    0x08000320   0x0000001e   Code   RO         3387    .text               mc_w.l(llshl.o)
    0x0800033e   0x00000020   Code   RO         3389    .text               mc_w.l(llushr.o)
    0x0800035e   0x00000024   Code   RO         3391    .text               mc_w.l(llsshr.o)
    0x08000382   0x00000002   PAD
    0x08000384   0x00000024   Code   RO         3393    .text               mc_w.l(rand.o)
    0x080003a8   0x00000024   Code   RO         3396    .text               mc_w.l(memcpya.o)
    0x080003cc   0x0000014c   Code   RO         3400    .text               mf_w.l(dadd.o)
    0x08000518   0x000000e0   Code   RO         3402    .text               mf_w.l(dmul.o)
    0x080005f8   0x00000022   Code   RO         3404    .text               mf_w.l(dflti.o)
    0x0800061a   0x0000003e   Code   RO         3406    .text               mf_w.l(dfixi.o)
    0x08000658   0x0000002c   Code   RO         3408    .text               mf_w.l(f2d.o)
    0x08000684   0x00000038   Code   RO         3410    .text               mf_w.l(d2f.o)
    0x080006bc   0x00000000   Code   RO         3453    .text               mc_w.l(iusefp.o)
    0x080006bc   0x0000006c   Code   RO         3454    .text               mf_w.l(fepilogue.o)
    0x08000728   0x000000be   Code   RO         3456    .text               mf_w.l(depilogue.o)
    0x080007e6   0x000000de   Code   RO         3458    .text               mf_w.l(ddiv.o)
    0x080008c4   0x0000002e   Code   RO         3462    .text               mf_w.l(dscalb.o)
    0x080008f2   0x000000a2   Code   RO         3464    .text               mf_w.l(dsqrt.o)
    0x08000994   0x00000028   Code   RO         3466    .text               mf_w.l(cdcmple.o)
    0x080009bc   0x00000028   Code   RO         3468    .text               mf_w.l(cdrcmple.o)
    0x080009e4   0x00000024   Code   RO         3470    .text               mc_w.l(init.o)
    0x08000a08   0x0000001a   Code   RO         3472    .text               mf_w.l(dfltui.o)
    0x08000a22   0x0000005c   Code   RO         3482    .text               mc_w.l(__dczerorl2.o)
    0x08000a7e   0x00000016   Code   RO         2095    i.ADC_Cmd           adc.o
    0x08000a94   0x00000038   Code   RO         2096    i.ADC_CommonInit    adc.o
    0x08000acc   0x00000030   Code   RO         2097    i.ADC_Conversion_Data  adc.o
    0x08000afc   0x00000012   Code   RO         2099    i.ADC_GetFlagStatus  adc.o
    0x08000b0e   0x00000002   PAD
    0x08000b10   0x00000054   Code   RO         2100    i.ADC_Init          adc.o
    0x08000b64   0x000000ba   Code   RO         2102    i.ADC_RegularChannelConfig  adc.o
    0x08000c1e   0x0000000a   Code   RO         2103    i.ADC_SoftwareStartConv  adc.o
    0x08000c28   0x00000004   Code   RO          238    i.BusFault_Handler  stm32f4xx_it.o
    0x08000c2c   0x00000002   Code   RO          239    i.DebugMon_Handler  stm32f4xx_it.o
    0x08000c2e   0x00000002   PAD
    0x08000c30   0x00000030   Code   RO         3049    i.Do_scheduling     scheduler.o
    0x08000c60   0x00000030   Code   RO         3050    i.Do_scheduling_isr  scheduler.o
    0x08000c90   0x00000090   Code   RO         1704    i.GPIO_Init         stm32f4xx_gpio.o
    0x08000d20   0x00000046   Code   RO         1705    i.GPIO_PinAFConfig  stm32f4xx_gpio.o
    0x08000d66   0x00000004   Code   RO         1711    i.GPIO_ResetBits    stm32f4xx_gpio.o
    0x08000d6a   0x00000004   Code   RO         1712    i.GPIO_SetBits      stm32f4xx_gpio.o
    0x08000d6e   0x0000000a   Code   RO         1716    i.GPIO_WriteBit     stm32f4xx_gpio.o
    0x08000d78   0x00000004   Code   RO          240    i.HardFault_Handler  stm32f4xx_it.o
    0x08000d7c   0x00000040   Code   RO         3133    i.Init_idle_task    task.o
    0x08000dbc   0x00000028   Code   RO         3051    i.Init_scheduler    scheduler.o
    0x08000de4   0x00000014   Code   RO          146    i.Maintread_invoke  nanovm.o
    0x08000df8   0x00000004   Code   RO          241    i.MemManage_Handler  stm32f4xx_it.o
    0x08000dfc   0x00000018   Code   RO         3018    i.MutexInit         mutex.o
    0x08000e14   0x00000070   Code   RO         3019    i.MutexLock         mutex.o
    0x08000e84   0x00000044   Code   RO         3020    i.MutexUnlock       mutex.o
    0x08000ec8   0x00000002   Code   RO          242    i.NMI_Handler       stm32f4xx_it.o
    0x08000eca   0x00000002   Code   RO          243    i.PendSV_Handler    stm32f4xx_it.o
    0x08000ecc   0x00000020   Code   RO         1303    i.RCC_AHB1PeriphClockCmd  stm32f4xx_rcc.o
    0x08000eec   0x00000020   Code   RO         1312    i.RCC_APB1PeriphClockCmd  stm32f4xx_rcc.o
    0x08000f0c   0x00000020   Code   RO         1315    i.RCC_APB2PeriphClockCmd  stm32f4xx_rcc.o
    0x08000f2c   0x000000e0   Code   RO         1324    i.RCC_GetClocksFreq  stm32f4xx_rcc.o
    0x0800100c   0x000000f0   Code   RO         1052    i.STM_EVAL_COMInit  uart.o
    0x080010fc   0x00000018   Code   RO         1255    i.STM_EVAL_LEDOn    stm32f4_discovery.o
    0x08001114   0x00000002   Code   RO          244    i.SVC_Handler       stm32f4xx_it.o
    0x08001116   0x00000002   PAD
    0x08001118   0x000000d8   Code   RO           11    i.SetSysClock       system_stm32f4xx.o
    0x080011f0   0x00000024   Code   RO          245    i.SysTick_Handler   stm32f4xx_it.o
    0x08001214   0x00000068   Code   RO           13    i.SystemInit        system_stm32f4xx.o
    0x0800127c   0x00000010   Code   RO          246    i.TIM3_IRQHandler   stm32f4xx_it.o
    0x0800128c   0x00000006   Code   RO          247    i.TIM_ClearITPendingBit  stm32f4xx_it.o
    0x08001292   0x00000018   Code   RO         2778    i.TIM_Cmd           pwm.o
    0x080012aa   0x00000002   PAD
    0x080012ac   0x00000058   Code   RO         2386    i.TIM_Config        native_clock.o
    0x08001304   0x00000084   Code   RO         2789    i.TIM_TimeBaseInit  pwm.o
    0x08001388   0x0000008c   Code   RO         3052    i.Task_dequeue      scheduler.o
    0x08001414   0x0000009c   Code   RO         3053    i.Task_enqueue      scheduler.o
    0x080014b0   0x00000020   Code   RO         3134    i.Task_exit         task.o
    0x080014d0   0x00000038   Code   RO         3137    i.Task_init         task.o
    0x08001508   0x00000038   Code   RO         3138    i.Task_init_context  task.o
    0x08001540   0x0000004c   Code   RO         3054    i.Task_select       scheduler.o
    0x0800158c   0x00000010   Code   RO         3141    i.Task_start        task.o
    0x0800159c   0x00000024   Code   RO         3055    i.Task_wait         scheduler.o
    0x080015c0   0x00000024   Code   RO         3057    i.Task_wakeup_all   scheduler.o
    0x080015e4   0x00000018   Code   RO         1911    i.USART_Cmd         stm32f4xx_usart.o
    0x080015fc   0x0000001a   Code   RO         1914    i.USART_GetFlagStatus  stm32f4xx_usart.o
    0x08001616   0x00000002   PAD
    0x08001618   0x000000d4   Code   RO         1918    i.USART_Init        stm32f4xx_usart.o
    0x080016ec   0x00000008   Code   RO         1928    i.USART_SendData    stm32f4xx_usart.o
    0x080016f4   0x00000004   Code   RO          248    i.UsageFault_Handler  stm32f4xx_it.o
    0x080016f8   0x00000030   Code   RO         3417    i.__ARM_fpclassify  m_wm.l(fpclassify.o)
    0x08001728   0x00000350   Code   RO         3218    i.__hardfp_acos     m_wm.l(acos.o)
    0x08001a78   0x00000370   Code   RO         3232    i.__hardfp_asin     m_wm.l(asin.o)
    0x08001de8   0x000002e8   Code   RO         3246    i.__hardfp_atan     m_wm.l(atan.o)
    0x080020d0   0x000001e8   Code   RO         3260    i.__hardfp_atan2    m_wm.l(atan2.o)
    0x080022b8   0x00000118   Code   RO         3272    i.__hardfp_ceil     m_wm.l(ceil.o)
    0x080023d0   0x000000d8   Code   RO         3278    i.__hardfp_cos      m_wm.l(cos.o)
    0x080024a8   0x00000368   Code   RO         3290    i.__hardfp_exp      m_wm.l(exp.o)
    0x08002810   0x00000014   Code   RO         3304    i.__hardfp_fabs     m_wm.l(fabs.o)
    0x08002824   0x00000004   PAD
    0x08002828   0x00000118   Code   RO         3310    i.__hardfp_floor    m_wm.l(floor.o)
    0x08002940   0x000003e4   Code   RO         3316    i.__hardfp_log      m_wm.l(log.o)
    0x08002d24   0x00000004   PAD
    0x08002d28   0x00000ca8   Code   RO         3330    i.__hardfp_pow      m_wm.l(pow.o)
    0x080039d0   0x000000d8   Code   RO         3344    i.__hardfp_sin      m_wm.l(sin.o)
    0x08003aa8   0x00000078   Code   RO         3356    i.__hardfp_sqrt     m_wm.l(sqrt.o)
    0x08003b20   0x000000a0   Code   RO         3368    i.__hardfp_tan      m_wm.l(tan.o)
    0x08003bc0   0x00000450   Code   RO         3422    i.__ieee754_rem_pio2  m_wm.l(rred.o)
    0x08004010   0x00000170   Code   RO         3412    i.__kernel_cos      m_wm.l(cos_i.o)
    0x08004180   0x000000f8   Code   RO         3419    i.__kernel_poly     m_wm.l(poly.o)
    0x08004278   0x00000130   Code   RO         3427    i.__kernel_sin      m_wm.l(sin_i.o)
    0x080043a8   0x00000358   Code   RO         3433    i.__kernel_tan      m_wm.l(tan_i.o)
    0x08004700   0x00000020   Code   RO         3415    i.__mathlib_dbl_underflow  m_wm.l(dunder.o)
    0x08004720   0x0000000e   Code   RO         3476    i.__scatterload_copy  mc_w.l(handlers.o)
    0x0800472e   0x00000002   Code   RO         3477    i.__scatterload_null  mc_w.l(handlers.o)
    0x08004730   0x0000000e   Code   RO         3478    i.__scatterload_zeroinit  mc_w.l(handlers.o)
    0x0800473e   0x00000002   PAD
    0x08004740   0x0000000c   Code   RO         3448    i.__set_errno       mc_w.l(errno.o)
    0x0800474c   0x000000a4   Code   RO         2106    i.adc_init          adc.o
    0x080047f0   0x00000018   Code   RO         2107    i.adc_read          adc.o
    0x08004808   0x00000012   Code   RO          349    i.array_baload      array.o
    0x0800481a   0x00000018   Code   RO          350    i.array_bastore     array.o
    0x08004832   0x00000018   Code   RO          351    i.array_faload      array.o
    0x0800484a   0x00000024   Code   RO          352    i.array_fastore     array.o
    0x0800486e   0x00000014   Code   RO          353    i.array_iaload      array.o
    0x08004882   0x0000001a   Code   RO          354    i.array_iastore     array.o
    0x0800489c   0x00000020   Code   RO          355    i.array_length      array.o
    0x080048bc   0x0000002c   Code   RO          356    i.array_new         array.o
    0x080048e8   0x0000002e   Code   RO          357    i.array_typelen     array.o
    0x08004916   0x00000010   Code   RO         3248    i.atan              m_wm.l(atan.o)
    0x08004926   0x00000002   PAD
    0x08004928   0x00000020   Code   RO         1201    i.delay_ms          delay.o
    0x08004948   0x00000018   Code   RO         1202    i.delay_us          delay.o
    0x08004960   0x00000010   Code   RO         2206    i.display_clear     display.o
    0x08004970   0x00000002   Code   RO         2207    i.display_cmd       display.o
    0x08004972   0x00000040   Code   RO         2208    i.display_cursor    display.o
    0x080049b2   0x00000002   Code   RO         2209    i.display_data      display.o
    0x080049b4   0x0000002e   Code   RO          421    i.error             error.o
    0x080049e2   0x00000020   Code   RO         3306    i.fabs              m_wm.l(fabs.o)
    0x08004a02   0x00000002   PAD
    0x08004a04   0x0000006c   Code   RO          563    i.format_bool       native_formatter.o
    0x08004a70   0x000002ac   Code   RO          564    i.format_float      native_formatter.o
    0x08004d1c   0x000000f2   Code   RO          565    i.format_int        native_formatter.o
    0x08004e0e   0x00000032   Code   RO          433    i.heap_alloc        heap.o
    0x08004e40   0x00000070   Code   RO          434    i.heap_alloc_internal  heap.o
    0x08004eb0   0x0000005c   Code   RO          435    i.heap_fieldref     heap.o
    0x08004f0c   0x00000080   Code   RO          436    i.heap_garbage_collect  heap.o
    0x08004f8c   0x00000018   Code   RO          437    i.heap_get_addr     heap.o
    0x08004fa4   0x00000008   Code   RO          438    i.heap_get_base     heap.o
    0x08004fac   0x0000001a   Code   RO          439    i.heap_get_len      heap.o
    0x08004fc6   0x00000002   PAD
    0x08004fc8   0x00000018   Code   RO          440    i.heap_init         heap.o
    0x08004fe0   0x00000020   Code   RO          441    i.heap_memcpy_up    heap.o
    0x08005000   0x0000001e   Code   RO          442    i.heap_new_id       heap.o
    0x0800501e   0x00000002   PAD
    0x08005020   0x00000060   Code   RO          443    i.heap_realloc      heap.o
    0x08005080   0x00000038   Code   RO          444    i.heap_search       heap.o
    0x080050b8   0x00000058   Code   RO          446    i.heap_steal        heap.o
    0x08005110   0x00000050   Code   RO          447    i.heap_unsteal      heap.o
    0x08005160   0x00000036   Code   RO          566    i.inttostr          native_formatter.o
    0x08005196   0x00000002   Code   RO         2274    i.ir_init           ir_rc5.o
    0x08005198   0x00000010   Code   RO         2275    i.ir_read           ir_rc5.o
    0x080051a8   0x0000002c   Code   RO          147    i.kernel_main       nanovm.o
    0x080051d4   0x0000003c   Code   RO         3058    i.kernel_tickhandler  scheduler.o
    0x08005210   0x00000034   Code   RO          148    i.main              nanovm.o
    0x08005244   0x00000116   Code   RO          567    i.make_format_descr  native_formatter.o
    0x0800535a   0x00000002   PAD
    0x0800535c   0x00000020   Code   RO         2304    i.maus_image_prepare  mouse.o
    0x0800537c   0x00000034   Code   RO         2305    i.maus_image_read   mouse.o
    0x080053b0   0x00000002   Code   RO         2306    i.maus_sens_init    mouse.o
    0x080053b2   0x00000016   Code   RO         2307    i.maus_sens_read    mouse.o
    0x080053c8   0x00000004   Code   RO         2308    i.maus_sens_readByte  mouse.o
    0x080053cc   0x00000022   Code   RO         2309    i.maus_sens_write   mouse.o
    0x080053ee   0x00000002   Code   RO         2310    i.maus_sens_writeByte  mouse.o
    0x080053f0   0x0000011c   Code   RO         2790    i.motor_pwm_generate  pwm.o
    0x0800550c   0x0000003c   Code   RO         2791    i.motor_pwm_init    pwm.o
    0x08005548   0x00000002   Code   RO         2357    i.native_ctbot_bot_init  native_bot.o
    0x0800554a   0x00000002   PAD
    0x0800554c   0x000000a0   Code   RO         2358    i.native_ctbot_bot_invoke  native_bot.o
    0x080055ec   0x00000008   Code   RO         2387    i.native_ctbot_clock_init  native_clock.o
    0x080055f4   0x00000048   Code   RO         2388    i.native_ctbot_clock_invoke  native_clock.o
    0x0800563c   0x00000072   Code   RO         2421    i.native_ctbot_display_invoke  native_display.o
    0x080056ae   0x00000002   Code   RO         2976    i.native_ctbot_distsensor_init  native_distancesensor.o
    0x080056b0   0x00000094   Code   RO         2977    i.native_ctbot_distsensor_invoke  native_distancesensor.o
    0x08005744   0x00000002   Code   RO         2997    i.native_ctbot_edgedetector_init  native_edgedetector.o
    0x08005746   0x00000002   PAD
    0x08005748   0x00000094   Code   RO         2998    i.native_ctbot_edgedetector_invoke  native_edgedetector.o
    0x080057dc   0x00000008   Code   RO         2531    i.native_ctbot_irreceiver_init  native_irreceiver.o
    0x080057e4   0x00000018   Code   RO         2532    i.native_ctbot_irreceiver_invoke  native_irreceiver.o
    0x080057fc   0x00000002   Code   RO         2553    i.native_ctbot_ldrsensor_init  native_ldrsensor.o
    0x080057fe   0x00000002   PAD
    0x08005800   0x00000050   Code   RO         2554    i.native_ctbot_ldrsensor_invoke  native_ldrsensor.o
    0x08005850   0x0000003c   Code   RO         2576    i.native_ctbot_leds_invoke  native_leds.o
    0x0800588c   0x00000002   Code   RO         2597    i.native_ctbot_lightbarrier_init  native_lightbarrier.o
    0x0800588e   0x00000002   PAD
    0x08005890   0x0000005c   Code   RO         2598    i.native_ctbot_lightbarrier_invoke  native_lightbarrier.o
    0x080058ec   0x00000002   Code   RO         2615    i.native_ctbot_linedetector_init  native_linedetector.o
    0x080058ee   0x00000002   PAD
    0x080058f0   0x000000bc   Code   RO         2616    i.native_ctbot_linedetector_invoke  native_linedetector.o
    0x080059ac   0x00000008   Code   RO         2637    i.native_ctbot_motor_init  native_motor.o
    0x080059b4   0x000000d0   Code   RO         2638    i.native_ctbot_motor_invoke  native_motor.o
    0x08005a84   0x00000008   Code   RO         2669    i.native_ctbot_mouse_init  native_mouse.o
    0x08005a8c   0x0000007a   Code   RO         2670    i.native_ctbot_mouse_invoke  native_mouse.o
    0x08005b06   0x00000008   Code   RO         2687    i.native_ctbot_servo_init  native_servo.o
    0x08005b0e   0x00000038   Code   RO         2688    i.native_ctbot_servo_invoke  native_servo.o
    0x08005b46   0x00000002   Code   RO         2705    i.native_ctbot_shuttersensor_init  native_shuttersensor.o
    0x08005b48   0x0000005c   Code   RO         2706    i.native_ctbot_shuttersensor_invoke  native_shuttersensor.o
    0x08005ba4   0x00000008   Code   RO         2723    i.native_ctbot_wheelencoder_init  native_wheelencoder.o
    0x08005bac   0x000000b0   Code   RO         2724    i.native_ctbot_wheelencoder_invoke  native_wheelencoder.o
    0x08005c5c   0x00000002   Code   RO          658    i.native_dtoa       native_stdio.o
    0x08005c5e   0x00000014   Code   RO         1222    i.native_exception_invoke  native_exception.o
    0x08005c72   0x00000142   Code   RO          569    i.native_formatter_invoke  native_formatter.o
    0x08005db4   0x00000094   Code   RO          659    i.native_ftoa       native_stdio.o
    0x08005e48   0x00000016   Code   RO          870    i.native_getchar    nvmstring.o
    0x08005e5e   0x00000002   PAD
    0x08005e60   0x000000b4   Code   RO         2446    i.native_init       native_impl.o
    0x08005f14   0x0000017c   Code   RO         2447    i.native_invoke     native_impl.o
    0x08006090   0x00000054   Code   RO          660    i.native_itoa       native_stdio.o
    0x080060e4   0x00000030   Code   RO          661    i.native_java_io_inputstream_invoke  native_stdio.o
    0x08006114   0x000000b2   Code   RO          662    i.native_java_io_printstream_invoke  native_stdio.o
    0x080061c6   0x00000014   Code   RO         2448    i.native_java_lang_object_invoke  native_impl.o
    0x080061da   0x00000194   Code   RO          663    i.native_java_lang_stringbuffer_invoke  native_stdio.o
    0x0800636e   0x00000002   PAD
    0x08006370   0x000000ac   Code   RO          664    i.native_ltoa       native_stdio.o
    0x0800641c   0x000005bc   Code   RO          635    i.native_math_invoke  native_math.o
    0x080069d8   0x00000064   Code   RO         2449    i.native_new        native_impl.o
    0x08006a3c   0x00000042   Code   RO          665    i.native_print      native_stdio.o
    0x08006a7e   0x0000001a   Code   RO          871    i.native_strcat     nvmstring.o
    0x08006a98   0x00000030   Code   RO          872    i.native_strcpy     nvmstring.o
    0x08006ac8   0x00000032   Code   RO          873    i.native_strlen     nvmstring.o
    0x08006afa   0x00000042   Code   RO          875    i.native_strncpy    nvmstring.o
    0x08006b3c   0x00000034   Code   RO         1234    i.native_thread_init  native_thread.o
    0x08006b70   0x000000a0   Code   RO         1235    i.native_thread_invoke  native_thread.o
    0x08006c10   0x00000062   Code   RO         1113    i.nvm_float2stack   vm.o
    0x08006c72   0x0000000a   Code   RO         1114    i.nvm_long2stack    vm.o
    0x08006c7c   0x00000002   Code   RO         1115    i.nvm_stack2double  vm.o
    0x08006c7e   0x00000064   Code   RO         1116    i.nvm_stack2float   vm.o
    0x08006ce2   0x00000002   Code   RO         1117    i.nvm_stack2int     vm.o
    0x08006ce4   0x0000002a   Code   RO         1118    i.nvm_stack2long    vm.o
    0x08006d0e   0x00000002   PAD
    0x08006d10   0x00000044   Code   RO          732    i.nvmfile_call_main  nvmfile.o
    0x08006d54   0x00000020   Code   RO          733    i.nvmfile_get_addr  nvmfile.o
    0x08006d74   0x00000018   Code   RO          735    i.nvmfile_get_class_fields  nvmfile.o
    0x08006d8c   0x00000040   Code   RO          736    i.nvmfile_get_constant  nvmfile.o
    0x08006dcc   0x00000030   Code   RO          737    i.nvmfile_get_constant64  nvmfile.o
    0x08006dfc   0x0000002c   Code   RO          738    i.nvmfile_get_method_by_class_and_id  nvmfile.o
    0x08006e28   0x0000004c   Code   RO          739    i.nvmfile_get_method_by_fixed_class_and_id  nvmfile.o
    0x08006e74   0x00000020   Code   RO          740    i.nvmfile_get_method_hdr  nvmfile.o
    0x08006e94   0x00000010   Code   RO          741    i.nvmfile_get_static_fields  nvmfile.o
    0x08006ea4   0x00000098   Code   RO          742    i.nvmfile_init      nvmfile.o
    0x08006f3c   0x00000018   Code   RO          743    i.nvmfile_read      nvmfile.o
    0x08006f54   0x00000012   Code   RO          744    i.nvmfile_read08    nvmfile.o
    0x08006f66   0x00000012   Code   RO          745    i.nvmfile_read16    nvmfile.o
    0x08006f78   0x0000000a   Code   RO          746    i.nvmfile_read32    nvmfile.o
    0x08006f82   0x00000016   Code   RO          747    i.nvmfile_read64    nvmfile.o
    0x08006f98   0x0000001c   Code   RO         2746    i.pid_reset         pid.o
    0x08006fb4   0x00000068   Code   RO         2792    i.servo_pwm_generate  pwm.o
    0x0800701c   0x00000040   Code   RO         2793    i.servo_pwm_init    pwm.o
    0x0800705c   0x00000024   Code   RO         2794    i.servo_release     pwm.o
    0x08007080   0x0000001c   Code   RO         2795    i.set_motor_speed   pwm.o
    0x0800709c   0x0000001c   Code   RO         2796    i.set_servo_position  pwm.o
    0x080070b8   0x00000002   Code   RO         2913    i.shift_clear       shift.o
    0x080070ba   0x00000016   Code   RO         2914    i.shift_data        shift.o
    0x080070d0   0x00000002   Code   RO         2915    i.shift_data_out    shift.o
    0x080070d2   0x0000006c   Code   RO         3358    i.sqrt              m_wm.l(sqrt.o)
    0x0800713e   0x00000002   PAD
    0x08007140   0x00000018   Code   RO          912    i.stack_add_sp      stack.o
    0x08007158   0x0000000c   Code   RO          913    i.stack_get_sp      stack.o
    0x08007164   0x00000014   Code   RO          914    i.stack_get_static  stack.o
    0x08007178   0x00000044   Code   RO          915    i.stack_heap_id_in_use  stack.o
    0x080071bc   0x0000003c   Code   RO          916    i.stack_init        stack.o
    0x080071f8   0x0000001c   Code   RO          917    i.stack_is_empty    stack.o
    0x08007214   0x00000014   Code   RO          918    i.stack_peek        stack.o
    0x08007228   0x0000001c   Code   RO          919    i.stack_peek_addr   stack.o
    0x08007244   0x0000001c   Code   RO          920    i.stack_peek_double  stack.o
    0x08007260   0x0000001c   Code   RO          921    i.stack_peek_float  stack.o
    0x0800727c   0x0000001c   Code   RO          922    i.stack_peek_int    stack.o
    0x08007298   0x0000001c   Code   RO          923    i.stack_peek_long   stack.o
    0x080072b4   0x0000001c   Code   RO          924    i.stack_pop         stack.o
    0x080072d0   0x00000024   Code   RO          925    i.stack_pop_addr    stack.o
    0x080072f4   0x00000024   Code   RO          927    i.stack_pop_float   stack.o
    0x08007318   0x00000024   Code   RO          928    i.stack_pop_int     stack.o
    0x0800733c   0x00000038   Code   RO          929    i.stack_pop_long    stack.o
    0x08007374   0x00000018   Code   RO          930    i.stack_push        stack.o
    0x0800738c   0x0000003c   Code   RO          931    i.stack_push64      stack.o
    0x080073c8   0x00000014   Code   RO          932    i.stack_save_base   stack.o
    0x080073dc   0x00000010   Code   RO          933    i.stack_set_static  stack.o
    0x080073ec   0x00000004   Code   RO         1053    i.uart_available    uart.o
    0x080073f0   0x0000004c   Code   RO         1054    i.uart_init         uart.o
    0x0800743c   0x00000020   Code   RO         1055    i.uart_putc         uart.o
    0x0800745c   0x00000004   Code   RO         1056    i.uart_read_byte    uart.o
    0x08007460   0x0000001c   Code   RO         1182    i.utils_memcpy      utils.o
    0x0800747c   0x00000014   Code   RO         1183    i.utils_strlen      utils.o
    0x08007490   0x0000002e   Code   RO         1119    i.vm_get_addr       vm.o
    0x080074be   0x00000018   Code   RO         1120    i.vm_init           vm.o
    0x080074d6   0x0000003c   Code   RO         1121    i.vm_new            vm.o
    0x08007512   0x00000002   PAD
    0x08007514   0x00001170   Code   RO         1122    i.vm_run            vm.o
    0x08008684   0x0000004c   Code   RO         2949    i.wheelencoder_init  wheelencoder.o
    0x080086d0   0x00000030   Data   RO         1059    .constdata          uart.o
    0x08008700   0x00000025   Data   RO         1259    .constdata          stm32f4_discovery.o
    0x08008725   0x00000003   PAD
    0x08008728   0x00000050   Data   RO         3221    .constdata          m_wm.l(acos.o)
    0x08008778   0x00000050   Data   RO         3235    .constdata          m_wm.l(asin.o)
    0x080087c8   0x00000098   Data   RO         3249    .constdata          m_wm.l(atan.o)
    0x08008860   0x00000058   Data   RO         3293    .constdata          m_wm.l(exp.o)
    0x080088b8   0x00000038   Data   RO         3319    .constdata          m_wm.l(log.o)
    0x080088f0   0x00000088   Data   RO         3333    .constdata          m_wm.l(pow.o)
    0x08008978   0x00000030   Data   RO         3413    .constdata          m_wm.l(cos_i.o)
    0x080089a8   0x00000008   Data   RO         3421    .constdata          m_wm.l(qnan.o)
    0x080089b0   0x000000c8   Data   RO         3424    .constdata          m_wm.l(rred.o)
    0x08008a78   0x00000028   Data   RO         3428    .constdata          m_wm.l(sin_i.o)
    0x08008aa0   0x00000060   Data   RO         3434    .constdata          m_wm.l(tan_i.o)
    0x08008b00   0x00000020   Data   RO         3474    Region$$Table       anon$$obj.o


    Execution Region RW_IRAM1 (Base: 0x20000000, Size: 0x000045d0, Max: 0x00020000, ABSOLUTE, COMPRESSED[0x00000138])

    Base Addr    Size         Type   Attr      Idx    E Section Name        Object

    0x20000000   0x00000014   Data   RW           14    .data               system_stm32f4xx.o
    0x20000014   0x00000002   Data   RW          449    .data               heap.o
    0x20000016   0x00002002   Data   RW          752    .data               nvmfile.o
    0x20002018   0x00000025   Data   RW         1060    .data               uart.o
    0x2000203d   0x00000003   PAD
    0x20002040   0x00000018   Data   RW         1260    .data               stm32f4_discovery.o
    0x20002058   0x00000010   Data   RW         1347    .data               stm32f4xx_rcc.o
    0x20002068   0x0000001c   Data   RW         2111    .data               adc.o
    0x20002084   0x00000008   Data   RW         2277    .data               ir_rc5.o
    0x2000208c   0x00000001   Data   RW         2311    .data               mouse.o
    0x2000208d   0x00000001   PAD
    0x2000208e   0x00000004   Data   RW         2555    .data               native_ldrsensor.o
    0x20002092   0x00000002   PAD
    0x20002094   0x00000004   Data   RW         2577    .data               native_leds.o
    0x20002098   0x00000010   Data   RW         2617    .data               native_linedetector.o
    0x200020a8   0x00000018   Data   RW         2749    .data               pid.o
    0x200020c0   0x00000030   Data   RW         2798    .data               pwm.o
    0x200020f0   0x00000002   Data   RW         2917    .data               shift.o
    0x200020f2   0x0000000a   Data   RW         2951    .data               wheelencoder.o
    0x200020fc   0x00000004   Data   RW         2978    .data               native_distancesensor.o
    0x20002100   0x00000004   Data   RW         2999    .data               native_edgedetector.o
    0x20002104   0x00000409   Data   RW         3060    .data               scheduler.o
    0x2000250d   0x00000001   Data   RW         3144    .data               task.o
    0x2000250e   0x00000002   PAD
    0x20002510   0x00000004   Data   RW         3394    .data               mc_w.l(rand.o)
    0x20002514   0x00000004   Data   RW         3449    .data               mc_w.l(errno.o)
    0x20002518   0x00000800   Zero   RW          448    .bss                heap.o
    0x20002d18   0x00000010   Zero   RW         1058    .bss                uart.o
    0x20002d28   0x00000060   Zero   RW         2797    .bss                pwm.o
    0x20002d88   0x00000168   Zero   RW         3021    .bss                mutex.o
    0x20002ef0   0x00000120   Zero   RW         3059    .bss                scheduler.o
    0x20003010   0x000011c0   Zero   RW         3143    .bss                task.o
    0x200041d0   0x00000400   Zero   RW            1    STACK               startup_stm32f4xx.o


==============================================================================

Image component sizes


      Code (inc. data)   RO Data    RW Data    ZI Data      Debug   Object Name

       612         52          0         28          0       7718   adc.o
       270          0          0          0          0       7152   array.o
       164          6          0          0          0        612   context.o
        56         10          0          0          0       1046   delay.o
        84          0          0          0          0       2206   display.o
        46          0          0          0          0        512   error.o
       846         70          0          2       2048       9694   heap.o
        18          4          0          8          0       2070   ir_rc5.o
         0          0          0          0          0      12960   misc.o
       148         12          0          1          0       4086   mouse.o
       204         12          0          0        360       2806   mutex.o
       116         20          0          0          0       7334   nanovm.o
       162          6          0          0          0       1346   native_bot.o
       168         18          0          0          0       1955   native_clock.o
       114          0          0          0          0        898   native_display.o
       150         14          0          4          0       1658   native_distancesensor.o
       150         14          0          4          0       1664   native_edgedetector.o
        20          0          0          0          0        570   native_exception.o
      1688         38          0          0          0       6819   native_formatter.o
       680         14          0          0          0      21135   native_impl.o
        32          0          0          0          0       1248   native_irreceiver.o
        82         10          0          4          0       1588   native_ldrsensor.o
        60          6          0          4          0        647   native_leds.o
        94          4          0          0          0       1324   native_lightbarrier.o
       190         20          0         16          0       1730   native_linedetector.o
      1468         14          0          0          0       1489   native_math.o
       216         18          0          0          0       1618   native_motor.o
       130          0          0          0          0       1434   native_mouse.o
        64          0          0          0          0       1318   native_servo.o
        94          4          0          0          0       1326   native_shuttersensor.o
      1102         16          0          0          0       6023   native_stdio.o
       212         26          0          0          0       1340   native_thread.o
       184         20          0          0          0       1508   native_wheelencoder.o
       648         66          0       8194          0      10979   nvmfile.o
       212          0          0          0          0       3082   nvmstring.o
        28         12          0         24          0       2012   pid.o
       760         98          0         48         96       7517   pwm.o
       640         78          0       1033        288       7910   scheduler.o
        26          0          0          2          0       1982   shift.o
       684        116          0          0          0      11440   stack.o
        36          8        392          0       1024        964   startup_stm32f4xx.o
        24          8         37         24          0       1790   stm32f4_discovery.o
       232          0          0          0          0      10495   stm32f4xx_gpio.o
        82          8          0          0          0     227092   stm32f4xx_it.o
       320         36          0         16          0      17883   stm32f4xx_rcc.o
       270          8          0          0          0       9816   stm32f4xx_usart.o
       320         34          0         20          0     260209   system_stm32f4xx.o
       224         20          0          1       4544       5204   task.o
       356         62         48         37         16       9257   uart.o
        48          0          0          0          0       1470   utils.o
      4848         42          0          0          0      10479   vm.o
        76         34          0         10          0       1464   wheelencoder.o

    ----------------------------------------------------------------------
     19492       1058        512       9488       8376     717879   Object Totals
         0          0         32          0          0          0   (incl. Generated)
        34          0          3          8          0          0   (incl. Padding)

    ----------------------------------------------------------------------

      Code (inc. data)   RO Data    RW Data    ZI Data      Debug   Library Member Name

       848        110         80          0          0        196   acos.o
       880        106         80          0          0        200   asin.o
       760        108        152          0          0        344   atan.o
       488         66          0          0          0        160   atan2.o
       280         28          0          0          0        156   ceil.o
       216         16          0          0          0        156   cos.o
       368         46         48          0          0        204   cos_i.o
        32          8          0          0          0        124   dunder.o
       872        146         88          0          0        224   exp.o
        52          0          0          0          0        248   fabs.o
       280         28          0          0          0        156   floor.o
        48          0          0          0          0        124   fpclassify.o
       996        108         56          0          0        232   log.o
       248          0          0          0          0        152   poly.o
      3240        310        136          0          0        220   pow.o
         0          0          8          0          0          0   qnan.o
      1104        142        200          0          0        188   rred.o
       216         16          0          0          0        156   sin.o
       304         24         40          0          0        208   sin_i.o
       228          0          0          0          0        296   sqrt.o
       160         18          0          0          0        156   tan.o
       856         84         96          0          0        196   tan_i.o
        92          0          0          0          0          0   __dczerorl2.o
         0          0          0          0          0          0   entry.o
         8          4          0          0          0          0   entry2.o
         4          0          0          0          0          0   entry5.o
         0          0          0          0          0          0   entry7b.o
         8          4          0          0          0          0   entry8.o
        12          6          0          4          0         68   errno.o
        30          0          0          0          0          0   handlers.o
        36          8          0          0          0         68   init.o
         0          0          0          0          0          0   iusefp.o
        90          0          0          0          0         84   ldiv.o
        30          0          0          0          0         68   llshl.o
        36          0          0          0          0         68   llsshr.o
        32          0          0          0          0         68   llushr.o
        36          0          0          0          0         68   memcpya.o
        36         10          0          4          0        136   rand.o
        98          0          0          0          0         92   uldiv.o
        40          2          0          0          0         68   cdcmple.o
        40          2          0          0          0         68   cdrcmple.o
        56          0          0          0          0         88   d2f.o
       332          0          0          0          0        148   dadd.o
       222          0          0          0          0        100   ddiv.o
       190          0          0          0          0        176   depilogue.o
        62          0          0          0          0         80   dfixi.o
        34          0          0          0          0         76   dflti.o
        26          0          0          0          0         76   dfltui.o
       224          0          0          0          0         96   dmul.o
        46          0          0          0          0         80   dscalb.o
       162          0          0          0          0        100   dsqrt.o
        44          0          0          0          0         68   f2d.o
       108          0          0          0          0        168   fepilogue.o

    ----------------------------------------------------------------------
     14628       1404        984          8          0       6208   Library Totals
        18          4          0          0          0          0   (incl. Padding)

    ----------------------------------------------------------------------

      Code (inc. data)   RO Data    RW Data    ZI Data      Debug   Library Name

     12476       1364        984          0          0       4096   m_wm.l
       548         32          0          8          0        720   mc_w.l
      1586          4          0          0          0       1392   mf_w.l

    ----------------------------------------------------------------------
     14628       1404        984          8          0       6208   Library Totals

    ----------------------------------------------------------------------

==============================================================================


      Code (inc. data)   RO Data    RW Data    ZI Data      Debug   

     34120       2462       1496       9496       8376     699795   Grand Totals
     34120       2462       1496        312       8376     699795   ELF Image Totals (compressed)
     34120       2462       1496        312          0          0   ROM Totals

==============================================================================

    Total RO  Size (Code + RO Data)                35616 (  34.78kB)
    Total RW  Size (RW Data + ZI Data)             17872 (  17.45kB)
    Total ROM Size (Code + RO Data + RW Data)      35928 (  35.09kB)

==============================================================================

